Archive member included to satisfy reference by file (symbol)

c:/st/stm32cubeide_1.9.0/stm32cubeide/plugins/com.st.stm32cube.ide.mcu.externaltools.gnu-tools-for-stm32.10.3-2021.10.win32_1.0.0.202111181127/tools/bin/../lib/gcc/arm-none-eabi/10.3.1/../../../../arm-none-eabi/lib/thumb/v7-m/nofp\libc_nano.a(lib_a-errno.o)
                              ./Core/Src/syscalls.o (__errno)
c:/st/stm32cubeide_1.9.0/stm32cubeide/plugins/com.st.stm32cube.ide.mcu.externaltools.gnu-tools-for-stm32.10.3-2021.10.win32_1.0.0.202111181127/tools/bin/../lib/gcc/arm-none-eabi/10.3.1/../../../../arm-none-eabi/lib/thumb/v7-m/nofp\libc_nano.a(lib_a-exit.o)
                              c:/st/stm32cubeide_1.9.0/stm32cubeide/plugins/com.st.stm32cube.ide.mcu.externaltools.gnu-tools-for-stm32.10.3-2021.10.win32_1.0.0.202111181127/tools/bin/../lib/gcc/arm-none-eabi/10.3.1/../../../../arm-none-eabi/lib/thumb/v7-m/nofp/crt0.o (exit)
c:/st/stm32cubeide_1.9.0/stm32cubeide/plugins/com.st.stm32cube.ide.mcu.externaltools.gnu-tools-for-stm32.10.3-2021.10.win32_1.0.0.202111181127/tools/bin/../lib/gcc/arm-none-eabi/10.3.1/../../../../arm-none-eabi/lib/thumb/v7-m/nofp\libc_nano.a(lib_a-impure.o)
                              c:/st/stm32cubeide_1.9.0/stm32cubeide/plugins/com.st.stm32cube.ide.mcu.externaltools.gnu-tools-for-stm32.10.3-2021.10.win32_1.0.0.202111181127/tools/bin/../lib/gcc/arm-none-eabi/10.3.1/../../../../arm-none-eabi/lib/thumb/v7-m/nofp\libc_nano.a(lib_a-exit.o) (_global_impure_ptr)
c:/st/stm32cubeide_1.9.0/stm32cubeide/plugins/com.st.stm32cube.ide.mcu.externaltools.gnu-tools-for-stm32.10.3-2021.10.win32_1.0.0.202111181127/tools/bin/../lib/gcc/arm-none-eabi/10.3.1/../../../../arm-none-eabi/lib/thumb/v7-m/nofp\libc_nano.a(lib_a-init.o)
                              c:/st/stm32cubeide_1.9.0/stm32cubeide/plugins/com.st.stm32cube.ide.mcu.externaltools.gnu-tools-for-stm32.10.3-2021.10.win32_1.0.0.202111181127/tools/bin/../lib/gcc/arm-none-eabi/10.3.1/../../../../arm-none-eabi/lib/thumb/v7-m/nofp/crt0.o (__libc_init_array)
c:/st/stm32cubeide_1.9.0/stm32cubeide/plugins/com.st.stm32cube.ide.mcu.externaltools.gnu-tools-for-stm32.10.3-2021.10.win32_1.0.0.202111181127/tools/bin/../lib/gcc/arm-none-eabi/10.3.1/../../../../arm-none-eabi/lib/thumb/v7-m/nofp\libc_nano.a(lib_a-memset.o)
                              c:/st/stm32cubeide_1.9.0/stm32cubeide/plugins/com.st.stm32cube.ide.mcu.externaltools.gnu-tools-for-stm32.10.3-2021.10.win32_1.0.0.202111181127/tools/bin/../lib/gcc/arm-none-eabi/10.3.1/../../../../arm-none-eabi/lib/thumb/v7-m/nofp/crt0.o (memset)
c:/st/stm32cubeide_1.9.0/stm32cubeide/plugins/com.st.stm32cube.ide.mcu.externaltools.gnu-tools-for-stm32.10.3-2021.10.win32_1.0.0.202111181127/tools/bin/../lib/gcc/arm-none-eabi/10.3.1/thumb/v7-m/nofp\libgcc.a(_aeabi_uldivmod.o)
                              ./Drivers/STM32L1xx_HAL_Driver/Src/stm32l1xx_hal_rcc.o (__aeabi_uldivmod)
c:/st/stm32cubeide_1.9.0/stm32cubeide/plugins/com.st.stm32cube.ide.mcu.externaltools.gnu-tools-for-stm32.10.3-2021.10.win32_1.0.0.202111181127/tools/bin/../lib/gcc/arm-none-eabi/10.3.1/thumb/v7-m/nofp\libgcc.a(_udivmoddi4.o)
                              c:/st/stm32cubeide_1.9.0/stm32cubeide/plugins/com.st.stm32cube.ide.mcu.externaltools.gnu-tools-for-stm32.10.3-2021.10.win32_1.0.0.202111181127/tools/bin/../lib/gcc/arm-none-eabi/10.3.1/thumb/v7-m/nofp\libgcc.a(_aeabi_uldivmod.o) (__udivmoddi4)
c:/st/stm32cubeide_1.9.0/stm32cubeide/plugins/com.st.stm32cube.ide.mcu.externaltools.gnu-tools-for-stm32.10.3-2021.10.win32_1.0.0.202111181127/tools/bin/../lib/gcc/arm-none-eabi/10.3.1/thumb/v7-m/nofp\libgcc.a(_dvmd_tls.o)
                              c:/st/stm32cubeide_1.9.0/stm32cubeide/plugins/com.st.stm32cube.ide.mcu.externaltools.gnu-tools-for-stm32.10.3-2021.10.win32_1.0.0.202111181127/tools/bin/../lib/gcc/arm-none-eabi/10.3.1/thumb/v7-m/nofp\libgcc.a(_aeabi_uldivmod.o) (__aeabi_ldiv0)

Discarded input sections

 .text          0x0000000000000000        0x0 c:/st/stm32cubeide_1.9.0/stm32cubeide/plugins/com.st.stm32cube.ide.mcu.externaltools.gnu-tools-for-stm32.10.3-2021.10.win32_1.0.0.202111181127/tools/bin/../lib/gcc/arm-none-eabi/10.3.1/thumb/v7-m/nofp/crti.o
 .data          0x0000000000000000        0x0 c:/st/stm32cubeide_1.9.0/stm32cubeide/plugins/com.st.stm32cube.ide.mcu.externaltools.gnu-tools-for-stm32.10.3-2021.10.win32_1.0.0.202111181127/tools/bin/../lib/gcc/arm-none-eabi/10.3.1/thumb/v7-m/nofp/crti.o
 .bss           0x0000000000000000        0x0 c:/st/stm32cubeide_1.9.0/stm32cubeide/plugins/com.st.stm32cube.ide.mcu.externaltools.gnu-tools-for-stm32.10.3-2021.10.win32_1.0.0.202111181127/tools/bin/../lib/gcc/arm-none-eabi/10.3.1/thumb/v7-m/nofp/crti.o
 .data          0x0000000000000000        0x4 c:/st/stm32cubeide_1.9.0/stm32cubeide/plugins/com.st.stm32cube.ide.mcu.externaltools.gnu-tools-for-stm32.10.3-2021.10.win32_1.0.0.202111181127/tools/bin/../lib/gcc/arm-none-eabi/10.3.1/thumb/v7-m/nofp/crtbegin.o
[...]
Memory Configuration

Name             Origin             Length             Attributes
RAM              0x0000000020000000 0x0000000000004000 xrw
FLASH            0x0000000008000000 0x0000000000020000 xr
*default*        0x0000000000000000 0xffffffffffffffff

Linker script and memory map

LOAD c:/st/stm32cubeide_1.9.0/stm32cubeide/plugins/com.st.stm32cube.ide.mcu.externaltools.gnu-tools-for-stm32.10.3-2021.10.win32_1.0.0.202111181127/tools/bin/../lib/gcc/arm-none-eabi/10.3.1/thumb/v7-m/nofp/crti.o
LOAD c:/st/stm32cubeide_1.9.0/stm32cubeide/plugins/com.st.stm32cube.ide.mcu.externaltools.gnu-tools-for-stm32.10.3-2021.10.win32_1.0.0.202111181127/tools/bin/../lib/gcc/arm-none-eabi/10.3.1/thumb/v7-m/nofp/crtbegin.o
LOAD c:/st/stm32cubeide_1.9.0/stm32cubeide/plugins/com.st.stm32cube.ide.mcu.externaltools.gnu-tools-for-stm32.10.3-2021.10.win32_1.0.0.202111181127/tools/bin/../lib/gcc/arm-none-eabi/10.3.1/../../../../arm-none-eabi/lib/thumb/v7-m/nofp/crt0.o
LOAD ./Core/Src/gpio.o
LOAD ./Core/Src/i2c.o
LOAD ./Core/Src/main.o
LOAD ./Core/Src/stm32l1xx_hal_msp.o
LOAD ./Core/Src/stm32l1xx_it.o
LOAD ./Core/Src/syscalls.o
LOAD ./Core/Src/sysmem.o
LOAD ./Core/Src/system_stm32l1xx.o
LOAD ./Core/Startup/startup_stm32l151cbtx.o
LOAD ./Drivers/STM32L1xx_HAL_Driver/Src/stm32l1xx_hal.o
LOAD ./Drivers/STM32L1xx_HAL_Driver/Src/stm32l1xx_hal_cortex.o
LOAD ./Drivers/STM32L1xx_HAL_Driver/Src/stm32l1xx_hal_dma.o
LOAD ./Drivers/STM32L1xx_HAL_Driver/Src/stm32l1xx_hal_exti.o
LOAD ./Drivers/STM32L1xx_HAL_Driver/Src/stm32l1xx_hal_flash.o
LOAD ./Drivers/STM32L1xx_HAL_Driver/Src/stm32l1xx_hal_flash_ex.o
LOAD ./Drivers/STM32L1xx_HAL_Driver/Src/stm32l1xx_hal_flash_ramfunc.o
LOAD ./Drivers/STM32L1xx_HAL_Driver/Src/stm32l1xx_hal_gpio.o
LOAD ./Drivers/STM32L1xx_HAL_Driver/Src/stm32l1xx_hal_i2c.o
LOAD ./Drivers/STM32L1xx_HAL_Driver/Src/stm32l1xx_hal_pcd.o
LOAD ./Drivers/STM32L1xx_HAL_Driver/Src/stm32l1xx_hal_pcd_ex.o
LOAD ./Drivers/STM32L1xx_HAL_Driver/Src/stm32l1xx_hal_pwr.o
LOAD ./Drivers/STM32L1xx_HAL_Driver/Src/stm32l1xx_hal_pwr_ex.o
LOAD ./Drivers/STM32L1xx_HAL_Driver/Src/stm32l1xx_hal_rcc.o
LOAD ./Drivers/STM32L1xx_HAL_Driver/Src/stm32l1xx_hal_rcc_ex.o
LOAD ./Drivers/STM32L1xx_HAL_Driver/Src/stm32l1xx_hal_tim.o
LOAD ./Drivers/STM32L1xx_HAL_Driver/Src/stm32l1xx_hal_tim_ex.o
LOAD ./Drivers/STM32L1xx_HAL_Driver/Src/stm32l1xx_ll_usb.o
LOAD ./Middlewares/ST/STM32_USB_Device_Library/Class/CDC/Src/usbd_cdc.o
LOAD ./Middlewares/ST/STM32_USB_Device_Library/Core/Src/usbd_core.o
LOAD ./Middlewares/ST/STM32_USB_Device_Library/Core/Src/usbd_ctlreq.o
LOAD ./Middlewares/ST/STM32_USB_Device_Library/Core/Src/usbd_ioreq.o
LOAD ./USB_DEVICE/App/usb_device.o
LOAD ./USB_DEVICE/App/usbd_cdc_if.o
LOAD ./USB_DEVICE/App/usbd_desc.o
LOAD ./USB_DEVICE/Target/usbd_conf.o
LOAD ./User/Src/crclib.o
LOAD ./User/Src/handlers.o
LOAD ./User/Src/kernel.o
LOAD ./User/Src/usb_snd.o
START GROUP
LOAD c:/st/stm32cubeide_1.9.0/stm32cubeide/plugins/com.st.stm32cube.ide.mcu.externaltools.gnu-tools-for-stm32.10.3-2021.10.win32_1.0.0.202111181127/tools/bin/../lib/gcc/arm-none-eabi/10.3.1/../../../../arm-none-eabi/lib/thumb/v7-m/nofp\libc_nano.a
LOAD c:/st/stm32cubeide_1.9.0/stm32cubeide/plugins/com.st.stm32cube.ide.mcu.externaltools.gnu-tools-for-stm32.10.3-2021.10.win32_1.0.0.202111181127/tools/bin/../lib/gcc/arm-none-eabi/10.3.1/../../../../arm-none-eabi/lib/thumb/v7-m/nofp\libm.a
END GROUP
START GROUP
LOAD c:/st/stm32cubeide_1.9.0/stm32cubeide/plugins/com.st.stm32cube.ide.mcu.externaltools.gnu-tools-for-stm32.10.3-2021.10.win32_1.0.0.202111181127/tools/bin/../lib/gcc/arm-none-eabi/10.3.1/thumb/v7-m/nofp\libgcc.a
LOAD c:/st/stm32cubeide_1.9.0/stm32cubeide/plugins/com.st.stm32cube.ide.mcu.externaltools.gnu-tools-for-stm32.10.3-2021.10.win32_1.0.0.202111181127/tools/bin/../lib/gcc/arm-none-eabi/10.3.1/../../../../arm-none-eabi/lib/thumb/v7-m/nofp\libc_nano.a
END GROUP
START GROUP
LOAD c:/st/stm32cubeide_1.9.0/stm32cubeide/plugins/com.st.stm32cube.ide.mcu.externaltools.gnu-tools-for-stm32.10.3-2021.10.win32_1.0.0.202111181127/tools/bin/../lib/gcc/arm-none-eabi/10.3.1/thumb/v7-m/nofp\libgcc.a
LOAD c:/st/stm32cubeide_1.9.0/stm32cubeide/plugins/com.st.stm32cube.ide.mcu.externaltools.gnu-tools-for-stm32.10.3-2021.10.win32_1.0.0.202111181127/tools/bin/../lib/gcc/arm-none-eabi/10.3.1/../../../../arm-none-eabi/lib/thumb/v7-m/nofp\libc_nano.a
LOAD c:/st/stm32cubeide_1.9.0/stm32cubeide/plugins/com.st.stm32cube.ide.mcu.externaltools.gnu-tools-for-stm32.10.3-2021.10.win32_1.0.0.202111181127/tools/bin/../lib/gcc/arm-none-eabi/10.3.1/../../../../arm-none-eabi/lib/thumb/v7-m/nofp\libnosys.a
END GROUP
START GROUP
LOAD c:/st/stm32cubeide_1.9.0/stm32cubeide/plugins/com.st.stm32cube.ide.mcu.externaltools.gnu-tools-for-stm32.10.3-2021.10.win32_1.0.0.202111181127/tools/bin/../lib/gcc/arm-none-eabi/10.3.1/thumb/v7-m/nofp\libgcc.a
LOAD c:/st/stm32cubeide_1.9.0/stm32cubeide/plugins/com.st.stm32cube.ide.mcu.externaltools.gnu-tools-for-stm32.10.3-2021.10.win32_1.0.0.202111181127/tools/bin/../lib/gcc/arm-none-eabi/10.3.1/../../../../arm-none-eabi/lib/thumb/v7-m/nofp\libc_nano.a
LOAD c:/st/stm32cubeide_1.9.0/stm32cubeide/plugins/com.st.stm32cube.ide.mcu.externaltools.gnu-tools-for-stm32.10.3-2021.10.win32_1.0.0.202111181127/tools/bin/../lib/gcc/arm-none-eabi/10.3.1/../../../../arm-none-eabi/lib/thumb/v7-m/nofp\libnosys.a
END GROUP
LOAD c:/st/stm32cubeide_1.9.0/stm32cubeide/plugins/com.st.stm32cube.ide.mcu.externaltools.gnu-tools-for-stm32.10.3-2021.10.win32_1.0.0.202111181127/tools/bin/../lib/gcc/arm-none-eabi/10.3.1/thumb/v7-m/nofp/crtend.o
LOAD c:/st/stm32cubeide_1.9.0/stm32cubeide/plugins/com.st.stm32cube.ide.mcu.externaltools.gnu-tools-for-stm32.10.3-2021.10.win32_1.0.0.202111181127/tools/bin/../lib/gcc/arm-none-eabi/10.3.1/thumb/v7-m/nofp/crtn.o
                0x0000000020004000                _estack = (ORIGIN (RAM) + LENGTH (RAM))
                0x0000000000000200                _Min_Heap_Size = 0x200
                0x0000000000000400                _Min_Stack_Size = 0x400

.isr_vector     0x0000000008000000      0x13c
                0x0000000008000000                . = ALIGN (0x4)
 *(.isr_vector)
 .isr_vector    0x0000000008000000      0x13c ./Core/Startup/startup_stm32l151cbtx.o
                0x0000000008000000                g_pfnVectors
                0x000000000800013c                . = ALIGN (0x4)

.text           0x000000000800013c     0x9178
                0x000000000800013c                . = ALIGN (0x4)
 *(.text)
 .text          0x000000000800013c       0x40 c:/st/stm32cubeide_1.9.0/stm32cubeide/plugins/com.st.stm32cube.ide.mcu.externaltools.gnu-tools-for-stm32.10.3-2021.10.win32_1.0.0.202111181127/tools/bin/../lib/gcc/arm-none-eabi/10.3.1/thumb/v7-m/nofp/crtbegin.o
 .text          0x000000000800017c       0x30 c:/st/stm32cubeide_1.9.0/stm32cubeide/plugins/com.st.stm32cube.ide.mcu.externaltools.gnu-tools-for-stm32.10.3-2021.10.win32_1.0.0.202111181127/tools/bin/../lib/gcc/arm-none-eabi/10.3.1/thumb/v7-m/nofp\libgcc.a(_aeabi_uldivmod.o)
                0x000000000800017c                __aeabi_uldivmod
 .text          0x00000000080001ac      0x2d4 c:/st/stm32cubeide_1.9.0/stm32cubeide/plugins/com.st.stm32cube.ide.mcu.externaltools.gnu-tools-for-stm32.10.3-2021.10.win32_1.0.0.202111181127/tools/bin/../lib/gcc/arm-none-eabi/10.3.1/thumb/v7-m/nofp\libgcc.a(_udivmoddi4.o)
                0x00000000080001ac                __udivmoddi4
 .text          0x0000000008000480        0x4 c:/st/stm32cubeide_1.9.0/stm32cubeide/plugins/com.st.stm32cube.ide.mcu.externaltools.gnu-tools-for-stm32.10.3-2021.10.win32_1.0.0.202111181127/tools/bin/../lib/gcc/arm-none-eabi/10.3.1/thumb/v7-m/nofp\libgcc.a(_dvmd_tls.o)
                0x0000000008000480                __aeabi_idiv0
                0x0000000008000480                __aeabi_ldiv0
 *(.text*)
 .text.MX_GPIO_Init
                0x0000000008000484       0x98 ./Core/Src/gpio.o
                0x0000000008000484                MX_GPIO_Init
 .text.MX_I2C1_Init
                0x000000000800051c       0x5c ./Core/Src/i2c.o
                0x000000000800051c                MX_I2C1_Init
 .text.HAL_I2C_MspInit
                0x0000000008000578       0x88 ./Core/Src/i2c.o
                0x0000000008000578                HAL_I2C_MspInit
 .text.main     0x0000000008000600       0x1e ./Core/Src/main.o
                0x0000000008000600                main
 *fill*         0x000000000800061e        0x2 
 .text.SystemClock_Config
                0x0000000008000620       0x9c ./Core/Src/main.o
                0x0000000008000620                SystemClock_Config
 .text.Error_Handler
                0x00000000080006bc        0xa ./Core/Src/main.o
                0x00000000080006bc                Error_Handler
 *fill*         0x00000000080006c6        0x2 
 .text.HAL_MspInit
                0x00000000080006c8       0x5c ./Core/Src/stm32l1xx_hal_msp.o
                0x00000000080006c8                HAL_MspInit
 .text.NMI_Handler
                0x0000000008000724        0x6 ./Core/Src/stm32l1xx_it.o
                0x0000000008000724                NMI_Handler
 .text.HardFault_Handler
                0x000000000800072a        0x6 ./Core/Src/stm32l1xx_it.o
                0x000000000800072a                HardFault_Handler
 .text.MemManage_Handler
                0x0000000008000730        0x6 ./Core/Src/stm32l1xx_it.o
                0x0000000008000730                MemManage_Handler
 .text.BusFault_Handler
                0x0000000008000736        0x6 ./Core/Src/stm32l1xx_it.o
                0x0000000008000736                BusFault_Handler
 .text.UsageFault_Handler
                0x000000000800073c        0x6 ./Core/Src/stm32l1xx_it.o
                0x000000000800073c                UsageFault_Handler
 .text.SVC_Handler
                0x0000000008000742        0xc ./Core/Src/stm32l1xx_it.o
                0x0000000008000742                SVC_Handler
 .text.DebugMon_Handler
                0x000000000800074e        0xc ./Core/Src/stm32l1xx_it.o
                0x000000000800074e                DebugMon_Handler
 .text.PendSV_Handler
                0x000000000800075a        0xc ./Core/Src/stm32l1xx_it.o
                0x000000000800075a                PendSV_Handler
 .text.SysTick_Handler
                0x0000000008000766        0xc ./Core/Src/stm32l1xx_it.o
                0x0000000008000766                SysTick_Handler
 *fill*         0x0000000008000772        0x2 
 .text.USB_LP_IRQHandler
                0x0000000008000774       0x14 ./Core/Src/stm32l1xx_it.o
                0x0000000008000774                USB_LP_IRQHandler
 .text.SystemInit
                0x0000000008000788        0xc ./Core/Src/system_stm32l1xx.o
                0x0000000008000788                SystemInit
 .text.Reset_Handler
                0x0000000008000794       0x48 ./Core/Startup/startup_stm32l151cbtx.o
                0x0000000008000794                Reset_Handler
 .text.Default_Handler
                0x00000000080007dc        0x2 ./Core/Startup/startup_stm32l151cbtx.o
                0x00000000080007dc                RTC_Alarm_IRQHandler
                0x00000000080007dc                EXTI2_IRQHandler
                0x00000000080007dc                TIM10_IRQHandler
                0x00000000080007dc                USB_HP_IRQHandler
                0x00000000080007dc                TIM6_IRQHandler
                0x00000000080007dc                PVD_IRQHandler
                0x00000000080007dc                EXTI3_IRQHandler
                0x00000000080007dc                EXTI0_IRQHandler
                0x00000000080007dc                I2C2_EV_IRQHandler
                0x00000000080007dc                SPI1_IRQHandler
                0x00000000080007dc                USB_FS_WKUP_IRQHandler
                0x00000000080007dc                DMA1_Channel4_IRQHandler
                0x00000000080007dc                ADC1_IRQHandler
                0x00000000080007dc                USART3_IRQHandler
                0x00000000080007dc                DMA1_Channel7_IRQHandler
                0x00000000080007dc                TIM4_IRQHandler
                0x00000000080007dc                I2C1_EV_IRQHandler
                0x00000000080007dc                DMA1_Channel6_IRQHandler
                0x00000000080007dc                TIM3_IRQHandler
                0x00000000080007dc                RCC_IRQHandler
                0x00000000080007dc                DMA1_Channel1_IRQHandler
                0x00000000080007dc                Default_Handler
                0x00000000080007dc                EXTI15_10_IRQHandler
                0x00000000080007dc                TIM7_IRQHandler
                0x00000000080007dc                EXTI9_5_IRQHandler
                0x00000000080007dc                TIM9_IRQHandler
                0x00000000080007dc                TAMPER_STAMP_IRQHandler
                0x00000000080007dc                RTC_WKUP_IRQHandler
                0x00000000080007dc                SPI2_IRQHandler
                0x00000000080007dc                DMA1_Channel5_IRQHandler
                0x00000000080007dc                EXTI4_IRQHandler
                0x00000000080007dc                DMA1_Channel3_IRQHandler
                0x00000000080007dc                COMP_IRQHandler
                0x00000000080007dc                WWDG_IRQHandler
                0x00000000080007dc                TIM2_IRQHandler
                0x00000000080007dc                DAC_IRQHandler
                0x00000000080007dc                EXTI1_IRQHandler
                0x00000000080007dc                TIM11_IRQHandler
                0x00000000080007dc                USART2_IRQHandler
                0x00000000080007dc                I2C2_ER_IRQHandler
                0x00000000080007dc                DMA1_Channel2_IRQHandler
                0x00000000080007dc                FLASH_IRQHandler
                0x00000000080007dc                USART1_IRQHandler
                0x00000000080007dc                I2C1_ER_IRQHandler
 .text.HAL_Init
                0x00000000080007de       0x30 ./Drivers/STM32L1xx_HAL_Driver/Src/stm32l1xx_hal.o
                0x00000000080007de                HAL_Init
 *fill*         0x000000000800080e        0x2 
 .text.HAL_InitTick
                0x0000000008000810       0x74 ./Drivers/STM32L1xx_HAL_Driver/Src/stm32l1xx_hal.o
                0x0000000008000810                HAL_InitTick
 .text.HAL_IncTick
                0x0000000008000884       0x24 ./Drivers/STM32L1xx_HAL_Driver/Src/stm32l1xx_hal.o
                0x0000000008000884                HAL_IncTick
 .text.HAL_GetTick
                0x00000000080008a8       0x14 ./Drivers/STM32L1xx_HAL_Driver/Src/stm32l1xx_hal.o
                0x00000000080008a8                HAL_GetTick
 .text.HAL_Delay
                0x00000000080008bc       0x44 ./Drivers/STM32L1xx_HAL_Driver/Src/stm32l1xx_hal.o
                0x00000000080008bc                HAL_Delay
 .text.__NVIC_SetPriorityGrouping
                0x0000000008000900       0x48 ./Drivers/STM32L1xx_HAL_Driver/Src/stm32l1xx_hal_cortex.o
 .text.__NVIC_GetPriorityGrouping
                0x0000000008000948       0x1c ./Drivers/STM32L1xx_HAL_Driver/Src/stm32l1xx_hal_cortex.o
 .text.__NVIC_EnableIRQ
                0x0000000008000964       0x38 ./Drivers/STM32L1xx_HAL_Driver/Src/stm32l1xx_hal_cortex.o
 .text.__NVIC_SetPriority
                0x000000000800099c       0x54 ./Drivers/STM32L1xx_HAL_Driver/Src/stm32l1xx_hal_cortex.o
 .text.NVIC_EncodePriority
                0x00000000080009f0       0x64 ./Drivers/STM32L1xx_HAL_Driver/Src/stm32l1xx_hal_cortex.o
 .text.SysTick_Config
                0x0000000008000a54       0x44 ./Drivers/STM32L1xx_HAL_Driver/Src/stm32l1xx_hal_cortex.o
 .text.HAL_NVIC_SetPriorityGrouping
                0x0000000008000a98       0x16 ./Drivers/STM32L1xx_HAL_Driver/Src/stm32l1xx_hal_cortex.o
                0x0000000008000a98                HAL_NVIC_SetPriorityGrouping
 .text.HAL_NVIC_SetPriority
                0x0000000008000aae       0x38 ./Drivers/STM32L1xx_HAL_Driver/Src/stm32l1xx_hal_cortex.o
                0x0000000008000aae                HAL_NVIC_SetPriority
 .text.HAL_NVIC_EnableIRQ
                0x0000000008000ae6       0x1c ./Drivers/STM32L1xx_HAL_Driver/Src/stm32l1xx_hal_cortex.o
                0x0000000008000ae6                HAL_NVIC_EnableIRQ
 .text.HAL_SYSTICK_Config
                0x0000000008000b02       0x18 ./Drivers/STM32L1xx_HAL_Driver/Src/stm32l1xx_hal_cortex.o
                0x0000000008000b02                HAL_SYSTICK_Config
 *fill*         0x0000000008000b1a        0x2 
 .text.HAL_GPIO_Init
                0x0000000008000b1c      0x300 ./Drivers/STM32L1xx_HAL_Driver/Src/stm32l1xx_hal_gpio.o
                0x0000000008000b1c                HAL_GPIO_Init
 .text.HAL_GPIO_WritePin
                0x0000000008000e1c       0x30 ./Drivers/STM32L1xx_HAL_Driver/Src/stm32l1xx_hal_gpio.o
                0x0000000008000e1c                HAL_GPIO_WritePin
 .text.HAL_I2C_Init
                0x0000000008000e4c      0x288 ./Drivers/STM32L1xx_HAL_Driver/Src/stm32l1xx_hal_i2c.o
                0x0000000008000e4c                HAL_I2C_Init
 .text.HAL_I2C_Mem_Write
                0x00000000080010d4      0x1f4 ./Drivers/STM32L1xx_HAL_Driver/Src/stm32l1xx_hal_i2c.o
                0x00000000080010d4                HAL_I2C_Mem_Write
 .text.HAL_I2C_Mem_Read
                0x00000000080012c8      0x44c ./Drivers/STM32L1xx_HAL_Driver/Src/stm32l1xx_hal_i2c.o
                0x00000000080012c8                HAL_I2C_Mem_Read
 .text.I2C_RequestMemoryWrite
                0x0000000008001714      0x12c ./Drivers/STM32L1xx_HAL_Driver/Src/stm32l1xx_hal_i2c.o
 .text.I2C_RequestMemoryRead
                0x0000000008001840      0x1d0 ./Drivers/STM32L1xx_HAL_Driver/Src/stm32l1xx_hal_i2c.o
 .text.I2C_WaitOnFlagUntilTimeout
                0x0000000008001a10       0xae ./Drivers/STM32L1xx_HAL_Driver/Src/stm32l1xx_hal_i2c.o
 .text.I2C_WaitOnMasterAddressFlagUntilTimeout
                0x0000000008001abe       0xfe ./Drivers/STM32L1xx_HAL_Driver/Src/stm32l1xx_hal_i2c.o
 .text.I2C_WaitOnTXEFlagUntilTimeout
                0x0000000008001bbc       0x82 ./Drivers/STM32L1xx_HAL_Driver/Src/stm32l1xx_hal_i2c.o
 .text.I2C_WaitOnBTFFlagUntilTimeout
                0x0000000008001c3e       0x82 ./Drivers/STM32L1xx_HAL_Driver/Src/stm32l1xx_hal_i2c.o
 .text.I2C_WaitOnRXNEFlagUntilTimeout
                0x0000000008001cc0       0xac ./Drivers/STM32L1xx_HAL_Driver/Src/stm32l1xx_hal_i2c.o
 .text.I2C_IsAcknowledgeFailed
                0x0000000008001d6c       0x5c ./Drivers/STM32L1xx_HAL_Driver/Src/stm32l1xx_hal_i2c.o
 .text.HAL_PCD_Init
                0x0000000008001dc8      0x1bc ./Drivers/STM32L1xx_HAL_Driver/Src/stm32l1xx_hal_pcd.o
                0x0000000008001dc8                HAL_PCD_Init
 .text.HAL_PCD_Start
                0x0000000008001f84       0x4c ./Drivers/STM32L1xx_HAL_Driver/Src/stm32l1xx_hal_pcd.o
                0x0000000008001f84                HAL_PCD_Start
 .text.HAL_PCD_IRQHandler
                0x0000000008001fd0      0x1ee ./Drivers/STM32L1xx_HAL_Driver/Src/stm32l1xx_hal_pcd.o
                0x0000000008001fd0                HAL_PCD_IRQHandler
 .text.HAL_PCD_SetAddress
                0x00000000080021be       0x4a ./Drivers/STM32L1xx_HAL_Driver/Src/stm32l1xx_hal_pcd.o
                0x00000000080021be                HAL_PCD_SetAddress
 .text.HAL_PCD_EP_Open
                0x0000000008002208       0xcc ./Drivers/STM32L1xx_HAL_Driver/Src/stm32l1xx_hal_pcd.o
                0x0000000008002208                HAL_PCD_EP_Open
 .text.HAL_PCD_EP_Close
                0x00000000080022d4       0x90 ./Drivers/STM32L1xx_HAL_Driver/Src/stm32l1xx_hal_pcd.o
                0x00000000080022d4                HAL_PCD_EP_Close
 .text.HAL_PCD_EP_Receive
                0x0000000008002364       0x7a ./Drivers/STM32L1xx_HAL_Driver/Src/stm32l1xx_hal_pcd.o
                0x0000000008002364                HAL_PCD_EP_Receive
 .text.HAL_PCD_EP_GetRxCount
                0x00000000080023de       0x2e ./Drivers/STM32L1xx_HAL_Driver/Src/stm32l1xx_hal_pcd.o
                0x00000000080023de                HAL_PCD_EP_GetRxCount
 .text.HAL_PCD_EP_Transmit
                0x000000000800240c       0x86 ./Drivers/STM32L1xx_HAL_Driver/Src/stm32l1xx_hal_pcd.o
                0x000000000800240c                HAL_PCD_EP_Transmit
 .text.HAL_PCD_EP_SetStall
                0x0000000008002492       0xa4 ./Drivers/STM32L1xx_HAL_Driver/Src/stm32l1xx_hal_pcd.o
                0x0000000008002492                HAL_PCD_EP_SetStall
 .text.HAL_PCD_EP_ClrStall
                0x0000000008002536       0xa8 ./Drivers/STM32L1xx_HAL_Driver/Src/stm32l1xx_hal_pcd.o
                0x0000000008002536                HAL_PCD_EP_ClrStall
 .text.PCD_EP_ISR_Handler
                0x00000000080025de      0x600 ./Drivers/STM32L1xx_HAL_Driver/Src/stm32l1xx_hal_pcd.o
 .text.HAL_PCD_EP_DB_Receive
                0x0000000008002bde      0x21a ./Drivers/STM32L1xx_HAL_Driver/Src/stm32l1xx_hal_pcd.o
 .text.HAL_PCD_EP_DB_Transmit
                0x0000000008002df8      0x7a4 ./Drivers/STM32L1xx_HAL_Driver/Src/stm32l1xx_hal_pcd.o
 .text.HAL_PCDEx_PMAConfig
                0x000000000800359c       0x84 ./Drivers/STM32L1xx_HAL_Driver/Src/stm32l1xx_hal_pcd_ex.o
                0x000000000800359c                HAL_PCDEx_PMAConfig
 .text.HAL_RCC_OscConfig
                0x0000000008003620      0x660 ./Drivers/STM32L1xx_HAL_Driver/Src/stm32l1xx_hal_rcc.o
                0x0000000008003620                HAL_RCC_OscConfig
 .text.HAL_RCC_ClockConfig
                0x0000000008003c80      0x268 ./Drivers/STM32L1xx_HAL_Driver/Src/stm32l1xx_hal_rcc.o
                0x0000000008003c80                HAL_RCC_ClockConfig
 .text.HAL_RCC_GetSysClockFreq
                0x0000000008003ee8      0x17c ./Drivers/STM32L1xx_HAL_Driver/Src/stm32l1xx_hal_rcc.o
                0x0000000008003ee8                HAL_RCC_GetSysClockFreq
 .text.HAL_RCC_GetHCLKFreq
                0x0000000008004064       0x14 ./Drivers/STM32L1xx_HAL_Driver/Src/stm32l1xx_hal_rcc.o
                0x0000000008004064                HAL_RCC_GetHCLKFreq
 .text.HAL_RCC_GetPCLK1Freq
                0x0000000008004078       0x28 ./Drivers/STM32L1xx_HAL_Driver/Src/stm32l1xx_hal_rcc.o
                0x0000000008004078                HAL_RCC_GetPCLK1Freq
 .text.RCC_SetFlashLatencyFromMSIRange
                0x00000000080040a0       0xc0 ./Drivers/STM32L1xx_HAL_Driver/Src/stm32l1xx_hal_rcc.o
 .text.USB_EnableGlobalInt
                0x0000000008004160       0x2c ./Drivers/STM32L1xx_HAL_Driver/Src/stm32l1xx_ll_usb.o
                0x0000000008004160                USB_EnableGlobalInt
 .text.USB_DisableGlobalInt
                0x000000000800418c       0x34 ./Drivers/STM32L1xx_HAL_Driver/Src/stm32l1xx_ll_usb.o
                0x000000000800418c                USB_DisableGlobalInt
 .text.USB_DevInit
                0x00000000080041c0       0x40 ./Drivers/STM32L1xx_HAL_Driver/Src/stm32l1xx_ll_usb.o
                0x00000000080041c0                USB_DevInit
 .text.USB_ActivateEndpoint
                0x0000000008004200      0x6d4 ./Drivers/STM32L1xx_HAL_Driver/Src/stm32l1xx_ll_usb.o
                0x0000000008004200                USB_ActivateEndpoint
 .text.USB_DeactivateEndpoint
                0x00000000080048d4      0x3d8 ./Drivers/STM32L1xx_HAL_Driver/Src/stm32l1xx_ll_usb.o
                0x00000000080048d4                USB_DeactivateEndpoint
 .text.USB_EPStartXfer
                0x0000000008004cac     0x1c70 ./Drivers/STM32L1xx_HAL_Driver/Src/stm32l1xx_ll_usb.o
                0x0000000008004cac                USB_EPStartXfer
 .text.USB_EPSetStall
                0x000000000800691c       0xa0 ./Drivers/STM32L1xx_HAL_Driver/Src/stm32l1xx_ll_usb.o
                0x000000000800691c                USB_EPSetStall
 .text.USB_EPClearStall
                0x00000000080069bc      0x15a ./Drivers/STM32L1xx_HAL_Driver/Src/stm32l1xx_ll_usb.o
                0x00000000080069bc                USB_EPClearStall
 .text.USB_SetDevAddress
                0x0000000008006b16       0x26 ./Drivers/STM32L1xx_HAL_Driver/Src/stm32l1xx_ll_usb.o
                0x0000000008006b16                USB_SetDevAddress
 .text.USB_DevConnect
                0x0000000008006b3c       0x14 ./Drivers/STM32L1xx_HAL_Driver/Src/stm32l1xx_ll_usb.o
                0x0000000008006b3c                USB_DevConnect
 .text.USB_ReadInterrupts
                0x0000000008006b50       0x1e ./Drivers/STM32L1xx_HAL_Driver/Src/stm32l1xx_ll_usb.o
                0x0000000008006b50                USB_ReadInterrupts
 .text.USB_WritePMA
                0x0000000008006b6e       0x8a ./Drivers/STM32L1xx_HAL_Driver/Src/stm32l1xx_ll_usb.o
                0x0000000008006b6e                USB_WritePMA
 .text.USB_ReadPMA
                0x0000000008006bf8       0x9e ./Drivers/STM32L1xx_HAL_Driver/Src/stm32l1xx_ll_usb.o
                0x0000000008006bf8                USB_ReadPMA
 .text.USBD_CDC_Init
                0x0000000008006c96       0xf4 ./Middlewares/ST/STM32_USB_Device_Library/Class/CDC/Src/usbd_cdc.o
 .text.USBD_CDC_DeInit
                0x0000000008006d8a       0x6e ./Middlewares/ST/STM32_USB_Device_Library/Class/CDC/Src/usbd_cdc.o
 .text.USBD_CDC_Setup
                0x0000000008006df8      0x146 ./Middlewares/ST/STM32_USB_Device_Library/Class/CDC/Src/usbd_cdc.o
 .text.USBD_CDC_DataIn
                0x0000000008006f3e       0xa6 ./Middlewares/ST/STM32_USB_Device_Library/Class/CDC/Src/usbd_cdc.o
 .text.USBD_CDC_DataOut
                0x0000000008006fe4       0x56 ./Middlewares/ST/STM32_USB_Device_Library/Class/CDC/Src/usbd_cdc.o
 .text.USBD_CDC_EP0_RxReady
                0x000000000800703a       0x50 ./Middlewares/ST/STM32_USB_Device_Library/Class/CDC/Src/usbd_cdc.o
 *fill*         0x000000000800708a        0x2 
 .text.USBD_CDC_GetFSCfgDesc
                0x000000000800708c       0x20 ./Middlewares/ST/STM32_USB_Device_Library/Class/CDC/Src/usbd_cdc.o
 .text.USBD_CDC_GetHSCfgDesc
                0x00000000080070ac       0x20 ./Middlewares/ST/STM32_USB_Device_Library/Class/CDC/Src/usbd_cdc.o
 .text.USBD_CDC_GetOtherSpeedCfgDesc
                0x00000000080070cc       0x20 ./Middlewares/ST/STM32_USB_Device_Library/Class/CDC/Src/usbd_cdc.o
 .text.USBD_CDC_GetDeviceQualifierDescriptor
                0x00000000080070ec       0x20 ./Middlewares/ST/STM32_USB_Device_Library/Class/CDC/Src/usbd_cdc.o
                0x00000000080070ec                USBD_CDC_GetDeviceQualifierDescriptor
 .text.USBD_CDC_RegisterInterface
                0x000000000800710c       0x2c ./Middlewares/ST/STM32_USB_Device_Library/Class/CDC/Src/usbd_cdc.o
                0x000000000800710c                USBD_CDC_RegisterInterface
 .text.USBD_CDC_SetTxBuffer
                0x0000000008007138       0x32 ./Middlewares/ST/STM32_USB_Device_Library/Class/CDC/Src/usbd_cdc.o
                0x0000000008007138                USBD_CDC_SetTxBuffer
 .text.USBD_CDC_SetRxBuffer
                0x000000000800716a       0x26 ./Middlewares/ST/STM32_USB_Device_Library/Class/CDC/Src/usbd_cdc.o
                0x000000000800716a                USBD_CDC_SetRxBuffer
 .text.USBD_CDC_TransmitPacket
                0x0000000008007190       0x5e ./Middlewares/ST/STM32_USB_Device_Library/Class/CDC/Src/usbd_cdc.o
                0x0000000008007190                USBD_CDC_TransmitPacket
 .text.USBD_CDC_ReceivePacket
                0x00000000080071ee       0x54 ./Middlewares/ST/STM32_USB_Device_Library/Class/CDC/Src/usbd_cdc.o
                0x00000000080071ee                USBD_CDC_ReceivePacket
 .text.USBD_Init
                0x0000000008007242       0x56 ./Middlewares/ST/STM32_USB_Device_Library/Core/Src/usbd_core.o
                0x0000000008007242                USBD_Init
 .text.USBD_RegisterClass
                0x0000000008007298       0x32 ./Middlewares/ST/STM32_USB_Device_Library/Core/Src/usbd_core.o
                0x0000000008007298                USBD_RegisterClass
 .text.USBD_Start
                0x00000000080072ca       0x18 ./Middlewares/ST/STM32_USB_Device_Library/Core/Src/usbd_core.o
                0x00000000080072ca                USBD_Start
 .text.USBD_RunTestMode
                0x00000000080072e2       0x14 ./Middlewares/ST/STM32_USB_Device_Library/Core/Src/usbd_core.o
                0x00000000080072e2                USBD_RunTestMode
 .text.USBD_SetClassConfig
                0x00000000080072f6       0x3e ./Middlewares/ST/STM32_USB_Device_Library/Core/Src/usbd_core.o
                0x00000000080072f6                USBD_SetClassConfig
 .text.USBD_ClrClassConfig
                0x0000000008007334       0x26 ./Middlewares/ST/STM32_USB_Device_Library/Core/Src/usbd_core.o
                0x0000000008007334                USBD_ClrClassConfig
 .text.USBD_LL_SetupStage
                0x000000000800735a       0x9a ./Middlewares/ST/STM32_USB_Device_Library/Core/Src/usbd_core.o
                0x000000000800735a                USBD_LL_SetupStage
 .text.USBD_LL_DataOutStage
                0x00000000080073f4       0xe2 ./Middlewares/ST/STM32_USB_Device_Library/Core/Src/usbd_core.o
                0x00000000080073f4                USBD_LL_DataOutStage
 .text.USBD_LL_DataInStage
                0x00000000080074d6      0x14a ./Middlewares/ST/STM32_USB_Device_Library/Core/Src/usbd_core.o
                0x00000000080074d6                USBD_LL_DataInStage
 .text.USBD_LL_Reset
                0x0000000008007620       0x82 ./Middlewares/ST/STM32_USB_Device_Library/Core/Src/usbd_core.o
                0x0000000008007620                USBD_LL_Reset
 .text.USBD_LL_SetSpeed
                0x00000000080076a2       0x1e ./Middlewares/ST/STM32_USB_Device_Library/Core/Src/usbd_core.o
                0x00000000080076a2                USBD_LL_SetSpeed
 .text.USBD_LL_Suspend
                0x00000000080076c0       0x28 ./Middlewares/ST/STM32_USB_Device_Library/Core/Src/usbd_core.o
                0x00000000080076c0                USBD_LL_Suspend
 .text.USBD_LL_Resume
                0x00000000080076e8       0x20 ./Middlewares/ST/STM32_USB_Device_Library/Core/Src/usbd_core.o
                0x00000000080076e8                USBD_LL_Resume
 .text.USBD_LL_SOF
                0x0000000008007708       0x34 ./Middlewares/ST/STM32_USB_Device_Library/Core/Src/usbd_core.o
                0x0000000008007708                USBD_LL_SOF
 .text.USBD_StdDevReq
                0x000000000800773c       0xd4 ./Middlewares/ST/STM32_USB_Device_Library/Core/Src/usbd_ctlreq.o
                0x000000000800773c                USBD_StdDevReq
 .text.USBD_StdItfReq
                0x0000000008007810       0x90 ./Middlewares/ST/STM32_USB_Device_Library/Core/Src/usbd_ctlreq.o
                0x0000000008007810                USBD_StdItfReq
 .text.USBD_StdEPReq
                0x00000000080078a0      0x2c2 ./Middlewares/ST/STM32_USB_Device_Library/Core/Src/usbd_ctlreq.o
                0x00000000080078a0                USBD_StdEPReq
 *fill*         0x0000000008007b62        0x2 
 .text.USBD_GetDescriptor
                0x0000000008007b64      0x1f4 ./Middlewares/ST/STM32_USB_Device_Library/Core/Src/usbd_ctlreq.o
 .text.USBD_SetAddress
                0x0000000008007d58       0x86 ./Middlewares/ST/STM32_USB_Device_Library/Core/Src/usbd_ctlreq.o
 *fill*         0x0000000008007dde        0x2 
 .text.USBD_SetConfig
                0x0000000008007de0      0x11c ./Middlewares/ST/STM32_USB_Device_Library/Core/Src/usbd_ctlreq.o
 .text.USBD_GetConfig
                0x0000000008007efc       0x6a ./Middlewares/ST/STM32_USB_Device_Library/Core/Src/usbd_ctlreq.o
 .text.USBD_GetStatus
                0x0000000008007f66       0x66 ./Middlewares/ST/STM32_USB_Device_Library/Core/Src/usbd_ctlreq.o
 .text.USBD_SetFeature
                0x0000000008007fcc       0x28 ./Middlewares/ST/STM32_USB_Device_Library/Core/Src/usbd_ctlreq.o
 .text.USBD_ClrFeature
                0x0000000008007ff4       0x42 ./Middlewares/ST/STM32_USB_Device_Library/Core/Src/usbd_ctlreq.o
 .text.USBD_ParseSetupRequest
                0x0000000008008036       0x78 ./Middlewares/ST/STM32_USB_Device_Library/Core/Src/usbd_ctlreq.o
                0x0000000008008036                USBD_ParseSetupRequest
 .text.USBD_CtlError
                0x00000000080080ae       0x22 ./Middlewares/ST/STM32_USB_Device_Library/Core/Src/usbd_ctlreq.o
                0x00000000080080ae                USBD_CtlError
 .text.USBD_GetString
                0x00000000080080d0       0x84 ./Middlewares/ST/STM32_USB_Device_Library/Core/Src/usbd_ctlreq.o
                0x00000000080080d0                USBD_GetString
 .text.USBD_GetLen
                0x0000000008008154       0x2e ./Middlewares/ST/STM32_USB_Device_Library/Core/Src/usbd_ctlreq.o
 .text.USBD_CtlSendData
                0x0000000008008182       0x38 ./Middlewares/ST/STM32_USB_Device_Library/Core/Src/usbd_ioreq.o
                0x0000000008008182                USBD_CtlSendData
 .text.USBD_CtlContinueSendData
                0x00000000080081ba       0x24 ./Middlewares/ST/STM32_USB_Device_Library/Core/Src/usbd_ioreq.o
                0x00000000080081ba                USBD_CtlContinueSendData
 .text.USBD_CtlPrepareRx
                0x00000000080081de       0x3c ./Middlewares/ST/STM32_USB_Device_Library/Core/Src/usbd_ioreq.o
                0x00000000080081de                USBD_CtlPrepareRx
 .text.USBD_CtlContinueRx
                0x000000000800821a       0x24 ./Middlewares/ST/STM32_USB_Device_Library/Core/Src/usbd_ioreq.o
                0x000000000800821a                USBD_CtlContinueRx
 .text.USBD_CtlSendStatus
                0x000000000800823e       0x26 ./Middlewares/ST/STM32_USB_Device_Library/Core/Src/usbd_ioreq.o
                0x000000000800823e                USBD_CtlSendStatus
 .text.USBD_CtlReceiveStatus
                0x0000000008008264       0x26 ./Middlewares/ST/STM32_USB_Device_Library/Core/Src/usbd_ioreq.o
                0x0000000008008264                USBD_CtlReceiveStatus
 *fill*         0x000000000800828a        0x2 
 .text.MX_USB_DEVICE_Init
                0x000000000800828c       0x60 ./USB_DEVICE/App/usb_device.o
                0x000000000800828c                MX_USB_DEVICE_Init
 .text.CDC_Init_FS
                0x00000000080082ec       0x28 ./USB_DEVICE/App/usbd_cdc_if.o
 .text.CDC_DeInit_FS
                0x0000000008008314        0xe ./USB_DEVICE/App/usbd_cdc_if.o
 *fill*         0x0000000008008322        0x2 
 .text.CDC_Control_FS
                0x0000000008008324       0xbc ./USB_DEVICE/App/usbd_cdc_if.o
 .text.CDC_Receive_FS
                0x00000000080083e0       0x54 ./USB_DEVICE/App/usbd_cdc_if.o
 .text.CDC_Transmit_FS
                0x0000000008008434       0x4c ./USB_DEVICE/App/usbd_cdc_if.o
                0x0000000008008434                CDC_Transmit_FS
 .text.USBD_FS_DeviceDescriptor
                0x0000000008008480       0x24 ./USB_DEVICE/App/usbd_desc.o
                0x0000000008008480                USBD_FS_DeviceDescriptor
 .text.USBD_FS_LangIDStrDescriptor
                0x00000000080084a4       0x24 ./USB_DEVICE/App/usbd_desc.o
                0x00000000080084a4                USBD_FS_LangIDStrDescriptor
 .text.USBD_FS_ProductStrDescriptor
                0x00000000080084c8       0x3c ./USB_DEVICE/App/usbd_desc.o
                0x00000000080084c8                USBD_FS_ProductStrDescriptor
 .text.USBD_FS_ManufacturerStrDescriptor
                0x0000000008008504       0x28 ./USB_DEVICE/App/usbd_desc.o
                0x0000000008008504                USBD_FS_ManufacturerStrDescriptor
 .text.USBD_FS_SerialStrDescriptor
                0x000000000800852c       0x24 ./USB_DEVICE/App/usbd_desc.o
                0x000000000800852c                USBD_FS_SerialStrDescriptor
 .text.USBD_FS_ConfigStrDescriptor
                0x0000000008008550       0x3c ./USB_DEVICE/App/usbd_desc.o
                0x0000000008008550                USBD_FS_ConfigStrDescriptor
 .text.USBD_FS_InterfaceStrDescriptor
                0x000000000800858c       0x3c ./USB_DEVICE/App/usbd_desc.o
                0x000000000800858c                USBD_FS_InterfaceStrDescriptor
 .text.Get_SerialNum
                0x00000000080085c8       0x58 ./USB_DEVICE/App/usbd_desc.o
 .text.IntToUnicode
                0x0000000008008620       0x7c ./USB_DEVICE/App/usbd_desc.o
 .text.HAL_PCDEx_SetConnectionState
                0x000000000800869c       0x3c ./USB_DEVICE/Target/usbd_conf.o
                0x000000000800869c                HAL_PCDEx_SetConnectionState
 .text.HAL_PCD_MspInit
                0x00000000080086d8       0x4c ./USB_DEVICE/Target/usbd_conf.o
                0x00000000080086d8                HAL_PCD_MspInit
 .text.HAL_PCD_SetupStageCallback
                0x0000000008008724       0x24 ./USB_DEVICE/Target/usbd_conf.o
                0x0000000008008724                HAL_PCD_SetupStageCallback
 .text.HAL_PCD_DataOutStageCallback
                0x0000000008008748       0x36 ./USB_DEVICE/Target/usbd_conf.o
                0x0000000008008748                HAL_PCD_DataOutStageCallback
 .text.HAL_PCD_DataInStageCallback
                0x000000000800877e       0x34 ./USB_DEVICE/Target/usbd_conf.o
                0x000000000800877e                HAL_PCD_DataInStageCallback
 .text.HAL_PCD_SOFCallback
                0x00000000080087b2       0x1c ./USB_DEVICE/Target/usbd_conf.o
                0x00000000080087b2                HAL_PCD_SOFCallback
 .text.HAL_PCD_ResetCallback
                0x00000000080087ce       0x3c ./USB_DEVICE/Target/usbd_conf.o
                0x00000000080087ce                HAL_PCD_ResetCallback
 *fill*         0x000000000800880a        0x2 
 .text.HAL_PCD_SuspendCallback
                0x000000000800880c       0x34 ./USB_DEVICE/Target/usbd_conf.o
                0x000000000800880c                HAL_PCD_SuspendCallback
 .text.HAL_PCD_ResumeCallback
                0x0000000008008840       0x1c ./USB_DEVICE/Target/usbd_conf.o
                0x0000000008008840                HAL_PCD_ResumeCallback
 .text.USBD_LL_Init
                0x000000000800885c       0xb4 ./USB_DEVICE/Target/usbd_conf.o
                0x000000000800885c                USBD_LL_Init
 .text.USBD_LL_Start
                0x0000000008008910       0x36 ./USB_DEVICE/Target/usbd_conf.o
                0x0000000008008910                USBD_LL_Start
 .text.USBD_LL_OpenEP
                0x0000000008008946       0x4c ./USB_DEVICE/Target/usbd_conf.o
                0x0000000008008946                USBD_LL_OpenEP
 .text.USBD_LL_CloseEP
                0x0000000008008992       0x3e ./USB_DEVICE/Target/usbd_conf.o
                0x0000000008008992                USBD_LL_CloseEP
 .text.USBD_LL_StallEP
                0x00000000080089d0       0x3e ./USB_DEVICE/Target/usbd_conf.o
                0x00000000080089d0                USBD_LL_StallEP
 .text.USBD_LL_ClearStallEP
                0x0000000008008a0e       0x3e ./USB_DEVICE/Target/usbd_conf.o
                0x0000000008008a0e                USBD_LL_ClearStallEP
 .text.USBD_LL_IsStallEP
                0x0000000008008a4c       0x58 ./USB_DEVICE/Target/usbd_conf.o
                0x0000000008008a4c                USBD_LL_IsStallEP
 .text.USBD_LL_SetUSBAddress
                0x0000000008008aa4       0x3e ./USB_DEVICE/Target/usbd_conf.o
                0x0000000008008aa4                USBD_LL_SetUSBAddress
 .text.USBD_LL_Transmit
                0x0000000008008ae2       0x46 ./USB_DEVICE/Target/usbd_conf.o
                0x0000000008008ae2                USBD_LL_Transmit
 .text.USBD_LL_PrepareReceive
                0x0000000008008b28       0x46 ./USB_DEVICE/Target/usbd_conf.o
                0x0000000008008b28                USBD_LL_PrepareReceive
 .text.USBD_LL_GetRxDataSize
                0x0000000008008b6e       0x26 ./USB_DEVICE/Target/usbd_conf.o
                0x0000000008008b6e                USBD_LL_GetRxDataSize
 .text.USBD_static_malloc
                0x0000000008008b94       0x18 ./USB_DEVICE/Target/usbd_conf.o
                0x0000000008008b94                USBD_static_malloc
 .text.USBD_static_free
                0x0000000008008bac       0x12 ./USB_DEVICE/Target/usbd_conf.o
                0x0000000008008bac                USBD_static_free
 *fill*         0x0000000008008bbe        0x2 
 .text.USBD_Get_USB_Status
                0x0000000008008bc0       0x58 ./USB_DEVICE/Target/usbd_conf.o
 .text.usb_callback
                0x0000000008008c18       0x80 ./User/Src/kernel.o
                0x0000000008008c18                usb_callback
 .text.kernel_init
                0x0000000008008c98       0x2c ./User/Src/kernel.o
                0x0000000008008c98                kernel_init
 .text.kernel_main
                0x0000000008008cc4      0x1f8 ./User/Src/kernel.o
                0x0000000008008cc4                kernel_main
 .text.usb_add_uint8
                0x0000000008008ebc       0x48 ./User/Src/usb_snd.o
                0x0000000008008ebc                usb_add_uint8
 .text.usb_add_uint16
                0x0000000008008f04       0x74 ./User/Src/usb_snd.o
                0x0000000008008f04                usb_add_uint16
 .text.usb_add_uint32
                0x0000000008008f78       0xc0 ./User/Src/usb_snd.o
                0x0000000008008f78                usb_add_uint32
 .text.usb_rst_cursor
                0x0000000008009038       0x18 ./User/Src/usb_snd.o
                0x0000000008009038                usb_rst_cursor
 .text.usb_send_buff
                0x0000000008009050       0xf8 ./User/Src/usb_snd.o
                0x0000000008009050                usb_send_buff
 .text.usb_def_callback
                0x0000000008009148       0x16 ./User/Src/usb_snd.o
                0x0000000008009148                usb_def_callback
 *fill*         0x000000000800915e        0x2 
 .text.usb_set_callback
                0x0000000008009160       0x1c ./User/Src/usb_snd.o
                0x0000000008009160                usb_set_callback
 .text.usb_recv
                0x000000000800917c       0xc8 ./User/Src/usb_snd.o
                0x000000000800917c                usb_recv
 .text.__libc_init_array
                0x0000000008009244       0x48 c:/st/stm32cubeide_1.9.0/stm32cubeide/plugins/com.st.stm32cube.ide.mcu.externaltools.gnu-tools-for-stm32.10.3-2021.10.win32_1.0.0.202111181127/tools/bin/../lib/gcc/arm-none-eabi/10.3.1/../../../../arm-none-eabi/lib/thumb/v7-m/nofp\libc_nano.a(lib_a-init.o)
                0x0000000008009244                __libc_init_array
 .text.memset   0x000000000800928c       0x10 c:/st/stm32cubeide_1.9.0/stm32cubeide/plugins/com.st.stm32cube.ide.mcu.externaltools.gnu-tools-for-stm32.10.3-2021.10.win32_1.0.0.202111181127/tools/bin/../lib/gcc/arm-none-eabi/10.3.1/../../../../arm-none-eabi/lib/thumb/v7-m/nofp\libc_nano.a(lib_a-memset.o)
                0x000000000800928c                memset
 *(.glue_7)
 .glue_7        0x000000000800929c        0x0 linker stubs
 *(.glue_7t)
 .glue_7t       0x000000000800929c        0x0 linker stubs
 *(.eh_frame)
 .eh_frame      0x000000000800929c        0x0 c:/st/stm32cubeide_1.9.0/stm32cubeide/plugins/com.st.stm32cube.ide.mcu.externaltools.gnu-tools-for-stm32.10.3-2021.10.win32_1.0.0.202111181127/tools/bin/../lib/gcc/arm-none-eabi/10.3.1/thumb/v7-m/nofp/crtbegin.o
 *(.init)
 .init          0x000000000800929c        0x4 c:/st/stm32cubeide_1.9.0/stm32cubeide/plugins/com.st.stm32cube.ide.mcu.externaltools.gnu-tools-for-stm32.10.3-2021.10.win32_1.0.0.202111181127/tools/bin/../lib/gcc/arm-none-eabi/10.3.1/thumb/v7-m/nofp/crti.o
                0x000000000800929c                _init
 .init          0x00000000080092a0        0x8 c:/st/stm32cubeide_1.9.0/stm32cubeide/plugins/com.st.stm32cube.ide.mcu.externaltools.gnu-tools-for-stm32.10.3-2021.10.win32_1.0.0.202111181127/tools/bin/../lib/gcc/arm-none-eabi/10.3.1/thumb/v7-m/nofp/crtn.o
 *(.fini)
 .fini          0x00000000080092a8        0x4 c:/st/stm32cubeide_1.9.0/stm32cubeide/plugins/com.st.stm32cube.ide.mcu.externaltools.gnu-tools-for-stm32.10.3-2021.10.win32_1.0.0.202111181127/tools/bin/../lib/gcc/arm-none-eabi/10.3.1/thumb/v7-m/nofp/crti.o
                0x00000000080092a8                _fini
 .fini          0x00000000080092ac        0x8 c:/st/stm32cubeide_1.9.0/stm32cubeide/plugins/com.st.stm32cube.ide.mcu.externaltools.gnu-tools-for-stm32.10.3-2021.10.win32_1.0.0.202111181127/tools/bin/../lib/gcc/arm-none-eabi/10.3.1/thumb/v7-m/nofp/crtn.o
                0x00000000080092b4                . = ALIGN (0x4)
                0x00000000080092b4                _etext = .

.vfp11_veneer   0x00000000080092b4        0x0
 .vfp11_veneer  0x00000000080092b4        0x0 linker stubs

.v4_bx          0x00000000080092b4        0x0
 .v4_bx         0x00000000080092b4        0x0 linker stubs

.iplt           0x00000000080092b4        0x0
 .iplt          0x00000000080092b4        0x0 c:/st/stm32cubeide_1.9.0/stm32cubeide/plugins/com.st.stm32cube.ide.mcu.externaltools.gnu-tools-for-stm32.10.3-2021.10.win32_1.0.0.202111181127/tools/bin/../lib/gcc/arm-none-eabi/10.3.1/thumb/v7-m/nofp/crtbegin.o

.rodata         0x00000000080092b4       0x6c
                0x00000000080092b4                . = ALIGN (0x4)
 *(.rodata)
 .rodata        0x00000000080092b4       0x46 ./USB_DEVICE/App/usbd_desc.o
 *(.rodata*)
 *fill*         0x00000000080092fa        0x2 
 .rodata.PLLMulTable
                0x00000000080092fc        0x9 ./Core/Src/system_stm32l1xx.o
                0x00000000080092fc                PLLMulTable
 *fill*         0x0000000008009305        0x3 
 .rodata.AHBPrescTable
                0x0000000008009308       0x10 ./Core/Src/system_stm32l1xx.o
                0x0000000008009308                AHBPrescTable
 .rodata.APBPrescTable
                0x0000000008009318        0x8 ./Core/Src/system_stm32l1xx.o
                0x0000000008009318                APBPrescTable
                0x0000000008009320                . = ALIGN (0x4)

.ARM.extab      0x0000000008009320        0x0
                0x0000000008009320                . = ALIGN (0x4)
 *(.ARM.extab* .gnu.linkonce.armextab.*)
                0x0000000008009320                . = ALIGN (0x4)

.ARM            0x0000000008009320        0x8
                0x0000000008009320                . = ALIGN (0x4)
                0x0000000008009320                __exidx_start = .
 *(.ARM.exidx*)
 .ARM.exidx     0x0000000008009320        0x8 c:/st/stm32cubeide_1.9.0/stm32cubeide/plugins/com.st.stm32cube.ide.mcu.externaltools.gnu-tools-for-stm32.10.3-2021.10.win32_1.0.0.202111181127/tools/bin/../lib/gcc/arm-none-eabi/10.3.1/thumb/v7-m/nofp\libgcc.a(_udivmoddi4.o)
                0x0000000008009328                __exidx_end = .
                0x0000000008009328                . = ALIGN (0x4)

.rel.dyn        0x0000000008009328        0x0
 .rel.iplt      0x0000000008009328        0x0 c:/st/stm32cubeide_1.9.0/stm32cubeide/plugins/com.st.stm32cube.ide.mcu.externaltools.gnu-tools-for-stm32.10.3-2021.10.win32_1.0.0.202111181127/tools/bin/../lib/gcc/arm-none-eabi/10.3.1/thumb/v7-m/nofp/crtbegin.o

.preinit_array  0x0000000008009328        0x0
                0x0000000008009328                . = ALIGN (0x4)
                0x0000000008009328                PROVIDE (__preinit_array_start = .)
 *(.preinit_array*)
                0x0000000008009328                PROVIDE (__preinit_array_end = .)
                0x0000000008009328                . = ALIGN (0x4)

.init_array     0x0000000008009328        0x4
                0x0000000008009328                . = ALIGN (0x4)
                0x0000000008009328                PROVIDE (__init_array_start = .)
 *(SORT_BY_NAME(.init_array.*))
 *(.init_array*)
 .init_array    0x0000000008009328        0x4 c:/st/stm32cubeide_1.9.0/stm32cubeide/plugins/com.st.stm32cube.ide.mcu.externaltools.gnu-tools-for-stm32.10.3-2021.10.win32_1.0.0.202111181127/tools/bin/../lib/gcc/arm-none-eabi/10.3.1/thumb/v7-m/nofp/crtbegin.o
                0x000000000800932c                PROVIDE (__init_array_end = .)
                0x000000000800932c                . = ALIGN (0x4)

.fini_array     0x000000000800932c        0x4
                0x000000000800932c                . = ALIGN (0x4)
                [!provide]                        PROVIDE (__fini_array_start = .)
 *(SORT_BY_NAME(.fini_array.*))
 *(.fini_array*)
 .fini_array    0x000000000800932c        0x4 c:/st/stm32cubeide_1.9.0/stm32cubeide/plugins/com.st.stm32cube.ide.mcu.externaltools.gnu-tools-for-stm32.10.3-2021.10.win32_1.0.0.202111181127/tools/bin/../lib/gcc/arm-none-eabi/10.3.1/thumb/v7-m/nofp/crtbegin.o
                [!provide]                        PROVIDE (__fini_array_end = .)
                0x0000000008009330                . = ALIGN (0x4)
                0x0000000008009330                _sidata = LOADADDR (.data)

.data           0x0000000020000000      0x180 load address 0x0000000008009330
                0x0000000020000000                . = ALIGN (0x4)
                0x0000000020000000                _sdata = .
 *(.data)
 *(.data*)
 .data.SystemCoreClock
                0x0000000020000000        0x4 ./Core/Src/system_stm32l1xx.o
                0x0000000020000000                SystemCoreClock
 .data.uwTickPrio
                0x0000000020000004        0x4 ./Drivers/STM32L1xx_HAL_Driver/Src/stm32l1xx_hal.o
                0x0000000020000004                uwTickPrio
 .data.uwTickFreq
                0x0000000020000008        0x4 ./Drivers/STM32L1xx_HAL_Driver/Src/stm32l1xx_hal.o
                0x0000000020000008                uwTickFreq
 .data.USBD_CDC_DeviceQualifierDesc
                0x000000002000000c        0xa ./Middlewares/ST/STM32_USB_Device_Library/Class/CDC/Src/usbd_cdc.o
 *fill*         0x0000000020000016        0x2 
 .data.USBD_CDC
                0x0000000020000018       0x38 ./Middlewares/ST/STM32_USB_Device_Library/Class/CDC/Src/usbd_cdc.o
                0x0000000020000018                USBD_CDC
 .data.USBD_CDC_CfgHSDesc
                0x0000000020000050       0x43 ./Middlewares/ST/STM32_USB_Device_Library/Class/CDC/Src/usbd_cdc.o
                0x0000000020000050                USBD_CDC_CfgHSDesc
 *fill*         0x0000000020000093        0x1 
 .data.USBD_CDC_CfgFSDesc
                0x0000000020000094       0x43 ./Middlewares/ST/STM32_USB_Device_Library/Class/CDC/Src/usbd_cdc.o
                0x0000000020000094                USBD_CDC_CfgFSDesc
 *fill*         0x00000000200000d7        0x1 
 .data.USBD_CDC_OtherSpeedCfgDesc
                0x00000000200000d8       0x43 ./Middlewares/ST/STM32_USB_Device_Library/Class/CDC/Src/usbd_cdc.o
                0x00000000200000d8                USBD_CDC_OtherSpeedCfgDesc
 *fill*         0x000000002000011b        0x1 
 .data.USBD_Interface_fops_FS
                0x000000002000011c       0x10 ./USB_DEVICE/App/usbd_cdc_if.o
                0x000000002000011c                USBD_Interface_fops_FS
 .data.FS_Desc  0x000000002000012c       0x1c ./USB_DEVICE/App/usbd_desc.o
                0x000000002000012c                FS_Desc
 .data.USBD_FS_DeviceDesc
                0x0000000020000148       0x12 ./USB_DEVICE/App/usbd_desc.o
                0x0000000020000148                USBD_FS_DeviceDesc
 *fill*         0x000000002000015a        0x2 
 .data.USBD_LangIDDesc
                0x000000002000015c        0x4 ./USB_DEVICE/App/usbd_desc.o
                0x000000002000015c                USBD_LangIDDesc
 .data.USBD_StringSerial
                0x0000000020000160       0x1a ./USB_DEVICE/App/usbd_desc.o
                0x0000000020000160                USBD_StringSerial
 .data.last_statius
                0x000000002000017a        0x1 ./User/Src/usb_snd.o
                0x000000002000017a                last_statius
 *fill*         0x000000002000017b        0x1 
 .data.f_rx     0x000000002000017c        0x4 ./User/Src/usb_snd.o
                0x000000002000017c                f_rx
 *(.RamFunc)
 *(.RamFunc*)
                0x0000000020000180                . = ALIGN (0x4)
                0x0000000020000180                _edata = .

.igot.plt       0x0000000020000180        0x0 load address 0x00000000080094b0
 .igot.plt      0x0000000020000180        0x0 c:/st/stm32cubeide_1.9.0/stm32cubeide/plugins/com.st.stm32cube.ide.mcu.externaltools.gnu-tools-for-stm32.10.3-2021.10.win32_1.0.0.202111181127/tools/bin/../lib/gcc/arm-none-eabi/10.3.1/thumb/v7-m/nofp/crtbegin.o
                0x0000000020000180                . = ALIGN (0x4)

.bss            0x0000000020000180     0x1428 load address 0x00000000080094b0
                0x0000000020000180                _sbss = .
                0x0000000020000180                __bss_start__ = _sbss
 *(.bss)
 .bss           0x0000000020000180       0x1c c:/st/stm32cubeide_1.9.0/stm32cubeide/plugins/com.st.stm32cube.ide.mcu.externaltools.gnu-tools-for-stm32.10.3-2021.10.win32_1.0.0.202111181127/tools/bin/../lib/gcc/arm-none-eabi/10.3.1/thumb/v7-m/nofp/crtbegin.o
 *(.bss*)
 .bss.hi2c1     0x000000002000019c       0x54 ./Core/Src/i2c.o
                0x000000002000019c                hi2c1
 .bss.uwTick    0x00000000200001f0        0x4 ./Drivers/STM32L1xx_HAL_Driver/Src/stm32l1xx_hal.o
                0x00000000200001f0                uwTick
 .bss.cfgidx.0  0x00000000200001f4        0x1 ./Middlewares/ST/STM32_USB_Device_Library/Core/Src/usbd_ctlreq.o
 *fill*         0x00000000200001f5        0x3 
 .bss.hUsbDeviceFS
                0x00000000200001f8      0x29c ./USB_DEVICE/App/usb_device.o
                0x00000000200001f8                hUsbDeviceFS
 .bss.UserRxBufferFS
                0x0000000020000494      0x400 ./USB_DEVICE/App/usbd_cdc_if.o
                0x0000000020000494                UserRxBufferFS
 .bss.UserTxBufferFS
                0x0000000020000894      0x400 ./USB_DEVICE/App/usbd_cdc_if.o
                0x0000000020000894                UserTxBufferFS
 .bss.USBD_StrDesc
                0x0000000020000c94      0x200 ./USB_DEVICE/App/usbd_desc.o
                0x0000000020000c94                USBD_StrDesc
 .bss.hpcd_USB_FS
                0x0000000020000e94      0x2ec ./USB_DEVICE/Target/usbd_conf.o
                0x0000000020000e94                hpcd_USB_FS
 .bss.mem.0     0x0000000020001180      0x220 ./USB_DEVICE/Target/usbd_conf.o
 .bss.devaddr   0x00000000200013a0        0x1 ./User/Src/kernel.o
                0x00000000200013a0                devaddr
 .bss.usb_cursor
                0x00000000200013a1        0x1 ./User/Src/usb_snd.o
                0x00000000200013a1                usb_cursor
 .bss.usb_len   0x00000000200013a2        0x2 ./User/Src/usb_snd.o
                0x00000000200013a2                usb_len
 .bss.usb_buff  0x00000000200013a4      0x100 ./User/Src/usb_snd.o
                0x00000000200013a4                usb_buff
 .bss.usb_rx    0x00000000200014a4      0x100 ./User/Src/usb_snd.o
                0x00000000200014a4                usb_rx
 .bss.usb_ln    0x00000000200015a4        0x1 ./User/Src/usb_snd.o
                0x00000000200015a4                usb_ln
 .bss.usb_stp   0x00000000200015a5        0x1 ./User/Src/usb_snd.o
                0x00000000200015a5                usb_stp
 *(COMMON)
                0x00000000200015a8                . = ALIGN (0x4)
 *fill*         0x00000000200015a6        0x2 
                0x00000000200015a8                _ebss = .
                0x00000000200015a8                __bss_end__ = _ebss

._user_heap_stack
                0x00000000200015a8      0x600 load address 0x00000000080094b0
                0x00000000200015a8                . = ALIGN (0x8)
                [!provide]                        PROVIDE (end = .)
                0x00000000200015a8                PROVIDE (_end = .)
                0x00000000200017a8                . = (. + _Min_Heap_Size)
 *fill*         0x00000000200015a8      0x200 
                0x0000000020001ba8                . = (. + _Min_Stack_Size)
 *fill*         0x00000000200017a8      0x400 
                0x0000000020001ba8                . = ALIGN (0x8)

/DISCARD/
 libc.a(*)
 libm.a(*)
 libgcc.a(*)

.ARM.attributes
                0x0000000000000000       0x29
 *(.ARM.attributes)
 .ARM.attributes
                0x0000000000000000       0x1d c:/st/stm32cubeide_1.9.0/stm32cubeide/plugins/com.st.stm32cube.ide.mcu.externaltools.gnu-tools-for-stm32.10.3-2021.10.win32_1.0.0.202111181127/tools/bin/../lib/gcc/arm-none-eabi/10.3.1/thumb/v7-m/nofp/crti.o
 .ARM.attributes
                0x000000000000001d       0x2d c:/st/stm32cubeide_1.9.0/stm32cubeide/plugins/com.st.stm32cube.ide.mcu.externaltools.gnu-tools-for-stm32.10.3-2021.10.win32_1.0.0.202111181127/tools/bin/../lib/gcc/arm-none-eabi/10.3.1/thumb/v7-m/nofp/crtbegin.o
 .ARM.attributes
                0x000000000000004a       0x2d ./Core/Src/gpio.o
 .ARM.attributes
                0x0000000000000077       0x2d ./Core/Src/i2c.o
 .ARM.attributes
                0x00000000000000a4       0x2d ./Core/Src/main.o
 .ARM.attributes
                0x00000000000000d1       0x2d ./Core/Src/stm32l1xx_hal_msp.o
 .ARM.attributes
                0x00000000000000fe       0x2d ./Core/Src/stm32l1xx_it.o
 .ARM.attributes
                0x000000000000012b       0x2d ./Core/Src/system_stm32l1xx.o
 .ARM.attributes
                0x0000000000000158       0x21 ./Core/Startup/startup_stm32l151cbtx.o
 .ARM.attributes
                0x0000000000000179       0x2d ./Drivers/STM32L1xx_HAL_Driver/Src/stm32l1xx_hal.o
 .ARM.attributes
                0x00000000000001a6       0x2d ./Drivers/STM32L1xx_HAL_Driver/Src/stm32l1xx_hal_cortex.o
 .ARM.attributes
                0x00000000000001d3       0x2d ./Drivers/STM32L1xx_HAL_Driver/Src/stm32l1xx_hal_gpio.o
 .ARM.attributes
                0x0000000000000200       0x2d ./Drivers/STM32L1xx_HAL_Driver/Src/stm32l1xx_hal_i2c.o
 .ARM.attributes
                0x000000000000022d       0x2d ./Drivers/STM32L1xx_HAL_Driver/Src/stm32l1xx_hal_pcd.o
 .ARM.attributes
                0x000000000000025a       0x2d ./Drivers/STM32L1xx_HAL_Driver/Src/stm32l1xx_hal_pcd_ex.o
 .ARM.attributes
                0x0000000000000287       0x2d ./Drivers/STM32L1xx_HAL_Driver/Src/stm32l1xx_hal_rcc.o
 .ARM.attributes
                0x00000000000002b4       0x2d ./Drivers/STM32L1xx_HAL_Driver/Src/stm32l1xx_ll_usb.o
 .ARM.attributes
                0x00000000000002e1       0x2d ./Middlewares/ST/STM32_USB_Device_Library/Class/CDC/Src/usbd_cdc.o
 .ARM.attributes
                0x000000000000030e       0x2d ./Middlewares/ST/STM32_USB_Device_Library/Core/Src/usbd_core.o
 .ARM.attributes
                0x000000000000033b       0x2d ./Middlewares/ST/STM32_USB_Device_Library/Core/Src/usbd_ctlreq.o
 .ARM.attributes
                0x0000000000000368       0x2d ./Middlewares/ST/STM32_USB_Device_Library/Core/Src/usbd_ioreq.o
 .ARM.attributes
                0x0000000000000395       0x2d ./USB_DEVICE/App/usb_device.o
 .ARM.attributes
                0x00000000000003c2       0x2d ./USB_DEVICE/App/usbd_cdc_if.o
 .ARM.attributes
                0x00000000000003ef       0x2d ./USB_DEVICE/App/usbd_desc.o
 .ARM.attributes
                0x000000000000041c       0x2d ./USB_DEVICE/Target/usbd_conf.o
 .ARM.attributes
                0x0000000000000449       0x2d ./User/Src/kernel.o
 .ARM.attributes
                0x0000000000000476       0x2d ./User/Src/usb_snd.o
 .ARM.attributes
                0x00000000000004a3       0x2d c:/st/stm32cubeide_1.9.0/stm32cubeide/plugins/com.st.stm32cube.ide.mcu.externaltools.gnu-tools-for-stm32.10.3-2021.10.win32_1.0.0.202111181127/tools/bin/../lib/gcc/arm-none-eabi/10.3.1/../../../../arm-none-eabi/lib/thumb/v7-m/nofp\libc_nano.a(lib_a-init.o)
 .ARM.attributes
                0x00000000000004d0       0x2d c:/st/stm32cubeide_1.9.0/stm32cubeide/plugins/com.st.stm32cube.ide.mcu.externaltools.gnu-tools-for-stm32.10.3-2021.10.win32_1.0.0.202111181127/tools/bin/../lib/gcc/arm-none-eabi/10.3.1/../../../../arm-none-eabi/lib/thumb/v7-m/nofp\libc_nano.a(lib_a-memset.o)
 .ARM.attributes
                0x00000000000004fd       0x1d c:/st/stm32cubeide_1.9.0/stm32cubeide/plugins/com.st.stm32cube.ide.mcu.externaltools.gnu-tools-for-stm32.10.3-2021.10.win32_1.0.0.202111181127/tools/bin/../lib/gcc/arm-none-eabi/10.3.1/thumb/v7-m/nofp\libgcc.a(_aeabi_uldivmod.o)
 .ARM.attributes
                0x000000000000051a       0x2d c:/st/stm32cubeide_1.9.0/stm32cubeide/plugins/com.st.stm32cube.ide.mcu.externaltools.gnu-tools-for-stm32.10.3-2021.10.win32_1.0.0.202111181127/tools/bin/../lib/gcc/arm-none-eabi/10.3.1/thumb/v7-m/nofp\libgcc.a(_udivmoddi4.o)
 .ARM.attributes
                0x0000000000000547       0x1d c:/st/stm32cubeide_1.9.0/stm32cubeide/plugins/com.st.stm32cube.ide.mcu.externaltools.gnu-tools-for-stm32.10.3-2021.10.win32_1.0.0.202111181127/tools/bin/../lib/gcc/arm-none-eabi/10.3.1/thumb/v7-m/nofp\libgcc.a(_dvmd_tls.o)
 .ARM.attributes
                0x0000000000000564       0x1d c:/st/stm32cubeide_1.9.0/stm32cubeide/plugins/com.st.stm32cube.ide.mcu.externaltools.gnu-tools-for-stm32.10.3-2021.10.win32_1.0.0.202111181127/tools/bin/../lib/gcc/arm-none-eabi/10.3.1/thumb/v7-m/nofp/crtn.o
OUTPUT(L151_HMC.elf elf32-littlearm)
LOAD linker stubs
LOAD c:/st/stm32cubeide_1.9.0/stm32cubeide/plugins/com.st.stm32cube.ide.mcu.externaltools.gnu-tools-for-stm32.10.3-2021.10.win32_1.0.0.202111181127/tools/bin/../lib/gcc/arm-none-eabi/10.3.1/../../../../arm-none-eabi/lib/thumb/v7-m/nofp\libc.a
LOAD c:/st/stm32cubeide_1.9.0/stm32cubeide/plugins/com.st.stm32cube.ide.mcu.externaltools.gnu-tools-for-stm32.10.3-2021.10.win32_1.0.0.202111181127/tools/bin/../lib/gcc/arm-none-eabi/10.3.1/../../../../arm-none-eabi/lib/thumb/v7-m/nofp\libm.a
LOAD c:/st/stm32cubeide_1.9.0/stm32cubeide/plugins/com.st.stm32cube.ide.mcu.externaltools.gnu-tools-for-stm32.10.3-2021.10.win32_1.0.0.202111181127/tools/bin/../lib/gcc/arm-none-eabi/10.3.1/thumb/v7-m/nofp\libgcc.a

.debug_info     0x0000000000000000    0x100ed
 .debug_info    0x0000000000000000      0x366 ./Core/Src/gpio.o
 .debug_info    0x0000000000000366      0x8cf ./Core/Src/i2c.o
 .debug_info    0x0000000000000c35      0x35a ./Core/Src/main.o
 .debug_info    0x0000000000000f8f      0x1d5 ./Core/Src/stm32l1xx_hal_msp.o
 .debug_info    0x0000000000001164      0x652 ./Core/Src/stm32l1xx_it.o
 .debug_info    0x00000000000017b6      0x2a7 ./Core/Src/system_stm32l1xx.o
 .debug_info    0x0000000000001a5d       0x22 ./Core/Startup/startup_stm32l151cbtx.o
 .debug_info    0x0000000000001a7f      0x6e4 ./Drivers/STM32L1xx_HAL_Driver/Src/stm32l1xx_hal.o
 .debug_info    0x0000000000002163      0xd43 ./Drivers/STM32L1xx_HAL_Driver/Src/stm32l1xx_hal_cortex.o
 .debug_info    0x0000000000002ea6      0x627 ./Drivers/STM32L1xx_HAL_Driver/Src/stm32l1xx_hal_gpio.o
 .debug_info    0x00000000000034cd     0x25a2 ./Drivers/STM32L1xx_HAL_Driver/Src/stm32l1xx_hal_i2c.o
 .debug_info    0x0000000000005a6f     0x15b3 ./Drivers/STM32L1xx_HAL_Driver/Src/stm32l1xx_hal_pcd.o
 .debug_info    0x0000000000007022      0x719 ./Drivers/STM32L1xx_HAL_Driver/Src/stm32l1xx_hal_pcd_ex.o
 .debug_info    0x000000000000773b      0x991 ./Drivers/STM32L1xx_HAL_Driver/Src/stm32l1xx_hal_rcc.o
 .debug_info    0x00000000000080cc     0x172e ./Drivers/STM32L1xx_HAL_Driver/Src/stm32l1xx_ll_usb.o
 .debug_info    0x00000000000097fa     0x10e2 ./Middlewares/ST/STM32_USB_Device_Library/Class/CDC/Src/usbd_cdc.o
 .debug_info    0x000000000000a8dc      0xb02 ./Middlewares/ST/STM32_USB_Device_Library/Core/Src/usbd_core.o
 .debug_info    0x000000000000b3de      0x9a6 ./Middlewares/ST/STM32_USB_Device_Library/Core/Src/usbd_ctlreq.o
 .debug_info    0x000000000000bd84      0x715 ./Middlewares/ST/STM32_USB_Device_Library/Core/Src/usbd_ioreq.o
 .debug_info    0x000000000000c499      0x679 ./USB_DEVICE/App/usb_device.o
 .debug_info    0x000000000000cb12      0x88b ./USB_DEVICE/App/usbd_cdc_if.o
 .debug_info    0x000000000000d39d      0x484 ./USB_DEVICE/App/usbd_desc.o
 .debug_info    0x000000000000d821     0x19bc ./USB_DEVICE/Target/usbd_conf.o
 .debug_info    0x000000000000f1dd      0x9bb ./User/Src/kernel.o
 .debug_info    0x000000000000fb98      0x555 ./User/Src/usb_snd.o

.debug_abbrev   0x0000000000000000     0x31a4
 .debug_abbrev  0x0000000000000000      0x146 ./Core/Src/gpio.o
 .debug_abbrev  0x0000000000000146      0x1e0 ./Core/Src/i2c.o
 .debug_abbrev  0x0000000000000326      0x1cd ./Core/Src/main.o
 .debug_abbrev  0x00000000000004f3       0xc2 ./Core/Src/stm32l1xx_hal_msp.o
 .debug_abbrev  0x00000000000005b5      0x188 ./Core/Src/stm32l1xx_it.o
 .debug_abbrev  0x000000000000073d      0x116 ./Core/Src/system_stm32l1xx.o
 .debug_abbrev  0x0000000000000853       0x12 ./Core/Startup/startup_stm32l151cbtx.o
 .debug_abbrev  0x0000000000000865      0x26c ./Drivers/STM32L1xx_HAL_Driver/Src/stm32l1xx_hal.o
 .debug_abbrev  0x0000000000000ad1      0x316 ./Drivers/STM32L1xx_HAL_Driver/Src/stm32l1xx_hal_cortex.o
 .debug_abbrev  0x0000000000000de7      0x1c4 ./Drivers/STM32L1xx_HAL_Driver/Src/stm32l1xx_hal_gpio.o
 .debug_abbrev  0x0000000000000fab      0x293 ./Drivers/STM32L1xx_HAL_Driver/Src/stm32l1xx_hal_i2c.o
 .debug_abbrev  0x000000000000123e      0x2c0 ./Drivers/STM32L1xx_HAL_Driver/Src/stm32l1xx_hal_pcd.o
 .debug_abbrev  0x00000000000014fe      0x17f ./Drivers/STM32L1xx_HAL_Driver/Src/stm32l1xx_hal_pcd_ex.o
 .debug_abbrev  0x000000000000167d      0x2b0 ./Drivers/STM32L1xx_HAL_Driver/Src/stm32l1xx_hal_rcc.o
 .debug_abbrev  0x000000000000192d      0x22f ./Drivers/STM32L1xx_HAL_Driver/Src/stm32l1xx_ll_usb.o
 .debug_abbrev  0x0000000000001b5c      0x2c0 ./Middlewares/ST/STM32_USB_Device_Library/Class/CDC/Src/usbd_cdc.o
 .debug_abbrev  0x0000000000001e1c      0x236 ./Middlewares/ST/STM32_USB_Device_Library/Core/Src/usbd_core.o
 .debug_abbrev  0x0000000000002052      0x257 ./Middlewares/ST/STM32_USB_Device_Library/Core/Src/usbd_ctlreq.o
 .debug_abbrev  0x00000000000022a9      0x183 ./Middlewares/ST/STM32_USB_Device_Library/Core/Src/usbd_ioreq.o
 .debug_abbrev  0x000000000000242c      0x183 ./USB_DEVICE/App/usb_device.o
 .debug_abbrev  0x00000000000025af      0x299 ./USB_DEVICE/App/usbd_cdc_if.o
 .debug_abbrev  0x0000000000002848      0x1fa ./USB_DEVICE/App/usbd_desc.o
 .debug_abbrev  0x0000000000002a42      0x305 ./USB_DEVICE/Target/usbd_conf.o
 .debug_abbrev  0x0000000000002d47      0x21a ./User/Src/kernel.o
 .debug_abbrev  0x0000000000002f61      0x243 ./User/Src/usb_snd.o

.debug_aranges  0x0000000000000000      0xda8
 .debug_aranges
                0x0000000000000000       0x20 ./Core/Src/gpio.o
 .debug_aranges
                0x0000000000000020       0x30 ./Core/Src/i2c.o
 .debug_aranges
                0x0000000000000050       0x30 ./Core/Src/main.o
 .debug_aranges
                0x0000000000000080       0x20 ./Core/Src/stm32l1xx_hal_msp.o
 .debug_aranges
                0x00000000000000a0       0x68 ./Core/Src/stm32l1xx_it.o
 .debug_aranges
                0x0000000000000108       0x28 ./Core/Src/system_stm32l1xx.o
 .debug_aranges
                0x0000000000000130       0x28 ./Core/Startup/startup_stm32l151cbtx.o
 .debug_aranges
                0x0000000000000158       0xe0 ./Drivers/STM32L1xx_HAL_Driver/Src/stm32l1xx_hal.o
 .debug_aranges
                0x0000000000000238      0x118 ./Drivers/STM32L1xx_HAL_Driver/Src/stm32l1xx_hal_cortex.o
 .debug_aranges
                0x0000000000000350       0x58 ./Drivers/STM32L1xx_HAL_Driver/Src/stm32l1xx_hal_gpio.o
 .debug_aranges
                0x00000000000003a8      0x2a0 ./Drivers/STM32L1xx_HAL_Driver/Src/stm32l1xx_hal_i2c.o
 .debug_aranges
                0x0000000000000648      0x138 ./Drivers/STM32L1xx_HAL_Driver/Src/stm32l1xx_hal_pcd.o
 .debug_aranges
                0x0000000000000780       0x38 ./Drivers/STM32L1xx_HAL_Driver/Src/stm32l1xx_hal_pcd_ex.o
 .debug_aranges
                0x00000000000007b8       0x90 ./Drivers/STM32L1xx_HAL_Driver/Src/stm32l1xx_hal_rcc.o
 .debug_aranges
                0x0000000000000848       0xb0 ./Drivers/STM32L1xx_HAL_Driver/Src/stm32l1xx_ll_usb.o
 .debug_aranges
                0x00000000000008f8       0x90 ./Middlewares/ST/STM32_USB_Device_Library/Class/CDC/Src/usbd_cdc.o
 .debug_aranges
                0x0000000000000988       0xb8 ./Middlewares/ST/STM32_USB_Device_Library/Core/Src/usbd_core.o
 .debug_aranges
                0x0000000000000a40       0x88 ./Middlewares/ST/STM32_USB_Device_Library/Core/Src/usbd_ctlreq.o
 .debug_aranges
                0x0000000000000ac8       0x50 ./Middlewares/ST/STM32_USB_Device_Library/Core/Src/usbd_ioreq.o
 .debug_aranges
                0x0000000000000b18       0x20 ./USB_DEVICE/App/usb_device.o
 .debug_aranges
                0x0000000000000b38       0x40 ./USB_DEVICE/App/usbd_cdc_if.o
 .debug_aranges
                0x0000000000000b78       0x60 ./USB_DEVICE/App/usbd_desc.o
 .debug_aranges
                0x0000000000000bd8      0x118 ./USB_DEVICE/Target/usbd_conf.o
 .debug_aranges
                0x0000000000000cf0       0x30 ./User/Src/kernel.o
 .debug_aranges
                0x0000000000000d20       0x88 ./User/Src/usb_snd.o

.debug_ranges   0x0000000000000000      0xc48
 .debug_ranges  0x0000000000000000       0x10 ./Core/Src/gpio.o
 .debug_ranges  0x0000000000000010       0x20 ./Core/Src/i2c.o
 .debug_ranges  0x0000000000000030       0x20 ./Core/Src/main.o
 .debug_ranges  0x0000000000000050       0x10 ./Core/Src/stm32l1xx_hal_msp.o
 .debug_ranges  0x0000000000000060       0x58 ./Core/Src/stm32l1xx_it.o
 .debug_ranges  0x00000000000000b8       0x18 ./Core/Src/system_stm32l1xx.o
 .debug_ranges  0x00000000000000d0       0x20 ./Core/Startup/startup_stm32l151cbtx.o
 .debug_ranges  0x00000000000000f0       0xd0 ./Drivers/STM32L1xx_HAL_Driver/Src/stm32l1xx_hal.o
 .debug_ranges  0x00000000000001c0      0x108 ./Drivers/STM32L1xx_HAL_Driver/Src/stm32l1xx_hal_cortex.o
 .debug_ranges  0x00000000000002c8       0x48 ./Drivers/STM32L1xx_HAL_Driver/Src/stm32l1xx_hal_gpio.o
 .debug_ranges  0x0000000000000310      0x2b8 ./Drivers/STM32L1xx_HAL_Driver/Src/stm32l1xx_hal_i2c.o
 .debug_ranges  0x00000000000005c8      0x128 ./Drivers/STM32L1xx_HAL_Driver/Src/stm32l1xx_hal_pcd.o
 .debug_ranges  0x00000000000006f0       0x28 ./Drivers/STM32L1xx_HAL_Driver/Src/stm32l1xx_hal_pcd_ex.o
 .debug_ranges  0x0000000000000718       0x80 ./Drivers/STM32L1xx_HAL_Driver/Src/stm32l1xx_hal_rcc.o
 .debug_ranges  0x0000000000000798       0xa0 ./Drivers/STM32L1xx_HAL_Driver/Src/stm32l1xx_ll_usb.o
 .debug_ranges  0x0000000000000838       0x80 ./Middlewares/ST/STM32_USB_Device_Library/Class/CDC/Src/usbd_cdc.o
 .debug_ranges  0x00000000000008b8       0xa8 ./Middlewares/ST/STM32_USB_Device_Library/Core/Src/usbd_core.o
 .debug_ranges  0x0000000000000960       0x78 ./Middlewares/ST/STM32_USB_Device_Library/Core/Src/usbd_ctlreq.o
 .debug_ranges  0x00000000000009d8       0x40 ./Middlewares/ST/STM32_USB_Device_Library/Core/Src/usbd_ioreq.o
 .debug_ranges  0x0000000000000a18       0x10 ./USB_DEVICE/App/usb_device.o
 .debug_ranges  0x0000000000000a28       0x30 ./USB_DEVICE/App/usbd_cdc_if.o
 .debug_ranges  0x0000000000000a58       0x50 ./USB_DEVICE/App/usbd_desc.o
 .debug_ranges  0x0000000000000aa8      0x108 ./USB_DEVICE/Target/usbd_conf.o
 .debug_ranges  0x0000000000000bb0       0x20 ./User/Src/kernel.o
 .debug_ranges  0x0000000000000bd0       0x78 ./User/Src/usb_snd.o

.debug_macro    0x0000000000000000    0x16ae4
 .debug_macro   0x0000000000000000      0x1d8 ./Core/Src/gpio.o
 .debug_macro   0x00000000000001d8      0xa6c ./Core/Src/gpio.o
 .debug_macro   0x0000000000000c44      0x10f ./Core/Src/gpio.o
 .debug_macro   0x0000000000000d53       0x2e ./Core/Src/gpio.o
 .debug_macro   0x0000000000000d81       0x22 ./Core/Src/gpio.o
 .debug_macro   0x0000000000000da3       0x22 ./Core/Src/gpio.o
 .debug_macro   0x0000000000000dc5       0x8e ./Core/Src/gpio.o
 .debug_macro   0x0000000000000e53       0x51 ./Core/Src/gpio.o
 .debug_macro   0x0000000000000ea4      0x103 ./Core/Src/gpio.o
 .debug_macro   0x0000000000000fa7       0x6a ./Core/Src/gpio.o
 .debug_macro   0x0000000000001011      0x1df ./Core/Src/gpio.o
 .debug_macro   0x00000000000011f0       0x1c ./Core/Src/gpio.o
 .debug_macro   0x000000000000120c       0x22 ./Core/Src/gpio.o
 .debug_macro   0x000000000000122e       0xbd ./Core/Src/gpio.o
 .debug_macro   0x00000000000012eb      0xe49 ./Core/Src/gpio.o
 .debug_macro   0x0000000000002134      0x11f ./Core/Src/gpio.o
 .debug_macro   0x0000000000002253     0x98e5 ./Core/Src/gpio.o
 .debug_macro   0x000000000000bb38       0x6d ./Core/Src/gpio.o
 .debug_macro   0x000000000000bba5     0x34ca ./Core/Src/gpio.o
 .debug_macro   0x000000000000f06f      0x174 ./Core/Src/gpio.o
 .debug_macro   0x000000000000f1e3       0x5b ./Core/Src/gpio.o
 .debug_macro   0x000000000000f23e      0xe38 ./Core/Src/gpio.o
 .debug_macro   0x0000000000010076       0x5c ./Core/Src/gpio.o
 .debug_macro   0x00000000000100d2      0x1b9 ./Core/Src/gpio.o
 .debug_macro   0x000000000001028b       0xa7 ./Core/Src/gpio.o
 .debug_macro   0x0000000000010332      0x21e ./Core/Src/gpio.o
 .debug_macro   0x0000000000010550      0x236 ./Core/Src/gpio.o
 .debug_macro   0x0000000000010786      0x108 ./Core/Src/gpio.o
 .debug_macro   0x000000000001088e      0x281 ./Core/Src/gpio.o
 .debug_macro   0x0000000000010b0f      0x287 ./Core/Src/gpio.o
 .debug_macro   0x0000000000010d96      0x1e9 ./Core/Src/gpio.o
 .debug_macro   0x0000000000010f7f       0x22 ./Core/Src/gpio.o
 .debug_macro   0x0000000000010fa1       0x65 ./Core/Src/gpio.o
 .debug_macro   0x0000000000011006      0x249 ./Core/Src/gpio.o
 .debug_macro   0x000000000001124f      0x15c ./Core/Src/gpio.o
 .debug_macro   0x00000000000113ab      0x3ce ./Core/Src/gpio.o
 .debug_macro   0x0000000000011779       0x10 ./Core/Src/gpio.o
 .debug_macro   0x0000000000011789      0x1d8 ./Core/Src/i2c.o
 .debug_macro   0x0000000000011961      0x3d1 ./Core/Src/main.o
 .debug_macro   0x0000000000011d32       0x52 ./Core/Src/main.o
 .debug_macro   0x0000000000011d84       0x18 ./Core/Src/main.o
 .debug_macro   0x0000000000011d9c       0x3c ./Core/Src/main.o
 .debug_macro   0x0000000000011dd8       0x34 ./Core/Src/main.o
 .debug_macro   0x0000000000011e0c       0x16 ./Core/Src/main.o
 .debug_macro   0x0000000000011e22       0x35 ./Core/Src/main.o
 .debug_macro   0x0000000000011e57      0x341 ./Core/Src/main.o
 .debug_macro   0x0000000000012198       0x10 ./Core/Src/main.o
 .debug_macro   0x00000000000121a8       0x16 ./Core/Src/main.o
 .debug_macro   0x00000000000121be       0x43 ./Core/Src/main.o
 .debug_macro   0x0000000000012201       0x34 ./Core/Src/main.o
 .debug_macro   0x0000000000012235       0x10 ./Core/Src/main.o
 .debug_macro   0x0000000000012245       0x58 ./Core/Src/main.o
 .debug_macro   0x000000000001229d       0x71 ./Core/Src/main.o
 .debug_macro   0x000000000001230e       0x1c ./Core/Src/main.o
 .debug_macro   0x000000000001232a      0x12a ./Core/Src/main.o
 .debug_macro   0x0000000000012454       0x10 ./Core/Src/main.o
 .debug_macro   0x0000000000012464       0x1c ./Core/Src/main.o
 .debug_macro   0x0000000000012480       0x52 ./Core/Src/main.o
 .debug_macro   0x00000000000124d2       0x22 ./Core/Src/main.o
 .debug_macro   0x00000000000124f4       0x10 ./Core/Src/main.o
 .debug_macro   0x0000000000012504       0x52 ./Core/Src/main.o
 .debug_macro   0x0000000000012556       0xd5 ./Core/Src/main.o
 .debug_macro   0x000000000001262b       0x1c ./Core/Src/main.o
 .debug_macro   0x0000000000012647       0x3d ./Core/Src/main.o
 .debug_macro   0x0000000000012684       0x16 ./Core/Src/main.o
 .debug_macro   0x000000000001269a      0x145 ./Core/Src/main.o
 .debug_macro   0x00000000000127df       0x16 ./Core/Src/main.o
 .debug_macro   0x00000000000127f5       0x16 ./Core/Src/main.o
 .debug_macro   0x000000000001280b       0x29 ./Core/Src/main.o
 .debug_macro   0x0000000000012834       0x16 ./Core/Src/main.o
 .debug_macro   0x000000000001284a       0x20 ./Core/Src/main.o
 .debug_macro   0x000000000001286a       0x59 ./Core/Src/main.o
 .debug_macro   0x00000000000128c3      0x1d6 ./Core/Src/main.o
 .debug_macro   0x0000000000012a99      0x1ce ./Core/Src/stm32l1xx_hal_msp.o
 .debug_macro   0x0000000000012c67      0x1d8 ./Core/Src/stm32l1xx_it.o
 .debug_macro   0x0000000000012e3f      0x1bf ./Core/Src/system_stm32l1xx.o
 .debug_macro   0x0000000000012ffe      0x1e3 ./Drivers/STM32L1xx_HAL_Driver/Src/stm32l1xx_hal.o
 .debug_macro   0x00000000000131e1      0x1bf ./Drivers/STM32L1xx_HAL_Driver/Src/stm32l1xx_hal_cortex.o
 .debug_macro   0x00000000000133a0      0x1c6 ./Drivers/STM32L1xx_HAL_Driver/Src/stm32l1xx_hal_gpio.o
 .debug_macro   0x0000000000013566      0x206 ./Drivers/STM32L1xx_HAL_Driver/Src/stm32l1xx_hal_i2c.o
 .debug_macro   0x000000000001376c      0x1cb ./Drivers/STM32L1xx_HAL_Driver/Src/stm32l1xx_hal_pcd.o
 .debug_macro   0x0000000000013937      0x1bf ./Drivers/STM32L1xx_HAL_Driver/Src/stm32l1xx_hal_pcd_ex.o
 .debug_macro   0x0000000000013af6      0x1d1 ./Drivers/STM32L1xx_HAL_Driver/Src/stm32l1xx_hal_rcc.o
 .debug_macro   0x0000000000013cc7      0x1bf ./Drivers/STM32L1xx_HAL_Driver/Src/stm32l1xx_ll_usb.o
 .debug_macro   0x0000000000013e86      0x3e4 ./Middlewares/ST/STM32_USB_Device_Library/Class/CDC/Src/usbd_cdc.o
 .debug_macro   0x000000000001426a       0x97 ./Middlewares/ST/STM32_USB_Device_Library/Class/CDC/Src/usbd_cdc.o
 .debug_macro   0x0000000000014301       0xfd ./Middlewares/ST/STM32_USB_Device_Library/Class/CDC/Src/usbd_cdc.o
 .debug_macro   0x00000000000143fe       0x55 ./Middlewares/ST/STM32_USB_Device_Library/Class/CDC/Src/usbd_cdc.o
 .debug_macro   0x0000000000014453       0x8f ./Middlewares/ST/STM32_USB_Device_Library/Class/CDC/Src/usbd_cdc.o
 .debug_macro   0x00000000000144e2      0x3cb ./Middlewares/ST/STM32_USB_Device_Library/Core/Src/usbd_core.o
 .debug_macro   0x00000000000148ad      0x1dc ./Middlewares/ST/STM32_USB_Device_Library/Core/Src/usbd_core.o
 .debug_macro   0x0000000000014a89      0x3d5 ./Middlewares/ST/STM32_USB_Device_Library/Core/Src/usbd_ctlreq.o
 .debug_macro   0x0000000000014e5e      0x3d1 ./Middlewares/ST/STM32_USB_Device_Library/Core/Src/usbd_ioreq.o
 .debug_macro   0x000000000001522f      0x404 ./USB_DEVICE/App/usb_device.o
 .debug_macro   0x0000000000015633       0x16 ./USB_DEVICE/App/usb_device.o
 .debug_macro   0x0000000000015649       0x22 ./USB_DEVICE/App/usb_device.o
 .debug_macro   0x000000000001566b       0x16 ./USB_DEVICE/App/usb_device.o
 .debug_macro   0x0000000000015681      0x3ef ./USB_DEVICE/App/usbd_cdc_if.o
 .debug_macro   0x0000000000015a70       0x10 ./USB_DEVICE/App/usbd_cdc_if.o
 .debug_macro   0x0000000000015a80      0x408 ./USB_DEVICE/App/usbd_desc.o
 .debug_macro   0x0000000000015e88       0x1c ./USB_DEVICE/App/usbd_desc.o
 .debug_macro   0x0000000000015ea4      0x3e8 ./USB_DEVICE/Target/usbd_conf.o
 .debug_macro   0x000000000001628c      0x44b ./User/Src/kernel.o
 .debug_macro   0x00000000000166d7      0x40d ./User/Src/usb_snd.o

.debug_line     0x0000000000000000    0x139b6
 .debug_line    0x0000000000000000      0x6c1 ./Core/Src/gpio.o
 .debug_line    0x00000000000006c1      0x71c ./Core/Src/i2c.o
 .debug_line    0x0000000000000ddd      0x9f9 ./Core/Src/main.o
 .debug_line    0x00000000000017d6      0x6b3 ./Core/Src/stm32l1xx_hal_msp.o
 .debug_line    0x0000000000001e89      0x78d ./Core/Src/stm32l1xx_it.o
 .debug_line    0x0000000000002616      0x753 ./Core/Src/system_stm32l1xx.o
 .debug_line    0x0000000000002d69       0x87 ./Core/Startup/startup_stm32l151cbtx.o
 .debug_line    0x0000000000002df0      0x976 ./Drivers/STM32L1xx_HAL_Driver/Src/stm32l1xx_hal.o
 .debug_line    0x0000000000003766      0xc43 ./Drivers/STM32L1xx_HAL_Driver/Src/stm32l1xx_hal_cortex.o
 .debug_line    0x00000000000043a9      0x9c8 ./Drivers/STM32L1xx_HAL_Driver/Src/stm32l1xx_hal_gpio.o
 .debug_line    0x0000000000004d71     0x38e1 ./Drivers/STM32L1xx_HAL_Driver/Src/stm32l1xx_hal_i2c.o
 .debug_line    0x0000000000008652     0x1264 ./Drivers/STM32L1xx_HAL_Driver/Src/stm32l1xx_hal_pcd.o
 .debug_line    0x00000000000098b6      0x72c ./Drivers/STM32L1xx_HAL_Driver/Src/stm32l1xx_hal_pcd_ex.o
 .debug_line    0x0000000000009fe2      0xe7e ./Drivers/STM32L1xx_HAL_Driver/Src/stm32l1xx_hal_rcc.o
 .debug_line    0x000000000000ae60      0xfd2 ./Drivers/STM32L1xx_HAL_Driver/Src/stm32l1xx_ll_usb.o
 .debug_line    0x000000000000be32      0xd3a ./Middlewares/ST/STM32_USB_Device_Library/Class/CDC/Src/usbd_cdc.o
 .debug_line    0x000000000000cb6c      0xdb4 ./Middlewares/ST/STM32_USB_Device_Library/Core/Src/usbd_core.o
 .debug_line    0x000000000000d920      0xf53 ./Middlewares/ST/STM32_USB_Device_Library/Core/Src/usbd_ctlreq.o
 .debug_line    0x000000000000e873      0xa52 ./Middlewares/ST/STM32_USB_Device_Library/Core/Src/usbd_ioreq.o
 .debug_line    0x000000000000f2c5      0xa12 ./USB_DEVICE/App/usb_device.o
 .debug_line    0x000000000000fcd7      0xa87 ./USB_DEVICE/App/usbd_cdc_if.o
 .debug_line    0x000000000001075e      0xadb ./USB_DEVICE/App/usbd_desc.o
 .debug_line    0x0000000000011239      0xe02 ./USB_DEVICE/Target/usbd_conf.o
 .debug_line    0x000000000001203b      0xb80 ./User/Src/kernel.o
 .debug_line    0x0000000000012bbb      0xdfb ./User/Src/usb_snd.o

.debug_str      0x0000000000000000    0x7a073
 .debug_str     0x0000000000000000    0x719fb ./Core/Src/gpio.o
                                      0x71c80 (size before relaxing)
 .debug_str     0x00000000000719fb      0x4ad ./Core/Src/i2c.o
                                      0x7213a (size before relaxing)
 .debug_str     0x0000000000071ea8     0x498e ./Core/Src/main.o
                                      0x7657f (size before relaxing)
 .debug_str     0x0000000000076836       0x2c ./Core/Src/stm32l1xx_hal_msp.o
                                      0x71bb5 (size before relaxing)
 .debug_str     0x0000000000076862      0x3e9 ./Core/Src/stm32l1xx_it.o
                                      0x71f88 (size before relaxing)
 .debug_str     0x0000000000076c4b       0x99 ./Core/Src/system_stm32l1xx.o
                                      0x71bf7 (size before relaxing)
 .debug_str     0x0000000000076ce4       0x36 ./Core/Startup/startup_stm32l151cbtx.o
                                         0x61 (size before relaxing)
 .debug_str     0x0000000000076d1a      0x5ed ./Drivers/STM32L1xx_HAL_Driver/Src/stm32l1xx_hal.o
                                      0x7227c (size before relaxing)
 .debug_str     0x0000000000077307      0x3a8 ./Drivers/STM32L1xx_HAL_Driver/Src/stm32l1xx_hal_cortex.o
                                      0x72356 (size before relaxing)
 .debug_str     0x00000000000776af      0x11b ./Drivers/STM32L1xx_HAL_Driver/Src/stm32l1xx_hal_gpio.o
                                      0x71d8a (size before relaxing)
 .debug_str     0x00000000000777ca      0xae6 ./Drivers/STM32L1xx_HAL_Driver/Src/stm32l1xx_hal_i2c.o
                                      0x72c15 (size before relaxing)
 .debug_str     0x00000000000782b0      0x4f9 ./Drivers/STM32L1xx_HAL_Driver/Src/stm32l1xx_hal_pcd.o
                                      0x7241a (size before relaxing)
 .debug_str     0x00000000000787a9      0x170 ./Drivers/STM32L1xx_HAL_Driver/Src/stm32l1xx_hal_pcd_ex.o
                                      0x72030 (size before relaxing)
 .debug_str     0x0000000000078919      0x24f ./Drivers/STM32L1xx_HAL_Driver/Src/stm32l1xx_hal_rcc.o
                                      0x72098 (size before relaxing)
 .debug_str     0x0000000000078b68       0xd8 ./Drivers/STM32L1xx_HAL_Driver/Src/stm32l1xx_ll_usb.o
                                      0x71f9b (size before relaxing)
 .debug_str     0x0000000000078c40      0x95f ./Middlewares/ST/STM32_USB_Device_Library/Class/CDC/Src/usbd_cdc.o
                                      0x770e6 (size before relaxing)
 .debug_str     0x000000000007959f      0x288 ./Middlewares/ST/STM32_USB_Device_Library/Core/Src/usbd_core.o
                                      0x76a21 (size before relaxing)
 .debug_str     0x0000000000079827      0x120 ./Middlewares/ST/STM32_USB_Device_Library/Core/Src/usbd_ctlreq.o
                                      0x7693b (size before relaxing)
 .debug_str     0x0000000000079947       0x51 ./Middlewares/ST/STM32_USB_Device_Library/Core/Src/usbd_ioreq.o
                                      0x76868 (size before relaxing)
 .debug_str     0x0000000000079998      0x105 ./USB_DEVICE/App/usb_device.o
                                      0x76bf3 (size before relaxing)
 .debug_str     0x0000000000079a9d       0x9b ./USB_DEVICE/App/usbd_cdc_if.o
                                      0x76c27 (size before relaxing)
 .debug_str     0x0000000000079b38      0x258 ./USB_DEVICE/App/usbd_desc.o
                                      0x767a4 (size before relaxing)
 .debug_str     0x0000000000079d90       0x78 ./USB_DEVICE/Target/usbd_conf.o
                                      0x7769e (size before relaxing)
 .debug_str     0x0000000000079e08      0x16b ./User/Src/kernel.o
                                      0x76d83 (size before relaxing)
 .debug_str     0x0000000000079f73      0x100 ./User/Src/usb_snd.o
                                      0x7689a (size before relaxing)

.comment        0x0000000000000000       0x50
 .comment       0x0000000000000000       0x50 ./Core/Src/gpio.o
                                         0x51 (size before relaxing)
 .comment       0x0000000000000050       0x51 ./Core/Src/i2c.o
 .comment       0x0000000000000050       0x51 ./Core/Src/main.o
 .comment       0x0000000000000050       0x51 ./Core/Src/stm32l1xx_hal_msp.o
 .comment       0x0000000000000050       0x51 ./Core/Src/stm32l1xx_it.o
 .comment       0x0000000000000050       0x51 ./Core/Src/system_stm32l1xx.o
 .comment       0x0000000000000050       0x51 ./Drivers/STM32L1xx_HAL_Driver/Src/stm32l1xx_hal.o
 .comment       0x0000000000000050       0x51 ./Drivers/STM32L1xx_HAL_Driver/Src/stm32l1xx_hal_cortex.o
 .comment       0x0000000000000050       0x51 ./Drivers/STM32L1xx_HAL_Driver/Src/stm32l1xx_hal_gpio.o
 .comment       0x0000000000000050       0x51 ./Drivers/STM32L1xx_HAL_Driver/Src/stm32l1xx_hal_i2c.o
 .comment       0x0000000000000050       0x51 ./Drivers/STM32L1xx_HAL_Driver/Src/stm32l1xx_hal_pcd.o
 .comment       0x0000000000000050       0x51 ./Drivers/STM32L1xx_HAL_Driver/Src/stm32l1xx_hal_pcd_ex.o
 .comment       0x0000000000000050       0x51 ./Drivers/STM32L1xx_HAL_Driver/Src/stm32l1xx_hal_rcc.o
 .comment       0x0000000000000050       0x51 ./Drivers/STM32L1xx_HAL_Driver/Src/stm32l1xx_ll_usb.o
 .comment       0x0000000000000050       0x51 ./Middlewares/ST/STM32_USB_Device_Library/Class/CDC/Src/usbd_cdc.o
 .comment       0x0000000000000050       0x51 ./Middlewares/ST/STM32_USB_Device_Library/Core/Src/usbd_core.o
 .comment       0x0000000000000050       0x51 ./Middlewares/ST/STM32_USB_Device_Library/Core/Src/usbd_ctlreq.o
 .comment       0x0000000000000050       0x51 ./Middlewares/ST/STM32_USB_Device_Library/Core/Src/usbd_ioreq.o
 .comment       0x0000000000000050       0x51 ./USB_DEVICE/App/usb_device.o
 .comment       0x0000000000000050       0x51 ./USB_DEVICE/App/usbd_cdc_if.o
 .comment       0x0000000000000050       0x51 ./USB_DEVICE/App/usbd_desc.o
 .comment       0x0000000000000050       0x51 ./USB_DEVICE/Target/usbd_conf.o
 .comment       0x0000000000000050       0x51 ./User/Src/kernel.o
 .comment       0x0000000000000050       0x51 ./User/Src/usb_snd.o

.debug_frame    0x0000000000000000     0x3634
 .debug_frame   0x0000000000000000       0x34 ./Core/Src/gpio.o
 .debug_frame   0x0000000000000034       0x74 ./Core/Src/i2c.o
 .debug_frame   0x00000000000000a8       0x68 ./Core/Src/main.o
 .debug_frame   0x0000000000000110       0x38 ./Core/Src/stm32l1xx_hal_msp.o
 .debug_frame   0x0000000000000148      0x120 ./Core/Src/stm32l1xx_it.o
 .debug_frame   0x0000000000000268       0x58 ./Core/Src/system_stm32l1xx.o
 .debug_frame   0x00000000000002c0      0x33c ./Drivers/STM32L1xx_HAL_Driver/Src/stm32l1xx_hal.o
 .debug_frame   0x00000000000005fc      0x498 ./Drivers/STM32L1xx_HAL_Driver/Src/stm32l1xx_hal_cortex.o
 .debug_frame   0x0000000000000a94      0x14c ./Drivers/STM32L1xx_HAL_Driver/Src/stm32l1xx_hal_gpio.o
 .debug_frame   0x0000000000000be0      0xc5c ./Drivers/STM32L1xx_HAL_Driver/Src/stm32l1xx_hal_i2c.o
 .debug_frame   0x000000000000183c      0x578 ./Drivers/STM32L1xx_HAL_Driver/Src/stm32l1xx_hal_pcd.o
 .debug_frame   0x0000000000001db4       0xb0 ./Drivers/STM32L1xx_HAL_Driver/Src/stm32l1xx_hal_pcd_ex.o
 .debug_frame   0x0000000000001e64      0x224 ./Drivers/STM32L1xx_HAL_Driver/Src/stm32l1xx_hal_rcc.o
 .debug_frame   0x0000000000002088      0x310 ./Drivers/STM32L1xx_HAL_Driver/Src/stm32l1xx_ll_usb.o
 .debug_frame   0x0000000000002398      0x248 ./Middlewares/ST/STM32_USB_Device_Library/Class/CDC/Src/usbd_cdc.o
 .debug_frame   0x00000000000025e0      0x300 ./Middlewares/ST/STM32_USB_Device_Library/Core/Src/usbd_core.o
 .debug_frame   0x00000000000028e0      0x214 ./Middlewares/ST/STM32_USB_Device_Library/Core/Src/usbd_ctlreq.o
 .debug_frame   0x0000000000002af4      0x10c ./Middlewares/ST/STM32_USB_Device_Library/Core/Src/usbd_ioreq.o
 .debug_frame   0x0000000000002c00       0x2c ./USB_DEVICE/App/usb_device.o
 .debug_frame   0x0000000000002c2c       0xbc ./USB_DEVICE/App/usbd_cdc_if.o
 .debug_frame   0x0000000000002ce8      0x160 ./USB_DEVICE/App/usbd_desc.o
 .debug_frame   0x0000000000002e48      0x4a4 ./USB_DEVICE/Target/usbd_conf.o
 .debug_frame   0x00000000000032ec       0x70 ./User/Src/kernel.o
 .debug_frame   0x000000000000335c      0x22c ./User/Src/usb_snd.o
 .debug_frame   0x0000000000003588       0x2c c:/st/stm32cubeide_1.9.0/stm32cubeide/plugins/com.st.stm32cube.ide.mcu.externaltools.gnu-tools-for-stm32.10.3-2021.10.win32_1.0.0.202111181127/tools/bin/../lib/gcc/arm-none-eabi/10.3.1/../../../../arm-none-eabi/lib/thumb/v7-m/nofp\libc_nano.a(lib_a-init.o)
 .debug_frame   0x00000000000035b4       0x20 c:/st/stm32cubeide_1.9.0/stm32cubeide/plugins/com.st.stm32cube.ide.mcu.externaltools.gnu-tools-for-stm32.10.3-2021.10.win32_1.0.0.202111181127/tools/bin/../lib/gcc/arm-none-eabi/10.3.1/../../../../arm-none-eabi/lib/thumb/v7-m/nofp\libc_nano.a(lib_a-memset.o)
 .debug_frame   0x00000000000035d4       0x2c c:/st/stm32cubeide_1.9.0/stm32cubeide/plugins/com.st.stm32cube.ide.mcu.externaltools.gnu-tools-for-stm32.10.3-2021.10.win32_1.0.0.202111181127/tools/bin/../lib/gcc/arm-none-eabi/10.3.1/thumb/v7-m/nofp\libgcc.a(_aeabi_uldivmod.o)
 .debug_frame   0x0000000000003600       0x34 c:/st/stm32cubeide_1.9.0/stm32cubeide/plugins/com.st.stm32cube.ide.mcu.externaltools.gnu-tools-for-stm32.10.3-2021.10.win32_1.0.0.202111181127/tools/bin/../lib/gcc/arm-none-eabi/10.3.1/thumb/v7-m/nofp\libgcc.a(_udivmoddi4.o)
