Archive member included to satisfy reference by file (symbol)

c:/st/stm32cubeide_1.9.0/stm32cubeide/plugins/com.st.stm32cube.ide.mcu.externaltools.gnu-tools-for-stm32.10.3-2021.10.win32_1.0.0.202111181127/tools/bin/../lib/gcc/arm-none-eabi/10.3.1/../../../../arm-none-eabi/lib/thumb/v7-m/nofp\libc_nano.a(lib_a-errno.o)
                              ./Core/Src/syscalls.o (__errno)
c:/st/stm32cubeide_1.9.0/stm32cubeide/plugins/com.st.stm32cube.ide.mcu.externaltools.gnu-tools-for-stm32.10.3-2021.10.win32_1.0.0.202111181127/tools/bin/../lib/gcc/arm-none-eabi/10.3.1/../../../../arm-none-eabi/lib/thumb/v7-m/nofp\libc_nano.a(lib_a-exit.o)
                              c:/st/stm32cubeide_1.9.0/stm32cubeide/plugins/com.st.stm32cube.ide.mcu.externaltools.gnu-tools-for-stm32.10.3-2021.10.win32_1.0.0.202111181127/tools/bin/../lib/gcc/arm-none-eabi/10.3.1/../../../../arm-none-eabi/lib/thumb/v7-m/nofp/crt0.o (exit)
c:/st/stm32cubeide_1.9.0/stm32cubeide/plugins/com.st.stm32cube.ide.mcu.externaltools.gnu-tools-for-stm32.10.3-2021.10.win32_1.0.0.202111181127/tools/bin/../lib/gcc/arm-none-eabi/10.3.1/../../../../arm-none-eabi/lib/thumb/v7-m/nofp\libc_nano.a(lib_a-impure.o)
                              c:/st/stm32cubeide_1.9.0/stm32cubeide/plugins/com.st.stm32cube.ide.mcu.externaltools.gnu-tools-for-stm32.10.3-2021.10.win32_1.0.0.202111181127/tools/bin/../lib/gcc/arm-none-eabi/10.3.1/../../../../arm-none-eabi/lib/thumb/v7-m/nofp\libc_nano.a(lib_a-exit.o) (_global_impure_ptr)
c:/st/stm32cubeide_1.9.0/stm32cubeide/plugins/com.st.stm32cube.ide.mcu.externaltools.gnu-tools-for-stm32.10.3-2021.10.win32_1.0.0.202111181127/tools/bin/../lib/gcc/arm-none-eabi/10.3.1/../../../../arm-none-eabi/lib/thumb/v7-m/nofp\libc_nano.a(lib_a-init.o)
                              c:/st/stm32cubeide_1.9.0/stm32cubeide/plugins/com.st.stm32cube.ide.mcu.externaltools.gnu-tools-for-stm32.10.3-2021.10.win32_1.0.0.202111181127/tools/bin/../lib/gcc/arm-none-eabi/10.3.1/../../../../arm-none-eabi/lib/thumb/v7-m/nofp/crt0.o (__libc_init_array)
c:/st/stm32cubeide_1.9.0/stm32cubeide/plugins/com.st.stm32cube.ide.mcu.externaltools.gnu-tools-for-stm32.10.3-2021.10.win32_1.0.0.202111181127/tools/bin/../lib/gcc/arm-none-eabi/10.3.1/../../../../arm-none-eabi/lib/thumb/v7-m/nofp\libc_nano.a(lib_a-memset.o)
                              c:/st/stm32cubeide_1.9.0/stm32cubeide/plugins/com.st.stm32cube.ide.mcu.externaltools.gnu-tools-for-stm32.10.3-2021.10.win32_1.0.0.202111181127/tools/bin/../lib/gcc/arm-none-eabi/10.3.1/../../../../arm-none-eabi/lib/thumb/v7-m/nofp/crt0.o (memset)
c:/st/stm32cubeide_1.9.0/stm32cubeide/plugins/com.st.stm32cube.ide.mcu.externaltools.gnu-tools-for-stm32.10.3-2021.10.win32_1.0.0.202111181127/tools/bin/../lib/gcc/arm-none-eabi/10.3.1/thumb/v7-m/nofp\libgcc.a(_aeabi_uldivmod.o)
                              ./Drivers/STM32L1xx_HAL_Driver/Src/stm32l1xx_hal_rcc.o (__aeabi_uldivmod)
c:/st/stm32cubeide_1.9.0/stm32cubeide/plugins/com.st.stm32cube.ide.mcu.externaltools.gnu-tools-for-stm32.10.3-2021.10.win32_1.0.0.202111181127/tools/bin/../lib/gcc/arm-none-eabi/10.3.1/thumb/v7-m/nofp\libgcc.a(_udivmoddi4.o)
                              c:/st/stm32cubeide_1.9.0/stm32cubeide/plugins/com.st.stm32cube.ide.mcu.externaltools.gnu-tools-for-stm32.10.3-2021.10.win32_1.0.0.202111181127/tools/bin/../lib/gcc/arm-none-eabi/10.3.1/thumb/v7-m/nofp\libgcc.a(_aeabi_uldivmod.o) (__udivmoddi4)
c:/st/stm32cubeide_1.9.0/stm32cubeide/plugins/com.st.stm32cube.ide.mcu.externaltools.gnu-tools-for-stm32.10.3-2021.10.win32_1.0.0.202111181127/tools/bin/../lib/gcc/arm-none-eabi/10.3.1/thumb/v7-m/nofp\libgcc.a(_dvmd_tls.o)
                              c:/st/stm32cubeide_1.9.0/stm32cubeide/plugins/com.st.stm32cube.ide.mcu.externaltools.gnu-tools-for-stm32.10.3-2021.10.win32_1.0.0.202111181127/tools/bin/../lib/gcc/arm-none-eabi/10.3.1/thumb/v7-m/nofp\libgcc.a(_aeabi_uldivmod.o) (__aeabi_ldiv0)

Discarded input sections

 .text          0x0000000000000000        0x0 c:/st/stm32cubeide_1.9.0/stm32cubeide/plugins/com.st.stm32cube.ide.mcu.externaltools.gnu-tools-for-stm32.10.3-2021.10.win32_1.0.0.202111181127/tools/bin/../lib/gcc/arm-none-eabi/10.3.1/thumb/v7-m/nofp/crti.o
 .data          0x0000000000000000        0x0 c:/st/stm32cubeide_1.9.0/stm32cubeide/plugins/com.st.stm32cube.ide.mcu.externaltools.gnu-tools-for-stm32.10.3-2021.10.win32_1.0.0.202111181127/tools/bin/../lib/gcc/arm-none-eabi/10.3.1/thumb/v7-m/nofp/crti.o
 .bss           0x0000000000000000        0x0 c:/st/stm32cubeide_1.9.0/stm32cubeide/plugins/com.st.stm32cube.ide.mcu.externaltools.gnu-tools-for-stm32.10.3-2021.10.win32_1.0.0.202111181127/tools/bin/../lib/gcc/arm-none-eabi/10.3.1/thumb/v7-m/nofp/crti.o
 .data          0x0000000000000000        0x4 c:/st/stm32cubeide_1.9.0/stm32cubeide/plugins/com.st.stm32cube.ide.mcu.externaltools.gnu-tools-for-stm32.10.3-2021.10.win32_1.0.0.202111181127/tools/bin/../lib/gcc/arm-none-eabi/10.3.1/thumb/v7-m/nofp/crtbegin.o
[...]
Memory Configuration

Name             Origin             Length             Attributes
RAM              0x0000000020000000 0x0000000000004000 xrw
FLASH            0x0000000008000000 0x0000000000020000 xr
*default*        0x0000000000000000 0xffffffffffffffff

Linker script and memory map

LOAD c:/st/stm32cubeide_1.9.0/stm32cubeide/plugins/com.st.stm32cube.ide.mcu.externaltools.gnu-tools-for-stm32.10.3-2021.10.win32_1.0.0.202111181127/tools/bin/../lib/gcc/arm-none-eabi/10.3.1/thumb/v7-m/nofp/crti.o
LOAD c:/st/stm32cubeide_1.9.0/stm32cubeide/plugins/com.st.stm32cube.ide.mcu.externaltools.gnu-tools-for-stm32.10.3-2021.10.win32_1.0.0.202111181127/tools/bin/../lib/gcc/arm-none-eabi/10.3.1/thumb/v7-m/nofp/crtbegin.o
LOAD c:/st/stm32cubeide_1.9.0/stm32cubeide/plugins/com.st.stm32cube.ide.mcu.externaltools.gnu-tools-for-stm32.10.3-2021.10.win32_1.0.0.202111181127/tools/bin/../lib/gcc/arm-none-eabi/10.3.1/../../../../arm-none-eabi/lib/thumb/v7-m/nofp/crt0.o
LOAD ./Core/Src/adc.o
LOAD ./Core/Src/gpio.o
LOAD ./Core/Src/main.o
LOAD ./Core/Src/spi.o
LOAD ./Core/Src/stm32l1xx_hal_msp.o
LOAD ./Core/Src/stm32l1xx_it.o
LOAD ./Core/Src/syscalls.o
LOAD ./Core/Src/sysmem.o
LOAD ./Core/Src/system_stm32l1xx.o
LOAD ./Core/Startup/startup_stm32l151cbtx.o
LOAD ./Drivers/STM32L1xx_HAL_Driver/Src/stm32l1xx_hal.o
LOAD ./Drivers/STM32L1xx_HAL_Driver/Src/stm32l1xx_hal_adc.o
LOAD ./Drivers/STM32L1xx_HAL_Driver/Src/stm32l1xx_hal_adc_ex.o
LOAD ./Drivers/STM32L1xx_HAL_Driver/Src/stm32l1xx_hal_cortex.o
LOAD ./Drivers/STM32L1xx_HAL_Driver/Src/stm32l1xx_hal_dma.o
LOAD ./Drivers/STM32L1xx_HAL_Driver/Src/stm32l1xx_hal_exti.o
LOAD ./Drivers/STM32L1xx_HAL_Driver/Src/stm32l1xx_hal_flash.o
LOAD ./Drivers/STM32L1xx_HAL_Driver/Src/stm32l1xx_hal_flash_ex.o
LOAD ./Drivers/STM32L1xx_HAL_Driver/Src/stm32l1xx_hal_flash_ramfunc.o
LOAD ./Drivers/STM32L1xx_HAL_Driver/Src/stm32l1xx_hal_gpio.o
LOAD ./Drivers/STM32L1xx_HAL_Driver/Src/stm32l1xx_hal_pcd.o
LOAD ./Drivers/STM32L1xx_HAL_Driver/Src/stm32l1xx_hal_pcd_ex.o
LOAD ./Drivers/STM32L1xx_HAL_Driver/Src/stm32l1xx_hal_pwr.o
LOAD ./Drivers/STM32L1xx_HAL_Driver/Src/stm32l1xx_hal_pwr_ex.o
LOAD ./Drivers/STM32L1xx_HAL_Driver/Src/stm32l1xx_hal_rcc.o
LOAD ./Drivers/STM32L1xx_HAL_Driver/Src/stm32l1xx_hal_rcc_ex.o
LOAD ./Drivers/STM32L1xx_HAL_Driver/Src/stm32l1xx_hal_spi.o
LOAD ./Drivers/STM32L1xx_HAL_Driver/Src/stm32l1xx_hal_tim.o
LOAD ./Drivers/STM32L1xx_HAL_Driver/Src/stm32l1xx_hal_tim_ex.o
LOAD ./Drivers/STM32L1xx_HAL_Driver/Src/stm32l1xx_ll_usb.o
LOAD ./Middlewares/ST/STM32_USB_Device_Library/Class/CDC/Src/usbd_cdc.o
LOAD ./Middlewares/ST/STM32_USB_Device_Library/Core/Src/usbd_core.o
LOAD ./Middlewares/ST/STM32_USB_Device_Library/Core/Src/usbd_ctlreq.o
LOAD ./Middlewares/ST/STM32_USB_Device_Library/Core/Src/usbd_ioreq.o
LOAD ./USB_DEVICE/App/usb_device.o
LOAD ./USB_DEVICE/App/usbd_cdc_if.o
LOAD ./USB_DEVICE/App/usbd_desc.o
LOAD ./USB_DEVICE/Target/usbd_conf.o
LOAD ./User/Src/crclib.o
LOAD ./User/Src/handlers.o
LOAD ./User/Src/kernel.o
LOAD ./User/Src/usb_snd.o
START GROUP
LOAD c:/st/stm32cubeide_1.9.0/stm32cubeide/plugins/com.st.stm32cube.ide.mcu.externaltools.gnu-tools-for-stm32.10.3-2021.10.win32_1.0.0.202111181127/tools/bin/../lib/gcc/arm-none-eabi/10.3.1/../../../../arm-none-eabi/lib/thumb/v7-m/nofp\libc_nano.a
LOAD c:/st/stm32cubeide_1.9.0/stm32cubeide/plugins/com.st.stm32cube.ide.mcu.externaltools.gnu-tools-for-stm32.10.3-2021.10.win32_1.0.0.202111181127/tools/bin/../lib/gcc/arm-none-eabi/10.3.1/../../../../arm-none-eabi/lib/thumb/v7-m/nofp\libm.a
END GROUP
START GROUP
LOAD c:/st/stm32cubeide_1.9.0/stm32cubeide/plugins/com.st.stm32cube.ide.mcu.externaltools.gnu-tools-for-stm32.10.3-2021.10.win32_1.0.0.202111181127/tools/bin/../lib/gcc/arm-none-eabi/10.3.1/thumb/v7-m/nofp\libgcc.a
LOAD c:/st/stm32cubeide_1.9.0/stm32cubeide/plugins/com.st.stm32cube.ide.mcu.externaltools.gnu-tools-for-stm32.10.3-2021.10.win32_1.0.0.202111181127/tools/bin/../lib/gcc/arm-none-eabi/10.3.1/../../../../arm-none-eabi/lib/thumb/v7-m/nofp\libc_nano.a
END GROUP
START GROUP
LOAD c:/st/stm32cubeide_1.9.0/stm32cubeide/plugins/com.st.stm32cube.ide.mcu.externaltools.gnu-tools-for-stm32.10.3-2021.10.win32_1.0.0.202111181127/tools/bin/../lib/gcc/arm-none-eabi/10.3.1/thumb/v7-m/nofp\libgcc.a
LOAD c:/st/stm32cubeide_1.9.0/stm32cubeide/plugins/com.st.stm32cube.ide.mcu.externaltools.gnu-tools-for-stm32.10.3-2021.10.win32_1.0.0.202111181127/tools/bin/../lib/gcc/arm-none-eabi/10.3.1/../../../../arm-none-eabi/lib/thumb/v7-m/nofp\libc_nano.a
LOAD c:/st/stm32cubeide_1.9.0/stm32cubeide/plugins/com.st.stm32cube.ide.mcu.externaltools.gnu-tools-for-stm32.10.3-2021.10.win32_1.0.0.202111181127/tools/bin/../lib/gcc/arm-none-eabi/10.3.1/../../../../arm-none-eabi/lib/thumb/v7-m/nofp\libnosys.a
END GROUP
START GROUP
LOAD c:/st/stm32cubeide_1.9.0/stm32cubeide/plugins/com.st.stm32cube.ide.mcu.externaltools.gnu-tools-for-stm32.10.3-2021.10.win32_1.0.0.202111181127/tools/bin/../lib/gcc/arm-none-eabi/10.3.1/thumb/v7-m/nofp\libgcc.a
LOAD c:/st/stm32cubeide_1.9.0/stm32cubeide/plugins/com.st.stm32cube.ide.mcu.externaltools.gnu-tools-for-stm32.10.3-2021.10.win32_1.0.0.202111181127/tools/bin/../lib/gcc/arm-none-eabi/10.3.1/../../../../arm-none-eabi/lib/thumb/v7-m/nofp\libc_nano.a
LOAD c:/st/stm32cubeide_1.9.0/stm32cubeide/plugins/com.st.stm32cube.ide.mcu.externaltools.gnu-tools-for-stm32.10.3-2021.10.win32_1.0.0.202111181127/tools/bin/../lib/gcc/arm-none-eabi/10.3.1/../../../../arm-none-eabi/lib/thumb/v7-m/nofp\libnosys.a
END GROUP
LOAD c:/st/stm32cubeide_1.9.0/stm32cubeide/plugins/com.st.stm32cube.ide.mcu.externaltools.gnu-tools-for-stm32.10.3-2021.10.win32_1.0.0.202111181127/tools/bin/../lib/gcc/arm-none-eabi/10.3.1/thumb/v7-m/nofp/crtend.o
LOAD c:/st/stm32cubeide_1.9.0/stm32cubeide/plugins/com.st.stm32cube.ide.mcu.externaltools.gnu-tools-for-stm32.10.3-2021.10.win32_1.0.0.202111181127/tools/bin/../lib/gcc/arm-none-eabi/10.3.1/thumb/v7-m/nofp/crtn.o
                0x0000000020004000                _estack = (ORIGIN (RAM) + LENGTH (RAM))
                0x0000000000000200                _Min_Heap_Size = 0x200
                0x0000000000000400                _Min_Stack_Size = 0x400

.isr_vector     0x0000000008000000      0x13c
                0x0000000008000000                . = ALIGN (0x4)
 *(.isr_vector)
 .isr_vector    0x0000000008000000      0x13c ./Core/Startup/startup_stm32l151cbtx.o
                0x0000000008000000                g_pfnVectors
                0x000000000800013c                . = ALIGN (0x4)

.text           0x000000000800013c     0x9084
                0x000000000800013c                . = ALIGN (0x4)
 *(.text)
 .text          0x000000000800013c       0x40 c:/st/stm32cubeide_1.9.0/stm32cubeide/plugins/com.st.stm32cube.ide.mcu.externaltools.gnu-tools-for-stm32.10.3-2021.10.win32_1.0.0.202111181127/tools/bin/../lib/gcc/arm-none-eabi/10.3.1/thumb/v7-m/nofp/crtbegin.o
 .text          0x000000000800017c       0x30 c:/st/stm32cubeide_1.9.0/stm32cubeide/plugins/com.st.stm32cube.ide.mcu.externaltools.gnu-tools-for-stm32.10.3-2021.10.win32_1.0.0.202111181127/tools/bin/../lib/gcc/arm-none-eabi/10.3.1/thumb/v7-m/nofp\libgcc.a(_aeabi_uldivmod.o)
                0x000000000800017c                __aeabi_uldivmod
 .text          0x00000000080001ac      0x2d4 c:/st/stm32cubeide_1.9.0/stm32cubeide/plugins/com.st.stm32cube.ide.mcu.externaltools.gnu-tools-for-stm32.10.3-2021.10.win32_1.0.0.202111181127/tools/bin/../lib/gcc/arm-none-eabi/10.3.1/thumb/v7-m/nofp\libgcc.a(_udivmoddi4.o)
                0x00000000080001ac                __udivmoddi4
 .text          0x0000000008000480        0x4 c:/st/stm32cubeide_1.9.0/stm32cubeide/plugins/com.st.stm32cube.ide.mcu.externaltools.gnu-tools-for-stm32.10.3-2021.10.win32_1.0.0.202111181127/tools/bin/../lib/gcc/arm-none-eabi/10.3.1/thumb/v7-m/nofp\libgcc.a(_dvmd_tls.o)
                0x0000000008000480                __aeabi_idiv0
                0x0000000008000480                __aeabi_ldiv0
 *(.text*)
 .text.MX_ADC_Init
                0x0000000008000484       0xb0 ./Core/Src/adc.o
                0x0000000008000484                MX_ADC_Init
 .text.HAL_ADC_MspInit
                0x0000000008000534       0x3c ./Core/Src/adc.o
                0x0000000008000534                HAL_ADC_MspInit
 .text.MX_GPIO_Init
                0x0000000008000570       0xe4 ./Core/Src/gpio.o
                0x0000000008000570                MX_GPIO_Init
 .text.main     0x0000000008000654       0x22 ./Core/Src/main.o
                0x0000000008000654                main
 *fill*         0x0000000008000676        0x2 
 .text.SystemClock_Config
                0x0000000008000678       0x9c ./Core/Src/main.o
                0x0000000008000678                SystemClock_Config
 .text.Error_Handler
                0x0000000008000714        0xa ./Core/Src/main.o
                0x0000000008000714                Error_Handler
 *fill*         0x000000000800071e        0x2 
 .text.MX_SPI2_Init
                0x0000000008000720       0x68 ./Core/Src/spi.o
                0x0000000008000720                MX_SPI2_Init
 .text.HAL_SPI_MspInit
                0x0000000008000788       0x88 ./Core/Src/spi.o
                0x0000000008000788                HAL_SPI_MspInit
 .text.HAL_MspInit
                0x0000000008000810       0x5c ./Core/Src/stm32l1xx_hal_msp.o
                0x0000000008000810                HAL_MspInit
 .text.NMI_Handler
                0x000000000800086c        0x6 ./Core/Src/stm32l1xx_it.o
                0x000000000800086c                NMI_Handler
 .text.HardFault_Handler
                0x0000000008000872        0x6 ./Core/Src/stm32l1xx_it.o
                0x0000000008000872                HardFault_Handler
 .text.MemManage_Handler
                0x0000000008000878        0x6 ./Core/Src/stm32l1xx_it.o
                0x0000000008000878                MemManage_Handler
 .text.BusFault_Handler
                0x000000000800087e        0x6 ./Core/Src/stm32l1xx_it.o
                0x000000000800087e                BusFault_Handler
 .text.UsageFault_Handler
                0x0000000008000884        0x6 ./Core/Src/stm32l1xx_it.o
                0x0000000008000884                UsageFault_Handler
 .text.SVC_Handler
                0x000000000800088a        0xc ./Core/Src/stm32l1xx_it.o
                0x000000000800088a                SVC_Handler
 .text.DebugMon_Handler
                0x0000000008000896        0xc ./Core/Src/stm32l1xx_it.o
                0x0000000008000896                DebugMon_Handler
 .text.PendSV_Handler
                0x00000000080008a2        0xc ./Core/Src/stm32l1xx_it.o
                0x00000000080008a2                PendSV_Handler
 .text.SysTick_Handler
                0x00000000080008ae        0xc ./Core/Src/stm32l1xx_it.o
                0x00000000080008ae                SysTick_Handler
 *fill*         0x00000000080008ba        0x2 
 .text.USB_LP_IRQHandler
                0x00000000080008bc       0x14 ./Core/Src/stm32l1xx_it.o
                0x00000000080008bc                USB_LP_IRQHandler
 .text.SystemInit
                0x00000000080008d0        0xc ./Core/Src/system_stm32l1xx.o
                0x00000000080008d0                SystemInit
 .text.Reset_Handler
                0x00000000080008dc       0x48 ./Core/Startup/startup_stm32l151cbtx.o
                0x00000000080008dc                Reset_Handler
 .text.Default_Handler
                0x0000000008000924        0x2 ./Core/Startup/startup_stm32l151cbtx.o
                0x0000000008000924                RTC_Alarm_IRQHandler
                0x0000000008000924                EXTI2_IRQHandler
                0x0000000008000924                TIM10_IRQHandler
                0x0000000008000924                USB_HP_IRQHandler
                0x0000000008000924                TIM6_IRQHandler
                0x0000000008000924                PVD_IRQHandler
                0x0000000008000924                EXTI3_IRQHandler
                0x0000000008000924                EXTI0_IRQHandler
                0x0000000008000924                I2C2_EV_IRQHandler
                0x0000000008000924                SPI1_IRQHandler
                0x0000000008000924                USB_FS_WKUP_IRQHandler
                0x0000000008000924                DMA1_Channel4_IRQHandler
                0x0000000008000924                ADC1_IRQHandler
                0x0000000008000924                USART3_IRQHandler
                0x0000000008000924                DMA1_Channel7_IRQHandler
                0x0000000008000924                TIM4_IRQHandler
                0x0000000008000924                I2C1_EV_IRQHandler
                0x0000000008000924                DMA1_Channel6_IRQHandler
                0x0000000008000924                TIM3_IRQHandler
                0x0000000008000924                RCC_IRQHandler
                0x0000000008000924                DMA1_Channel1_IRQHandler
                0x0000000008000924                Default_Handler
                0x0000000008000924                EXTI15_10_IRQHandler
                0x0000000008000924                TIM7_IRQHandler
                0x0000000008000924                EXTI9_5_IRQHandler
                0x0000000008000924                TIM9_IRQHandler
                0x0000000008000924                TAMPER_STAMP_IRQHandler
                0x0000000008000924                RTC_WKUP_IRQHandler
                0x0000000008000924                SPI2_IRQHandler
                0x0000000008000924                DMA1_Channel5_IRQHandler
                0x0000000008000924                EXTI4_IRQHandler
                0x0000000008000924                DMA1_Channel3_IRQHandler
                0x0000000008000924                COMP_IRQHandler
                0x0000000008000924                WWDG_IRQHandler
                0x0000000008000924                TIM2_IRQHandler
                0x0000000008000924                DAC_IRQHandler
                0x0000000008000924                EXTI1_IRQHandler
                0x0000000008000924                TIM11_IRQHandler
                0x0000000008000924                USART2_IRQHandler
                0x0000000008000924                I2C2_ER_IRQHandler
                0x0000000008000924                DMA1_Channel2_IRQHandler
                0x0000000008000924                FLASH_IRQHandler
                0x0000000008000924                USART1_IRQHandler
                0x0000000008000924                I2C1_ER_IRQHandler
 .text.HAL_Init
                0x0000000008000926       0x30 ./Drivers/STM32L1xx_HAL_Driver/Src/stm32l1xx_hal.o
                0x0000000008000926                HAL_Init
 *fill*         0x0000000008000956        0x2 
 .text.HAL_InitTick
                0x0000000008000958       0x74 ./Drivers/STM32L1xx_HAL_Driver/Src/stm32l1xx_hal.o
                0x0000000008000958                HAL_InitTick
 .text.HAL_IncTick
                0x00000000080009cc       0x24 ./Drivers/STM32L1xx_HAL_Driver/Src/stm32l1xx_hal.o
                0x00000000080009cc                HAL_IncTick
 .text.HAL_GetTick
                0x00000000080009f0       0x14 ./Drivers/STM32L1xx_HAL_Driver/Src/stm32l1xx_hal.o
                0x00000000080009f0                HAL_GetTick
 .text.HAL_Delay
                0x0000000008000a04       0x44 ./Drivers/STM32L1xx_HAL_Driver/Src/stm32l1xx_hal.o
                0x0000000008000a04                HAL_Delay
 .text.HAL_ADC_Init
                0x0000000008000a48      0x28c ./Drivers/STM32L1xx_HAL_Driver/Src/stm32l1xx_hal_adc.o
                0x0000000008000a48                HAL_ADC_Init
 .text.HAL_ADC_ConfigChannel
                0x0000000008000cd4      0x2a0 ./Drivers/STM32L1xx_HAL_Driver/Src/stm32l1xx_hal_adc.o
                0x0000000008000cd4                HAL_ADC_ConfigChannel
 .text.__NVIC_SetPriorityGrouping
                0x0000000008000f74       0x48 ./Drivers/STM32L1xx_HAL_Driver/Src/stm32l1xx_hal_cortex.o
 .text.__NVIC_GetPriorityGrouping
                0x0000000008000fbc       0x1c ./Drivers/STM32L1xx_HAL_Driver/Src/stm32l1xx_hal_cortex.o
 .text.__NVIC_EnableIRQ
                0x0000000008000fd8       0x38 ./Drivers/STM32L1xx_HAL_Driver/Src/stm32l1xx_hal_cortex.o
 .text.__NVIC_SetPriority
                0x0000000008001010       0x54 ./Drivers/STM32L1xx_HAL_Driver/Src/stm32l1xx_hal_cortex.o
 .text.NVIC_EncodePriority
                0x0000000008001064       0x64 ./Drivers/STM32L1xx_HAL_Driver/Src/stm32l1xx_hal_cortex.o
 .text.SysTick_Config
                0x00000000080010c8       0x44 ./Drivers/STM32L1xx_HAL_Driver/Src/stm32l1xx_hal_cortex.o
 .text.HAL_NVIC_SetPriorityGrouping
                0x000000000800110c       0x16 ./Drivers/STM32L1xx_HAL_Driver/Src/stm32l1xx_hal_cortex.o
                0x000000000800110c                HAL_NVIC_SetPriorityGrouping
 .text.HAL_NVIC_SetPriority
                0x0000000008001122       0x38 ./Drivers/STM32L1xx_HAL_Driver/Src/stm32l1xx_hal_cortex.o
                0x0000000008001122                HAL_NVIC_SetPriority
 .text.HAL_NVIC_EnableIRQ
                0x000000000800115a       0x1c ./Drivers/STM32L1xx_HAL_Driver/Src/stm32l1xx_hal_cortex.o
                0x000000000800115a                HAL_NVIC_EnableIRQ
 .text.HAL_SYSTICK_Config
                0x0000000008001176       0x18 ./Drivers/STM32L1xx_HAL_Driver/Src/stm32l1xx_hal_cortex.o
                0x0000000008001176                HAL_SYSTICK_Config
 *fill*         0x000000000800118e        0x2 
 .text.HAL_GPIO_Init
                0x0000000008001190      0x300 ./Drivers/STM32L1xx_HAL_Driver/Src/stm32l1xx_hal_gpio.o
                0x0000000008001190                HAL_GPIO_Init
 .text.HAL_GPIO_ReadPin
                0x0000000008001490       0x2e ./Drivers/STM32L1xx_HAL_Driver/Src/stm32l1xx_hal_gpio.o
                0x0000000008001490                HAL_GPIO_ReadPin
 .text.HAL_GPIO_WritePin
                0x00000000080014be       0x30 ./Drivers/STM32L1xx_HAL_Driver/Src/stm32l1xx_hal_gpio.o
                0x00000000080014be                HAL_GPIO_WritePin
 .text.HAL_PCD_Init
                0x00000000080014ee      0x1bc ./Drivers/STM32L1xx_HAL_Driver/Src/stm32l1xx_hal_pcd.o
                0x00000000080014ee                HAL_PCD_Init
 .text.HAL_PCD_Start
                0x00000000080016aa       0x4c ./Drivers/STM32L1xx_HAL_Driver/Src/stm32l1xx_hal_pcd.o
                0x00000000080016aa                HAL_PCD_Start
 .text.HAL_PCD_IRQHandler
                0x00000000080016f6      0x1ee ./Drivers/STM32L1xx_HAL_Driver/Src/stm32l1xx_hal_pcd.o
                0x00000000080016f6                HAL_PCD_IRQHandler
 .text.HAL_PCD_SetAddress
                0x00000000080018e4       0x4a ./Drivers/STM32L1xx_HAL_Driver/Src/stm32l1xx_hal_pcd.o
                0x00000000080018e4                HAL_PCD_SetAddress
 .text.HAL_PCD_EP_Open
                0x000000000800192e       0xcc ./Drivers/STM32L1xx_HAL_Driver/Src/stm32l1xx_hal_pcd.o
                0x000000000800192e                HAL_PCD_EP_Open
 .text.HAL_PCD_EP_Close
                0x00000000080019fa       0x90 ./Drivers/STM32L1xx_HAL_Driver/Src/stm32l1xx_hal_pcd.o
                0x00000000080019fa                HAL_PCD_EP_Close
 .text.HAL_PCD_EP_Receive
                0x0000000008001a8a       0x7a ./Drivers/STM32L1xx_HAL_Driver/Src/stm32l1xx_hal_pcd.o
                0x0000000008001a8a                HAL_PCD_EP_Receive
 .text.HAL_PCD_EP_GetRxCount
                0x0000000008001b04       0x2e ./Drivers/STM32L1xx_HAL_Driver/Src/stm32l1xx_hal_pcd.o
                0x0000000008001b04                HAL_PCD_EP_GetRxCount
 .text.HAL_PCD_EP_Transmit
                0x0000000008001b32       0x86 ./Drivers/STM32L1xx_HAL_Driver/Src/stm32l1xx_hal_pcd.o
                0x0000000008001b32                HAL_PCD_EP_Transmit
 .text.HAL_PCD_EP_SetStall
                0x0000000008001bb8       0xa4 ./Drivers/STM32L1xx_HAL_Driver/Src/stm32l1xx_hal_pcd.o
                0x0000000008001bb8                HAL_PCD_EP_SetStall
 .text.HAL_PCD_EP_ClrStall
                0x0000000008001c5c       0xa8 ./Drivers/STM32L1xx_HAL_Driver/Src/stm32l1xx_hal_pcd.o
                0x0000000008001c5c                HAL_PCD_EP_ClrStall
 .text.PCD_EP_ISR_Handler
                0x0000000008001d04      0x600 ./Drivers/STM32L1xx_HAL_Driver/Src/stm32l1xx_hal_pcd.o
 .text.HAL_PCD_EP_DB_Receive
                0x0000000008002304      0x21a ./Drivers/STM32L1xx_HAL_Driver/Src/stm32l1xx_hal_pcd.o
 .text.HAL_PCD_EP_DB_Transmit
                0x000000000800251e      0x7a4 ./Drivers/STM32L1xx_HAL_Driver/Src/stm32l1xx_hal_pcd.o
 .text.HAL_PCDEx_PMAConfig
                0x0000000008002cc2       0x84 ./Drivers/STM32L1xx_HAL_Driver/Src/stm32l1xx_hal_pcd_ex.o
                0x0000000008002cc2                HAL_PCDEx_PMAConfig
 *fill*         0x0000000008002d46        0x2 
 .text.HAL_RCC_OscConfig
                0x0000000008002d48      0x660 ./Drivers/STM32L1xx_HAL_Driver/Src/stm32l1xx_hal_rcc.o
                0x0000000008002d48                HAL_RCC_OscConfig
 .text.HAL_RCC_ClockConfig
                0x00000000080033a8      0x268 ./Drivers/STM32L1xx_HAL_Driver/Src/stm32l1xx_hal_rcc.o
                0x00000000080033a8                HAL_RCC_ClockConfig
 .text.HAL_RCC_GetSysClockFreq
                0x0000000008003610      0x17c ./Drivers/STM32L1xx_HAL_Driver/Src/stm32l1xx_hal_rcc.o
                0x0000000008003610                HAL_RCC_GetSysClockFreq
 .text.RCC_SetFlashLatencyFromMSIRange
                0x000000000800378c       0xc0 ./Drivers/STM32L1xx_HAL_Driver/Src/stm32l1xx_hal_rcc.o
 .text.HAL_SPI_Init
                0x000000000800384c       0xf8 ./Drivers/STM32L1xx_HAL_Driver/Src/stm32l1xx_hal_spi.o
                0x000000000800384c                HAL_SPI_Init
 .text.HAL_SPI_Transmit
                0x0000000008003944      0x278 ./Drivers/STM32L1xx_HAL_Driver/Src/stm32l1xx_hal_spi.o
                0x0000000008003944                HAL_SPI_Transmit
 .text.HAL_SPI_TransmitReceive
                0x0000000008003bbc      0x344 ./Drivers/STM32L1xx_HAL_Driver/Src/stm32l1xx_hal_spi.o
                0x0000000008003bbc                HAL_SPI_TransmitReceive
 .text.SPI_WaitFlagStateUntilTimeout
                0x0000000008003f00      0x110 ./Drivers/STM32L1xx_HAL_Driver/Src/stm32l1xx_hal_spi.o
 .text.SPI_EndRxTxTransaction
                0x0000000008004010       0x84 ./Drivers/STM32L1xx_HAL_Driver/Src/stm32l1xx_hal_spi.o
 .text.USB_EnableGlobalInt
                0x0000000008004094       0x2c ./Drivers/STM32L1xx_HAL_Driver/Src/stm32l1xx_ll_usb.o
                0x0000000008004094                USB_EnableGlobalInt
 .text.USB_DisableGlobalInt
                0x00000000080040c0       0x34 ./Drivers/STM32L1xx_HAL_Driver/Src/stm32l1xx_ll_usb.o
                0x00000000080040c0                USB_DisableGlobalInt
 .text.USB_DevInit
                0x00000000080040f4       0x40 ./Drivers/STM32L1xx_HAL_Driver/Src/stm32l1xx_ll_usb.o
                0x00000000080040f4                USB_DevInit
 .text.USB_ActivateEndpoint
                0x0000000008004134      0x6d4 ./Drivers/STM32L1xx_HAL_Driver/Src/stm32l1xx_ll_usb.o
                0x0000000008004134                USB_ActivateEndpoint
 .text.USB_DeactivateEndpoint
                0x0000000008004808      0x3d8 ./Drivers/STM32L1xx_HAL_Driver/Src/stm32l1xx_ll_usb.o
                0x0000000008004808                USB_DeactivateEndpoint
 .text.USB_EPStartXfer
                0x0000000008004be0     0x1c70 ./Drivers/STM32L1xx_HAL_Driver/Src/stm32l1xx_ll_usb.o
                0x0000000008004be0                USB_EPStartXfer
 .text.USB_EPSetStall
                0x0000000008006850       0xa0 ./Drivers/STM32L1xx_HAL_Driver/Src/stm32l1xx_ll_usb.o
                0x0000000008006850                USB_EPSetStall
 .text.USB_EPClearStall
                0x00000000080068f0      0x15a ./Drivers/STM32L1xx_HAL_Driver/Src/stm32l1xx_ll_usb.o
                0x00000000080068f0                USB_EPClearStall
 .text.USB_SetDevAddress
                0x0000000008006a4a       0x26 ./Drivers/STM32L1xx_HAL_Driver/Src/stm32l1xx_ll_usb.o
                0x0000000008006a4a                USB_SetDevAddress
 .text.USB_DevConnect
                0x0000000008006a70       0x14 ./Drivers/STM32L1xx_HAL_Driver/Src/stm32l1xx_ll_usb.o
                0x0000000008006a70                USB_DevConnect
 .text.USB_ReadInterrupts
                0x0000000008006a84       0x1e ./Drivers/STM32L1xx_HAL_Driver/Src/stm32l1xx_ll_usb.o
                0x0000000008006a84                USB_ReadInterrupts
 .text.USB_WritePMA
                0x0000000008006aa2       0x8a ./Drivers/STM32L1xx_HAL_Driver/Src/stm32l1xx_ll_usb.o
                0x0000000008006aa2                USB_WritePMA
 .text.USB_ReadPMA
                0x0000000008006b2c       0x9e ./Drivers/STM32L1xx_HAL_Driver/Src/stm32l1xx_ll_usb.o
                0x0000000008006b2c                USB_ReadPMA
 .text.USBD_CDC_Init
                0x0000000008006bca       0xf4 ./Middlewares/ST/STM32_USB_Device_Library/Class/CDC/Src/usbd_cdc.o
 .text.USBD_CDC_DeInit
                0x0000000008006cbe       0x6e ./Middlewares/ST/STM32_USB_Device_Library/Class/CDC/Src/usbd_cdc.o
 .text.USBD_CDC_Setup
                0x0000000008006d2c      0x146 ./Middlewares/ST/STM32_USB_Device_Library/Class/CDC/Src/usbd_cdc.o
 .text.USBD_CDC_DataIn
                0x0000000008006e72       0xa6 ./Middlewares/ST/STM32_USB_Device_Library/Class/CDC/Src/usbd_cdc.o
 .text.USBD_CDC_DataOut
                0x0000000008006f18       0x56 ./Middlewares/ST/STM32_USB_Device_Library/Class/CDC/Src/usbd_cdc.o
 .text.USBD_CDC_EP0_RxReady
                0x0000000008006f6e       0x50 ./Middlewares/ST/STM32_USB_Device_Library/Class/CDC/Src/usbd_cdc.o
 *fill*         0x0000000008006fbe        0x2 
 .text.USBD_CDC_GetFSCfgDesc
                0x0000000008006fc0       0x20 ./Middlewares/ST/STM32_USB_Device_Library/Class/CDC/Src/usbd_cdc.o
 .text.USBD_CDC_GetHSCfgDesc
                0x0000000008006fe0       0x20 ./Middlewares/ST/STM32_USB_Device_Library/Class/CDC/Src/usbd_cdc.o
 .text.USBD_CDC_GetOtherSpeedCfgDesc
                0x0000000008007000       0x20 ./Middlewares/ST/STM32_USB_Device_Library/Class/CDC/Src/usbd_cdc.o
 .text.USBD_CDC_GetDeviceQualifierDescriptor
                0x0000000008007020       0x20 ./Middlewares/ST/STM32_USB_Device_Library/Class/CDC/Src/usbd_cdc.o
                0x0000000008007020                USBD_CDC_GetDeviceQualifierDescriptor
 .text.USBD_CDC_RegisterInterface
                0x0000000008007040       0x2c ./Middlewares/ST/STM32_USB_Device_Library/Class/CDC/Src/usbd_cdc.o
                0x0000000008007040                USBD_CDC_RegisterInterface
 .text.USBD_CDC_SetTxBuffer
                0x000000000800706c       0x32 ./Middlewares/ST/STM32_USB_Device_Library/Class/CDC/Src/usbd_cdc.o
                0x000000000800706c                USBD_CDC_SetTxBuffer
 .text.USBD_CDC_SetRxBuffer
                0x000000000800709e       0x26 ./Middlewares/ST/STM32_USB_Device_Library/Class/CDC/Src/usbd_cdc.o
                0x000000000800709e                USBD_CDC_SetRxBuffer
 .text.USBD_CDC_TransmitPacket
                0x00000000080070c4       0x5e ./Middlewares/ST/STM32_USB_Device_Library/Class/CDC/Src/usbd_cdc.o
                0x00000000080070c4                USBD_CDC_TransmitPacket
 .text.USBD_CDC_ReceivePacket
                0x0000000008007122       0x54 ./Middlewares/ST/STM32_USB_Device_Library/Class/CDC/Src/usbd_cdc.o
                0x0000000008007122                USBD_CDC_ReceivePacket
 .text.USBD_Init
                0x0000000008007176       0x56 ./Middlewares/ST/STM32_USB_Device_Library/Core/Src/usbd_core.o
                0x0000000008007176                USBD_Init
 .text.USBD_RegisterClass
                0x00000000080071cc       0x32 ./Middlewares/ST/STM32_USB_Device_Library/Core/Src/usbd_core.o
                0x00000000080071cc                USBD_RegisterClass
 .text.USBD_Start
                0x00000000080071fe       0x18 ./Middlewares/ST/STM32_USB_Device_Library/Core/Src/usbd_core.o
                0x00000000080071fe                USBD_Start
 .text.USBD_RunTestMode
                0x0000000008007216       0x14 ./Middlewares/ST/STM32_USB_Device_Library/Core/Src/usbd_core.o
                0x0000000008007216                USBD_RunTestMode
 .text.USBD_SetClassConfig
                0x000000000800722a       0x3e ./Middlewares/ST/STM32_USB_Device_Library/Core/Src/usbd_core.o
                0x000000000800722a                USBD_SetClassConfig
 .text.USBD_ClrClassConfig
                0x0000000008007268       0x26 ./Middlewares/ST/STM32_USB_Device_Library/Core/Src/usbd_core.o
                0x0000000008007268                USBD_ClrClassConfig
 .text.USBD_LL_SetupStage
                0x000000000800728e       0x9a ./Middlewares/ST/STM32_USB_Device_Library/Core/Src/usbd_core.o
                0x000000000800728e                USBD_LL_SetupStage
 .text.USBD_LL_DataOutStage
                0x0000000008007328       0xe2 ./Middlewares/ST/STM32_USB_Device_Library/Core/Src/usbd_core.o
                0x0000000008007328                USBD_LL_DataOutStage
 .text.USBD_LL_DataInStage
                0x000000000800740a      0x14a ./Middlewares/ST/STM32_USB_Device_Library/Core/Src/usbd_core.o
                0x000000000800740a                USBD_LL_DataInStage
 .text.USBD_LL_Reset
                0x0000000008007554       0x82 ./Middlewares/ST/STM32_USB_Device_Library/Core/Src/usbd_core.o
                0x0000000008007554                USBD_LL_Reset
 .text.USBD_LL_SetSpeed
                0x00000000080075d6       0x1e ./Middlewares/ST/STM32_USB_Device_Library/Core/Src/usbd_core.o
                0x00000000080075d6                USBD_LL_SetSpeed
 .text.USBD_LL_Suspend
                0x00000000080075f4       0x28 ./Middlewares/ST/STM32_USB_Device_Library/Core/Src/usbd_core.o
                0x00000000080075f4                USBD_LL_Suspend
 .text.USBD_LL_Resume
                0x000000000800761c       0x20 ./Middlewares/ST/STM32_USB_Device_Library/Core/Src/usbd_core.o
                0x000000000800761c                USBD_LL_Resume
 .text.USBD_LL_SOF
                0x000000000800763c       0x34 ./Middlewares/ST/STM32_USB_Device_Library/Core/Src/usbd_core.o
                0x000000000800763c                USBD_LL_SOF
 .text.USBD_StdDevReq
                0x0000000008007670       0xd4 ./Middlewares/ST/STM32_USB_Device_Library/Core/Src/usbd_ctlreq.o
                0x0000000008007670                USBD_StdDevReq
 .text.USBD_StdItfReq
                0x0000000008007744       0x90 ./Middlewares/ST/STM32_USB_Device_Library/Core/Src/usbd_ctlreq.o
                0x0000000008007744                USBD_StdItfReq
 .text.USBD_StdEPReq
                0x00000000080077d4      0x2c2 ./Middlewares/ST/STM32_USB_Device_Library/Core/Src/usbd_ctlreq.o
                0x00000000080077d4                USBD_StdEPReq
 *fill*         0x0000000008007a96        0x2 
 .text.USBD_GetDescriptor
                0x0000000008007a98      0x1f4 ./Middlewares/ST/STM32_USB_Device_Library/Core/Src/usbd_ctlreq.o
 .text.USBD_SetAddress
                0x0000000008007c8c       0x86 ./Middlewares/ST/STM32_USB_Device_Library/Core/Src/usbd_ctlreq.o
 *fill*         0x0000000008007d12        0x2 
 .text.USBD_SetConfig
                0x0000000008007d14      0x11c ./Middlewares/ST/STM32_USB_Device_Library/Core/Src/usbd_ctlreq.o
 .text.USBD_GetConfig
                0x0000000008007e30       0x6a ./Middlewares/ST/STM32_USB_Device_Library/Core/Src/usbd_ctlreq.o
 .text.USBD_GetStatus
                0x0000000008007e9a       0x66 ./Middlewares/ST/STM32_USB_Device_Library/Core/Src/usbd_ctlreq.o
 .text.USBD_SetFeature
                0x0000000008007f00       0x28 ./Middlewares/ST/STM32_USB_Device_Library/Core/Src/usbd_ctlreq.o
 .text.USBD_ClrFeature
                0x0000000008007f28       0x42 ./Middlewares/ST/STM32_USB_Device_Library/Core/Src/usbd_ctlreq.o
 .text.USBD_ParseSetupRequest
                0x0000000008007f6a       0x78 ./Middlewares/ST/STM32_USB_Device_Library/Core/Src/usbd_ctlreq.o
                0x0000000008007f6a                USBD_ParseSetupRequest
 .text.USBD_CtlError
                0x0000000008007fe2       0x22 ./Middlewares/ST/STM32_USB_Device_Library/Core/Src/usbd_ctlreq.o
                0x0000000008007fe2                USBD_CtlError
 .text.USBD_GetString
                0x0000000008008004       0x84 ./Middlewares/ST/STM32_USB_Device_Library/Core/Src/usbd_ctlreq.o
                0x0000000008008004                USBD_GetString
 .text.USBD_GetLen
                0x0000000008008088       0x2e ./Middlewares/ST/STM32_USB_Device_Library/Core/Src/usbd_ctlreq.o
 .text.USBD_CtlSendData
                0x00000000080080b6       0x38 ./Middlewares/ST/STM32_USB_Device_Library/Core/Src/usbd_ioreq.o
                0x00000000080080b6                USBD_CtlSendData
 .text.USBD_CtlContinueSendData
                0x00000000080080ee       0x24 ./Middlewares/ST/STM32_USB_Device_Library/Core/Src/usbd_ioreq.o
                0x00000000080080ee                USBD_CtlContinueSendData
 .text.USBD_CtlPrepareRx
                0x0000000008008112       0x3c ./Middlewares/ST/STM32_USB_Device_Library/Core/Src/usbd_ioreq.o
                0x0000000008008112                USBD_CtlPrepareRx
 .text.USBD_CtlContinueRx
                0x000000000800814e       0x24 ./Middlewares/ST/STM32_USB_Device_Library/Core/Src/usbd_ioreq.o
                0x000000000800814e                USBD_CtlContinueRx
 .text.USBD_CtlSendStatus
                0x0000000008008172       0x26 ./Middlewares/ST/STM32_USB_Device_Library/Core/Src/usbd_ioreq.o
                0x0000000008008172                USBD_CtlSendStatus
 .text.USBD_CtlReceiveStatus
                0x0000000008008198       0x26 ./Middlewares/ST/STM32_USB_Device_Library/Core/Src/usbd_ioreq.o
                0x0000000008008198                USBD_CtlReceiveStatus
 *fill*         0x00000000080081be        0x2 
 .text.MX_USB_DEVICE_Init
                0x00000000080081c0       0x60 ./USB_DEVICE/App/usb_device.o
                0x00000000080081c0                MX_USB_DEVICE_Init
 .text.CDC_Init_FS
                0x0000000008008220       0x28 ./USB_DEVICE/App/usbd_cdc_if.o
 .text.CDC_DeInit_FS
                0x0000000008008248        0xe ./USB_DEVICE/App/usbd_cdc_if.o
 *fill*         0x0000000008008256        0x2 
 .text.CDC_Control_FS
                0x0000000008008258       0xbc ./USB_DEVICE/App/usbd_cdc_if.o
 .text.CDC_Receive_FS
                0x0000000008008314       0x28 ./USB_DEVICE/App/usbd_cdc_if.o
 .text.CDC_Transmit_FS
                0x000000000800833c       0x4c ./USB_DEVICE/App/usbd_cdc_if.o
                0x000000000800833c                CDC_Transmit_FS
 .text.USBD_FS_DeviceDescriptor
                0x0000000008008388       0x24 ./USB_DEVICE/App/usbd_desc.o
                0x0000000008008388                USBD_FS_DeviceDescriptor
 .text.USBD_FS_LangIDStrDescriptor
                0x00000000080083ac       0x24 ./USB_DEVICE/App/usbd_desc.o
                0x00000000080083ac                USBD_FS_LangIDStrDescriptor
 .text.USBD_FS_ProductStrDescriptor
                0x00000000080083d0       0x3c ./USB_DEVICE/App/usbd_desc.o
                0x00000000080083d0                USBD_FS_ProductStrDescriptor
 .text.USBD_FS_ManufacturerStrDescriptor
                0x000000000800840c       0x28 ./USB_DEVICE/App/usbd_desc.o
                0x000000000800840c                USBD_FS_ManufacturerStrDescriptor
 .text.USBD_FS_SerialStrDescriptor
                0x0000000008008434       0x24 ./USB_DEVICE/App/usbd_desc.o
                0x0000000008008434                USBD_FS_SerialStrDescriptor
 .text.USBD_FS_ConfigStrDescriptor
                0x0000000008008458       0x3c ./USB_DEVICE/App/usbd_desc.o
                0x0000000008008458                USBD_FS_ConfigStrDescriptor
 .text.USBD_FS_InterfaceStrDescriptor
                0x0000000008008494       0x3c ./USB_DEVICE/App/usbd_desc.o
                0x0000000008008494                USBD_FS_InterfaceStrDescriptor
 .text.Get_SerialNum
                0x00000000080084d0       0x58 ./USB_DEVICE/App/usbd_desc.o
 .text.IntToUnicode
                0x0000000008008528       0x7c ./USB_DEVICE/App/usbd_desc.o
 .text.HAL_PCDEx_SetConnectionState
                0x00000000080085a4       0x3c ./USB_DEVICE/Target/usbd_conf.o
                0x00000000080085a4                HAL_PCDEx_SetConnectionState
 .text.HAL_PCD_MspInit
                0x00000000080085e0       0x4c ./USB_DEVICE/Target/usbd_conf.o
                0x00000000080085e0                HAL_PCD_MspInit
 .text.HAL_PCD_SetupStageCallback
                0x000000000800862c       0x24 ./USB_DEVICE/Target/usbd_conf.o
                0x000000000800862c                HAL_PCD_SetupStageCallback
 .text.HAL_PCD_DataOutStageCallback
                0x0000000008008650       0x36 ./USB_DEVICE/Target/usbd_conf.o
                0x0000000008008650                HAL_PCD_DataOutStageCallback
 .text.HAL_PCD_DataInStageCallback
                0x0000000008008686       0x34 ./USB_DEVICE/Target/usbd_conf.o
                0x0000000008008686                HAL_PCD_DataInStageCallback
 .text.HAL_PCD_SOFCallback
                0x00000000080086ba       0x1c ./USB_DEVICE/Target/usbd_conf.o
                0x00000000080086ba                HAL_PCD_SOFCallback
 .text.HAL_PCD_ResetCallback
                0x00000000080086d6       0x3c ./USB_DEVICE/Target/usbd_conf.o
                0x00000000080086d6                HAL_PCD_ResetCallback
 *fill*         0x0000000008008712        0x2 
 .text.HAL_PCD_SuspendCallback
                0x0000000008008714       0x34 ./USB_DEVICE/Target/usbd_conf.o
                0x0000000008008714                HAL_PCD_SuspendCallback
 .text.HAL_PCD_ResumeCallback
                0x0000000008008748       0x1c ./USB_DEVICE/Target/usbd_conf.o
                0x0000000008008748                HAL_PCD_ResumeCallback
 .text.USBD_LL_Init
                0x0000000008008764       0xb4 ./USB_DEVICE/Target/usbd_conf.o
                0x0000000008008764                USBD_LL_Init
 .text.USBD_LL_Start
                0x0000000008008818       0x36 ./USB_DEVICE/Target/usbd_conf.o
                0x0000000008008818                USBD_LL_Start
 .text.USBD_LL_OpenEP
                0x000000000800884e       0x4c ./USB_DEVICE/Target/usbd_conf.o
                0x000000000800884e                USBD_LL_OpenEP
 .text.USBD_LL_CloseEP
                0x000000000800889a       0x3e ./USB_DEVICE/Target/usbd_conf.o
                0x000000000800889a                USBD_LL_CloseEP
 .text.USBD_LL_StallEP
                0x00000000080088d8       0x3e ./USB_DEVICE/Target/usbd_conf.o
                0x00000000080088d8                USBD_LL_StallEP
 .text.USBD_LL_ClearStallEP
                0x0000000008008916       0x3e ./USB_DEVICE/Target/usbd_conf.o
                0x0000000008008916                USBD_LL_ClearStallEP
 .text.USBD_LL_IsStallEP
                0x0000000008008954       0x58 ./USB_DEVICE/Target/usbd_conf.o
                0x0000000008008954                USBD_LL_IsStallEP
 .text.USBD_LL_SetUSBAddress
                0x00000000080089ac       0x3e ./USB_DEVICE/Target/usbd_conf.o
                0x00000000080089ac                USBD_LL_SetUSBAddress
 .text.USBD_LL_Transmit
                0x00000000080089ea       0x46 ./USB_DEVICE/Target/usbd_conf.o
                0x00000000080089ea                USBD_LL_Transmit
 .text.USBD_LL_PrepareReceive
                0x0000000008008a30       0x46 ./USB_DEVICE/Target/usbd_conf.o
                0x0000000008008a30                USBD_LL_PrepareReceive
 .text.USBD_LL_GetRxDataSize
                0x0000000008008a76       0x26 ./USB_DEVICE/Target/usbd_conf.o
                0x0000000008008a76                USBD_LL_GetRxDataSize
 .text.USBD_static_malloc
                0x0000000008008a9c       0x18 ./USB_DEVICE/Target/usbd_conf.o
                0x0000000008008a9c                USBD_static_malloc
 .text.USBD_static_free
                0x0000000008008ab4       0x12 ./USB_DEVICE/Target/usbd_conf.o
                0x0000000008008ab4                USBD_static_free
 *fill*         0x0000000008008ac6        0x2 
 .text.USBD_Get_USB_Status
                0x0000000008008ac8       0x58 ./USB_DEVICE/Target/usbd_conf.o
 .text.usb_callback
                0x0000000008008b20       0xa8 ./User/Src/kernel.o
                0x0000000008008b20                usb_callback
 .text.kernel_init
                0x0000000008008bc8       0x20 ./User/Src/kernel.o
                0x0000000008008bc8                kernel_init
 .text.kernel_main
                0x0000000008008be8      0x2a8 ./User/Src/kernel.o
                0x0000000008008be8                kernel_main
 .text.usb_add_uint8
                0x0000000008008e90       0x48 ./User/Src/usb_snd.o
                0x0000000008008e90                usb_add_uint8
 .text.usb_add_uint16
                0x0000000008008ed8       0x74 ./User/Src/usb_snd.o
                0x0000000008008ed8                usb_add_uint16
 .text.usb_add_uint32
                0x0000000008008f4c       0xc0 ./User/Src/usb_snd.o
                0x0000000008008f4c                usb_add_uint32
 .text.usb_rst_cursor
                0x000000000800900c       0x18 ./User/Src/usb_snd.o
                0x000000000800900c                usb_rst_cursor
 .text.usb_send_buff
                0x0000000008009024       0xf8 ./User/Src/usb_snd.o
                0x0000000008009024                usb_send_buff
 .text.usb_def_callback
                0x000000000800911c       0x16 ./User/Src/usb_snd.o
                0x000000000800911c                usb_def_callback
 *fill*         0x0000000008009132        0x2 
 .text.usb_set_callback
                0x0000000008009134       0x1c ./User/Src/usb_snd.o
                0x0000000008009134                usb_set_callback
 .text.__libc_init_array
                0x0000000008009150       0x48 c:/st/stm32cubeide_1.9.0/stm32cubeide/plugins/com.st.stm32cube.ide.mcu.externaltools.gnu-tools-for-stm32.10.3-2021.10.win32_1.0.0.202111181127/tools/bin/../lib/gcc/arm-none-eabi/10.3.1/../../../../arm-none-eabi/lib/thumb/v7-m/nofp\libc_nano.a(lib_a-init.o)
                0x0000000008009150                __libc_init_array
 .text.memset   0x0000000008009198       0x10 c:/st/stm32cubeide_1.9.0/stm32cubeide/plugins/com.st.stm32cube.ide.mcu.externaltools.gnu-tools-for-stm32.10.3-2021.10.win32_1.0.0.202111181127/tools/bin/../lib/gcc/arm-none-eabi/10.3.1/../../../../arm-none-eabi/lib/thumb/v7-m/nofp\libc_nano.a(lib_a-memset.o)
                0x0000000008009198                memset
 *(.glue_7)
 .glue_7        0x00000000080091a8        0x0 linker stubs
 *(.glue_7t)
 .glue_7t       0x00000000080091a8        0x0 linker stubs
 *(.eh_frame)
 .eh_frame      0x00000000080091a8        0x0 c:/st/stm32cubeide_1.9.0/stm32cubeide/plugins/com.st.stm32cube.ide.mcu.externaltools.gnu-tools-for-stm32.10.3-2021.10.win32_1.0.0.202111181127/tools/bin/../lib/gcc/arm-none-eabi/10.3.1/thumb/v7-m/nofp/crtbegin.o
 *(.init)
 .init          0x00000000080091a8        0x4 c:/st/stm32cubeide_1.9.0/stm32cubeide/plugins/com.st.stm32cube.ide.mcu.externaltools.gnu-tools-for-stm32.10.3-2021.10.win32_1.0.0.202111181127/tools/bin/../lib/gcc/arm-none-eabi/10.3.1/thumb/v7-m/nofp/crti.o
                0x00000000080091a8                _init
 .init          0x00000000080091ac        0x8 c:/st/stm32cubeide_1.9.0/stm32cubeide/plugins/com.st.stm32cube.ide.mcu.externaltools.gnu-tools-for-stm32.10.3-2021.10.win32_1.0.0.202111181127/tools/bin/../lib/gcc/arm-none-eabi/10.3.1/thumb/v7-m/nofp/crtn.o
 *(.fini)
 .fini          0x00000000080091b4        0x4 c:/st/stm32cubeide_1.9.0/stm32cubeide/plugins/com.st.stm32cube.ide.mcu.externaltools.gnu-tools-for-stm32.10.3-2021.10.win32_1.0.0.202111181127/tools/bin/../lib/gcc/arm-none-eabi/10.3.1/thumb/v7-m/nofp/crti.o
                0x00000000080091b4                _fini
 .fini          0x00000000080091b8        0x8 c:/st/stm32cubeide_1.9.0/stm32cubeide/plugins/com.st.stm32cube.ide.mcu.externaltools.gnu-tools-for-stm32.10.3-2021.10.win32_1.0.0.202111181127/tools/bin/../lib/gcc/arm-none-eabi/10.3.1/thumb/v7-m/nofp/crtn.o
                0x00000000080091c0                . = ALIGN (0x4)
                0x00000000080091c0                _etext = .

.vfp11_veneer   0x00000000080091c0        0x0
 .vfp11_veneer  0x00000000080091c0        0x0 linker stubs

.v4_bx          0x00000000080091c0        0x0
 .v4_bx         0x00000000080091c0        0x0 linker stubs

.iplt           0x00000000080091c0        0x0
 .iplt          0x00000000080091c0        0x0 c:/st/stm32cubeide_1.9.0/stm32cubeide/plugins/com.st.stm32cube.ide.mcu.externaltools.gnu-tools-for-stm32.10.3-2021.10.win32_1.0.0.202111181127/tools/bin/../lib/gcc/arm-none-eabi/10.3.1/thumb/v7-m/nofp/crtbegin.o

.rodata         0x00000000080091c0       0x64
                0x00000000080091c0                . = ALIGN (0x4)
 *(.rodata)
 .rodata        0x00000000080091c0       0x46 ./USB_DEVICE/App/usbd_desc.o
 *(.rodata*)
 *fill*         0x0000000008009206        0x2 
 .rodata.PLLMulTable
                0x0000000008009208        0x9 ./Core/Src/system_stm32l1xx.o
                0x0000000008009208                PLLMulTable
 *fill*         0x0000000008009211        0x3 
 .rodata.AHBPrescTable
                0x0000000008009214       0x10 ./Core/Src/system_stm32l1xx.o
                0x0000000008009214                AHBPrescTable
                0x0000000008009224                . = ALIGN (0x4)

.ARM.extab      0x0000000008009224        0x0
                0x0000000008009224                . = ALIGN (0x4)
 *(.ARM.extab* .gnu.linkonce.armextab.*)
                0x0000000008009224                . = ALIGN (0x4)

.ARM            0x0000000008009224        0x8
                0x0000000008009224                . = ALIGN (0x4)
                0x0000000008009224                __exidx_start = .
 *(.ARM.exidx*)
 .ARM.exidx     0x0000000008009224        0x8 c:/st/stm32cubeide_1.9.0/stm32cubeide/plugins/com.st.stm32cube.ide.mcu.externaltools.gnu-tools-for-stm32.10.3-2021.10.win32_1.0.0.202111181127/tools/bin/../lib/gcc/arm-none-eabi/10.3.1/thumb/v7-m/nofp\libgcc.a(_udivmoddi4.o)
                0x000000000800922c                __exidx_end = .
                0x000000000800922c                . = ALIGN (0x4)

.rel.dyn        0x000000000800922c        0x0
 .rel.iplt      0x000000000800922c        0x0 c:/st/stm32cubeide_1.9.0/stm32cubeide/plugins/com.st.stm32cube.ide.mcu.externaltools.gnu-tools-for-stm32.10.3-2021.10.win32_1.0.0.202111181127/tools/bin/../lib/gcc/arm-none-eabi/10.3.1/thumb/v7-m/nofp/crtbegin.o

.preinit_array  0x000000000800922c        0x0
                0x000000000800922c                . = ALIGN (0x4)
                0x000000000800922c                PROVIDE (__preinit_array_start = .)
 *(.preinit_array*)
                0x000000000800922c                PROVIDE (__preinit_array_end = .)
                0x000000000800922c                . = ALIGN (0x4)

.init_array     0x000000000800922c        0x4
                0x000000000800922c                . = ALIGN (0x4)
                0x000000000800922c                PROVIDE (__init_array_start = .)
 *(SORT_BY_NAME(.init_array.*))
 *(.init_array*)
 .init_array    0x000000000800922c        0x4 c:/st/stm32cubeide_1.9.0/stm32cubeide/plugins/com.st.stm32cube.ide.mcu.externaltools.gnu-tools-for-stm32.10.3-2021.10.win32_1.0.0.202111181127/tools/bin/../lib/gcc/arm-none-eabi/10.3.1/thumb/v7-m/nofp/crtbegin.o
                0x0000000008009230                PROVIDE (__init_array_end = .)
                0x0000000008009230                . = ALIGN (0x4)

.fini_array     0x0000000008009230        0x4
                0x0000000008009230                . = ALIGN (0x4)
                [!provide]                        PROVIDE (__fini_array_start = .)
 *(SORT_BY_NAME(.fini_array.*))
 *(.fini_array*)
 .fini_array    0x0000000008009230        0x4 c:/st/stm32cubeide_1.9.0/stm32cubeide/plugins/com.st.stm32cube.ide.mcu.externaltools.gnu-tools-for-stm32.10.3-2021.10.win32_1.0.0.202111181127/tools/bin/../lib/gcc/arm-none-eabi/10.3.1/thumb/v7-m/nofp/crtbegin.o
                [!provide]                        PROVIDE (__fini_array_end = .)
                0x0000000008009234                . = ALIGN (0x4)
                0x0000000008009234                _sidata = LOADADDR (.data)

.data           0x0000000020000000      0x180 load address 0x0000000008009234
                0x0000000020000000                . = ALIGN (0x4)
                0x0000000020000000                _sdata = .
 *(.data)
 *(.data*)
 .data.SystemCoreClock
                0x0000000020000000        0x4 ./Core/Src/system_stm32l1xx.o
                0x0000000020000000                SystemCoreClock
 .data.uwTickPrio
                0x0000000020000004        0x4 ./Drivers/STM32L1xx_HAL_Driver/Src/stm32l1xx_hal.o
                0x0000000020000004                uwTickPrio
 .data.uwTickFreq
                0x0000000020000008        0x4 ./Drivers/STM32L1xx_HAL_Driver/Src/stm32l1xx_hal.o
                0x0000000020000008                uwTickFreq
 .data.USBD_CDC_DeviceQualifierDesc
                0x000000002000000c        0xa ./Middlewares/ST/STM32_USB_Device_Library/Class/CDC/Src/usbd_cdc.o
 *fill*         0x0000000020000016        0x2 
 .data.USBD_CDC
                0x0000000020000018       0x38 ./Middlewares/ST/STM32_USB_Device_Library/Class/CDC/Src/usbd_cdc.o
                0x0000000020000018                USBD_CDC
 .data.USBD_CDC_CfgHSDesc
                0x0000000020000050       0x43 ./Middlewares/ST/STM32_USB_Device_Library/Class/CDC/Src/usbd_cdc.o
                0x0000000020000050                USBD_CDC_CfgHSDesc
 *fill*         0x0000000020000093        0x1 
 .data.USBD_CDC_CfgFSDesc
                0x0000000020000094       0x43 ./Middlewares/ST/STM32_USB_Device_Library/Class/CDC/Src/usbd_cdc.o
                0x0000000020000094                USBD_CDC_CfgFSDesc
 *fill*         0x00000000200000d7        0x1 
 .data.USBD_CDC_OtherSpeedCfgDesc
                0x00000000200000d8       0x43 ./Middlewares/ST/STM32_USB_Device_Library/Class/CDC/Src/usbd_cdc.o
                0x00000000200000d8                USBD_CDC_OtherSpeedCfgDesc
 *fill*         0x000000002000011b        0x1 
 .data.USBD_Interface_fops_FS
                0x000000002000011c       0x10 ./USB_DEVICE/App/usbd_cdc_if.o
                0x000000002000011c                USBD_Interface_fops_FS
 .data.FS_Desc  0x000000002000012c       0x1c ./USB_DEVICE/App/usbd_desc.o
                0x000000002000012c                FS_Desc
 .data.USBD_FS_DeviceDesc
                0x0000000020000148       0x12 ./USB_DEVICE/App/usbd_desc.o
                0x0000000020000148                USBD_FS_DeviceDesc
 *fill*         0x000000002000015a        0x2 
 .data.USBD_LangIDDesc
                0x000000002000015c        0x4 ./USB_DEVICE/App/usbd_desc.o
                0x000000002000015c                USBD_LangIDDesc
 .data.USBD_StringSerial
                0x0000000020000160       0x1a ./USB_DEVICE/App/usbd_desc.o
                0x0000000020000160                USBD_StringSerial
 .data.last_statius
                0x000000002000017a        0x1 ./User/Src/usb_snd.o
                0x000000002000017a                last_statius
 *fill*         0x000000002000017b        0x1 
 .data.f_rx     0x000000002000017c        0x4 ./User/Src/usb_snd.o
                0x000000002000017c                f_rx
 *(.RamFunc)
 *(.RamFunc*)
                0x0000000020000180                . = ALIGN (0x4)
                0x0000000020000180                _edata = .

.igot.plt       0x0000000020000180        0x0 load address 0x00000000080093b4
 .igot.plt      0x0000000020000180        0x0 c:/st/stm32cubeide_1.9.0/stm32cubeide/plugins/com.st.stm32cube.ide.mcu.externaltools.gnu-tools-for-stm32.10.3-2021.10.win32_1.0.0.202111181127/tools/bin/../lib/gcc/arm-none-eabi/10.3.1/thumb/v7-m/nofp/crtbegin.o
                0x0000000020000180                . = ALIGN (0x4)

.bss            0x0000000020000180     0x137c load address 0x00000000080093b4
                0x0000000020000180                _sbss = .
                0x0000000020000180                __bss_start__ = _sbss
 *(.bss)
 .bss           0x0000000020000180       0x1c c:/st/stm32cubeide_1.9.0/stm32cubeide/plugins/com.st.stm32cube.ide.mcu.externaltools.gnu-tools-for-stm32.10.3-2021.10.win32_1.0.0.202111181127/tools/bin/../lib/gcc/arm-none-eabi/10.3.1/thumb/v7-m/nofp/crtbegin.o
 *(.bss*)
 .bss.hadc      0x000000002000019c       0x54 ./Core/Src/adc.o
                0x000000002000019c                hadc
 .bss.hspi2     0x00000000200001f0       0x58 ./Core/Src/spi.o
                0x00000000200001f0                hspi2
 .bss.uwTick    0x0000000020000248        0x4 ./Drivers/STM32L1xx_HAL_Driver/Src/stm32l1xx_hal.o
                0x0000000020000248                uwTick
 .bss.cfgidx.0  0x000000002000024c        0x1 ./Middlewares/ST/STM32_USB_Device_Library/Core/Src/usbd_ctlreq.o
 *fill*         0x000000002000024d        0x3 
 .bss.hUsbDeviceFS
                0x0000000020000250      0x29c ./USB_DEVICE/App/usb_device.o
                0x0000000020000250                hUsbDeviceFS
 .bss.UserRxBufferFS
                0x00000000200004ec      0x400 ./USB_DEVICE/App/usbd_cdc_if.o
                0x00000000200004ec                UserRxBufferFS
 .bss.UserTxBufferFS
                0x00000000200008ec      0x400 ./USB_DEVICE/App/usbd_cdc_if.o
                0x00000000200008ec                UserTxBufferFS
 .bss.USBD_StrDesc
                0x0000000020000cec      0x200 ./USB_DEVICE/App/usbd_desc.o
                0x0000000020000cec                USBD_StrDesc
 .bss.hpcd_USB_FS
                0x0000000020000eec      0x2ec ./USB_DEVICE/Target/usbd_conf.o
                0x0000000020000eec                hpcd_USB_FS
 .bss.mem.0     0x00000000200011d8      0x220 ./USB_DEVICE/Target/usbd_conf.o
 .bss.usb_cursor
                0x00000000200013f8        0x1 ./User/Src/usb_snd.o
                0x00000000200013f8                usb_cursor
 *fill*         0x00000000200013f9        0x1 
 .bss.usb_len   0x00000000200013fa        0x2 ./User/Src/usb_snd.o
                0x00000000200013fa                usb_len
 .bss.usb_buff  0x00000000200013fc      0x100 ./User/Src/usb_snd.o
                0x00000000200013fc                usb_buff
 *(COMMON)
                0x00000000200014fc                . = ALIGN (0x4)
                0x00000000200014fc                _ebss = .
                0x00000000200014fc                __bss_end__ = _ebss

._user_heap_stack
                0x00000000200014fc      0x604 load address 0x00000000080093b4
                0x0000000020001500                . = ALIGN (0x8)
 *fill*         0x00000000200014fc        0x4 
                [!provide]                        PROVIDE (end = .)
                0x0000000020001500                PROVIDE (_end = .)
                0x0000000020001700                . = (. + _Min_Heap_Size)
 *fill*         0x0000000020001500      0x200 
                0x0000000020001b00                . = (. + _Min_Stack_Size)
 *fill*         0x0000000020001700      0x400 
                0x0000000020001b00                . = ALIGN (0x8)

/DISCARD/
 libc.a(*)
 libm.a(*)
 libgcc.a(*)

.ARM.attributes
                0x0000000000000000       0x29
 *(.ARM.attributes)
 .ARM.attributes
                0x0000000000000000       0x1d c:/st/stm32cubeide_1.9.0/stm32cubeide/plugins/com.st.stm32cube.ide.mcu.externaltools.gnu-tools-for-stm32.10.3-2021.10.win32_1.0.0.202111181127/tools/bin/../lib/gcc/arm-none-eabi/10.3.1/thumb/v7-m/nofp/crti.o
 .ARM.attributes
                0x000000000000001d       0x2d c:/st/stm32cubeide_1.9.0/stm32cubeide/plugins/com.st.stm32cube.ide.mcu.externaltools.gnu-tools-for-stm32.10.3-2021.10.win32_1.0.0.202111181127/tools/bin/../lib/gcc/arm-none-eabi/10.3.1/thumb/v7-m/nofp/crtbegin.o
 .ARM.attributes
                0x000000000000004a       0x2d ./Core/Src/adc.o
 .ARM.attributes
                0x0000000000000077       0x2d ./Core/Src/gpio.o
 .ARM.attributes
                0x00000000000000a4       0x2d ./Core/Src/main.o
 .ARM.attributes
                0x00000000000000d1       0x2d ./Core/Src/spi.o
 .ARM.attributes
                0x00000000000000fe       0x2d ./Core/Src/stm32l1xx_hal_msp.o
 .ARM.attributes
                0x000000000000012b       0x2d ./Core/Src/stm32l1xx_it.o
 .ARM.attributes
                0x0000000000000158       0x2d ./Core/Src/system_stm32l1xx.o
 .ARM.attributes
                0x0000000000000185       0x21 ./Core/Startup/startup_stm32l151cbtx.o
 .ARM.attributes
                0x00000000000001a6       0x2d ./Drivers/STM32L1xx_HAL_Driver/Src/stm32l1xx_hal.o
 .ARM.attributes
                0x00000000000001d3       0x2d ./Drivers/STM32L1xx_HAL_Driver/Src/stm32l1xx_hal_adc.o
 .ARM.attributes
                0x0000000000000200       0x2d ./Drivers/STM32L1xx_HAL_Driver/Src/stm32l1xx_hal_cortex.o
 .ARM.attributes
                0x000000000000022d       0x2d ./Drivers/STM32L1xx_HAL_Driver/Src/stm32l1xx_hal_gpio.o
 .ARM.attributes
                0x000000000000025a       0x2d ./Drivers/STM32L1xx_HAL_Driver/Src/stm32l1xx_hal_pcd.o
 .ARM.attributes
                0x0000000000000287       0x2d ./Drivers/STM32L1xx_HAL_Driver/Src/stm32l1xx_hal_pcd_ex.o
 .ARM.attributes
                0x00000000000002b4       0x2d ./Drivers/STM32L1xx_HAL_Driver/Src/stm32l1xx_hal_rcc.o
 .ARM.attributes
                0x00000000000002e1       0x2d ./Drivers/STM32L1xx_HAL_Driver/Src/stm32l1xx_hal_spi.o
 .ARM.attributes
                0x000000000000030e       0x2d ./Drivers/STM32L1xx_HAL_Driver/Src/stm32l1xx_ll_usb.o
 .ARM.attributes
                0x000000000000033b       0x2d ./Middlewares/ST/STM32_USB_Device_Library/Class/CDC/Src/usbd_cdc.o
 .ARM.attributes
                0x0000000000000368       0x2d ./Middlewares/ST/STM32_USB_Device_Library/Core/Src/usbd_core.o
 .ARM.attributes
                0x0000000000000395       0x2d ./Middlewares/ST/STM32_USB_Device_Library/Core/Src/usbd_ctlreq.o
 .ARM.attributes
                0x00000000000003c2       0x2d ./Middlewares/ST/STM32_USB_Device_Library/Core/Src/usbd_ioreq.o
 .ARM.attributes
                0x00000000000003ef       0x2d ./USB_DEVICE/App/usb_device.o
 .ARM.attributes
                0x000000000000041c       0x2d ./USB_DEVICE/App/usbd_cdc_if.o
 .ARM.attributes
                0x0000000000000449       0x2d ./USB_DEVICE/App/usbd_desc.o
 .ARM.attributes
                0x0000000000000476       0x2d ./USB_DEVICE/Target/usbd_conf.o
 .ARM.attributes
                0x00000000000004a3       0x2d ./User/Src/kernel.o
 .ARM.attributes
                0x00000000000004d0       0x2d ./User/Src/usb_snd.o
 .ARM.attributes
                0x00000000000004fd       0x2d c:/st/stm32cubeide_1.9.0/stm32cubeide/plugins/com.st.stm32cube.ide.mcu.externaltools.gnu-tools-for-stm32.10.3-2021.10.win32_1.0.0.202111181127/tools/bin/../lib/gcc/arm-none-eabi/10.3.1/../../../../arm-none-eabi/lib/thumb/v7-m/nofp\libc_nano.a(lib_a-init.o)
 .ARM.attributes
                0x000000000000052a       0x2d c:/st/stm32cubeide_1.9.0/stm32cubeide/plugins/com.st.stm32cube.ide.mcu.externaltools.gnu-tools-for-stm32.10.3-2021.10.win32_1.0.0.202111181127/tools/bin/../lib/gcc/arm-none-eabi/10.3.1/../../../../arm-none-eabi/lib/thumb/v7-m/nofp\libc_nano.a(lib_a-memset.o)
 .ARM.attributes
                0x0000000000000557       0x1d c:/st/stm32cubeide_1.9.0/stm32cubeide/plugins/com.st.stm32cube.ide.mcu.externaltools.gnu-tools-for-stm32.10.3-2021.10.win32_1.0.0.202111181127/tools/bin/../lib/gcc/arm-none-eabi/10.3.1/thumb/v7-m/nofp\libgcc.a(_aeabi_uldivmod.o)
 .ARM.attributes
                0x0000000000000574       0x2d c:/st/stm32cubeide_1.9.0/stm32cubeide/plugins/com.st.stm32cube.ide.mcu.externaltools.gnu-tools-for-stm32.10.3-2021.10.win32_1.0.0.202111181127/tools/bin/../lib/gcc/arm-none-eabi/10.3.1/thumb/v7-m/nofp\libgcc.a(_udivmoddi4.o)
 .ARM.attributes
                0x00000000000005a1       0x1d c:/st/stm32cubeide_1.9.0/stm32cubeide/plugins/com.st.stm32cube.ide.mcu.externaltools.gnu-tools-for-stm32.10.3-2021.10.win32_1.0.0.202111181127/tools/bin/../lib/gcc/arm-none-eabi/10.3.1/thumb/v7-m/nofp\libgcc.a(_dvmd_tls.o)
 .ARM.attributes
                0x00000000000005be       0x1d c:/st/stm32cubeide_1.9.0/stm32cubeide/plugins/com.st.stm32cube.ide.mcu.externaltools.gnu-tools-for-stm32.10.3-2021.10.win32_1.0.0.202111181127/tools/bin/../lib/gcc/arm-none-eabi/10.3.1/thumb/v7-m/nofp/crtn.o
OUTPUT(L151_ADS1220.elf elf32-littlearm)
LOAD linker stubs
LOAD c:/st/stm32cubeide_1.9.0/stm32cubeide/plugins/com.st.stm32cube.ide.mcu.externaltools.gnu-tools-for-stm32.10.3-2021.10.win32_1.0.0.202111181127/tools/bin/../lib/gcc/arm-none-eabi/10.3.1/../../../../arm-none-eabi/lib/thumb/v7-m/nofp\libc.a
LOAD c:/st/stm32cubeide_1.9.0/stm32cubeide/plugins/com.st.stm32cube.ide.mcu.externaltools.gnu-tools-for-stm32.10.3-2021.10.win32_1.0.0.202111181127/tools/bin/../lib/gcc/arm-none-eabi/10.3.1/../../../../arm-none-eabi/lib/thumb/v7-m/nofp\libm.a
LOAD c:/st/stm32cubeide_1.9.0/stm32cubeide/plugins/com.st.stm32cube.ide.mcu.externaltools.gnu-tools-for-stm32.10.3-2021.10.win32_1.0.0.202111181127/tools/bin/../lib/gcc/arm-none-eabi/10.3.1/thumb/v7-m/nofp\libgcc.a

.debug_info     0x0000000000000000    0x10877
 .debug_info    0x0000000000000000      0x7ba ./Core/Src/adc.o
 .debug_info    0x00000000000007ba      0x366 ./Core/Src/gpio.o
 .debug_info    0x0000000000000b20      0x341 ./Core/Src/main.o
 .debug_info    0x0000000000000e61      0x890 ./Core/Src/spi.o
 .debug_info    0x00000000000016f1      0x1d5 ./Core/Src/stm32l1xx_hal_msp.o
 .debug_info    0x00000000000018c6      0x652 ./Core/Src/stm32l1xx_it.o
 .debug_info    0x0000000000001f18      0x2a7 ./Core/Src/system_stm32l1xx.o
 .debug_info    0x00000000000021bf       0x22 ./Core/Startup/startup_stm32l151cbtx.o
 .debug_info    0x00000000000021e1      0x6e4 ./Drivers/STM32L1xx_HAL_Driver/Src/stm32l1xx_hal.o
 .debug_info    0x00000000000028c5      0xf21 ./Drivers/STM32L1xx_HAL_Driver/Src/stm32l1xx_hal_adc.o
 .debug_info    0x00000000000037e6      0xd43 ./Drivers/STM32L1xx_HAL_Driver/Src/stm32l1xx_hal_cortex.o
 .debug_info    0x0000000000004529      0x627 ./Drivers/STM32L1xx_HAL_Driver/Src/stm32l1xx_hal_gpio.o
 .debug_info    0x0000000000004b50     0x15b3 ./Drivers/STM32L1xx_HAL_Driver/Src/stm32l1xx_hal_pcd.o
 .debug_info    0x0000000000006103      0x719 ./Drivers/STM32L1xx_HAL_Driver/Src/stm32l1xx_hal_pcd_ex.o
 .debug_info    0x000000000000681c      0x991 ./Drivers/STM32L1xx_HAL_Driver/Src/stm32l1xx_hal_rcc.o
 .debug_info    0x00000000000071ad     0x1656 ./Drivers/STM32L1xx_HAL_Driver/Src/stm32l1xx_hal_spi.o
 .debug_info    0x0000000000008803     0x172e ./Drivers/STM32L1xx_HAL_Driver/Src/stm32l1xx_ll_usb.o
 .debug_info    0x0000000000009f31     0x10e2 ./Middlewares/ST/STM32_USB_Device_Library/Class/CDC/Src/usbd_cdc.o
 .debug_info    0x000000000000b013      0xb02 ./Middlewares/ST/STM32_USB_Device_Library/Core/Src/usbd_core.o
 .debug_info    0x000000000000bb15      0x9a6 ./Middlewares/ST/STM32_USB_Device_Library/Core/Src/usbd_ctlreq.o
 .debug_info    0x000000000000c4bb      0x715 ./Middlewares/ST/STM32_USB_Device_Library/Core/Src/usbd_ioreq.o
 .debug_info    0x000000000000cbd0      0x679 ./USB_DEVICE/App/usb_device.o
 .debug_info    0x000000000000d249      0x828 ./USB_DEVICE/App/usbd_cdc_if.o
 .debug_info    0x000000000000da71      0x484 ./USB_DEVICE/App/usbd_desc.o
 .debug_info    0x000000000000def5     0x19bc ./USB_DEVICE/Target/usbd_conf.o
 .debug_info    0x000000000000f8b1      0xa71 ./User/Src/kernel.o
 .debug_info    0x0000000000010322      0x555 ./User/Src/usb_snd.o

.debug_abbrev   0x0000000000000000     0x3564
 .debug_abbrev  0x0000000000000000      0x1ae ./Core/Src/adc.o
 .debug_abbrev  0x00000000000001ae      0x146 ./Core/Src/gpio.o
 .debug_abbrev  0x00000000000002f4      0x1ad ./Core/Src/main.o
 .debug_abbrev  0x00000000000004a1      0x1e0 ./Core/Src/spi.o
 .debug_abbrev  0x0000000000000681       0xc2 ./Core/Src/stm32l1xx_hal_msp.o
 .debug_abbrev  0x0000000000000743      0x188 ./Core/Src/stm32l1xx_it.o
 .debug_abbrev  0x00000000000008cb      0x116 ./Core/Src/system_stm32l1xx.o
 .debug_abbrev  0x00000000000009e1       0x12 ./Core/Startup/startup_stm32l151cbtx.o
 .debug_abbrev  0x00000000000009f3      0x26c ./Drivers/STM32L1xx_HAL_Driver/Src/stm32l1xx_hal.o
 .debug_abbrev  0x0000000000000c5f      0x280 ./Drivers/STM32L1xx_HAL_Driver/Src/stm32l1xx_hal_adc.o
 .debug_abbrev  0x0000000000000edf      0x316 ./Drivers/STM32L1xx_HAL_Driver/Src/stm32l1xx_hal_cortex.o
 .debug_abbrev  0x00000000000011f5      0x1c4 ./Drivers/STM32L1xx_HAL_Driver/Src/stm32l1xx_hal_gpio.o
 .debug_abbrev  0x00000000000013b9      0x2c0 ./Drivers/STM32L1xx_HAL_Driver/Src/stm32l1xx_hal_pcd.o
 .debug_abbrev  0x0000000000001679      0x17f ./Drivers/STM32L1xx_HAL_Driver/Src/stm32l1xx_hal_pcd_ex.o
 .debug_abbrev  0x00000000000017f8      0x2b0 ./Drivers/STM32L1xx_HAL_Driver/Src/stm32l1xx_hal_rcc.o
 .debug_abbrev  0x0000000000001aa8      0x26e ./Drivers/STM32L1xx_HAL_Driver/Src/stm32l1xx_hal_spi.o
 .debug_abbrev  0x0000000000001d16      0x22f ./Drivers/STM32L1xx_HAL_Driver/Src/stm32l1xx_ll_usb.o
 .debug_abbrev  0x0000000000001f45      0x2c0 ./Middlewares/ST/STM32_USB_Device_Library/Class/CDC/Src/usbd_cdc.o
 .debug_abbrev  0x0000000000002205      0x236 ./Middlewares/ST/STM32_USB_Device_Library/Core/Src/usbd_core.o
 .debug_abbrev  0x000000000000243b      0x257 ./Middlewares/ST/STM32_USB_Device_Library/Core/Src/usbd_ctlreq.o
 .debug_abbrev  0x0000000000002692      0x183 ./Middlewares/ST/STM32_USB_Device_Library/Core/Src/usbd_ioreq.o
 .debug_abbrev  0x0000000000002815      0x183 ./USB_DEVICE/App/usb_device.o
 .debug_abbrev  0x0000000000002998      0x252 ./USB_DEVICE/App/usbd_cdc_if.o
 .debug_abbrev  0x0000000000002bea      0x1fa ./USB_DEVICE/App/usbd_desc.o
 .debug_abbrev  0x0000000000002de4      0x305 ./USB_DEVICE/Target/usbd_conf.o
 .debug_abbrev  0x00000000000030e9      0x238 ./User/Src/kernel.o
 .debug_abbrev  0x0000000000003321      0x243 ./User/Src/usb_snd.o

.debug_aranges  0x0000000000000000      0xdf8
 .debug_aranges
                0x0000000000000000       0x30 ./Core/Src/adc.o
 .debug_aranges
                0x0000000000000030       0x20 ./Core/Src/gpio.o
 .debug_aranges
                0x0000000000000050       0x30 ./Core/Src/main.o
 .debug_aranges
                0x0000000000000080       0x30 ./Core/Src/spi.o
 .debug_aranges
                0x00000000000000b0       0x20 ./Core/Src/stm32l1xx_hal_msp.o
 .debug_aranges
                0x00000000000000d0       0x68 ./Core/Src/stm32l1xx_it.o
 .debug_aranges
                0x0000000000000138       0x28 ./Core/Src/system_stm32l1xx.o
 .debug_aranges
                0x0000000000000160       0x28 ./Core/Startup/startup_stm32l151cbtx.o
 .debug_aranges
                0x0000000000000188       0xe0 ./Drivers/STM32L1xx_HAL_Driver/Src/stm32l1xx_hal.o
 .debug_aranges
                0x0000000000000268       0xf0 ./Drivers/STM32L1xx_HAL_Driver/Src/stm32l1xx_hal_adc.o
 .debug_aranges
                0x0000000000000358      0x118 ./Drivers/STM32L1xx_HAL_Driver/Src/stm32l1xx_hal_cortex.o
 .debug_aranges
                0x0000000000000470       0x58 ./Drivers/STM32L1xx_HAL_Driver/Src/stm32l1xx_hal_gpio.o
 .debug_aranges
                0x00000000000004c8      0x138 ./Drivers/STM32L1xx_HAL_Driver/Src/stm32l1xx_hal_pcd.o
 .debug_aranges
                0x0000000000000600       0x38 ./Drivers/STM32L1xx_HAL_Driver/Src/stm32l1xx_hal_pcd_ex.o
 .debug_aranges
                0x0000000000000638       0x90 ./Drivers/STM32L1xx_HAL_Driver/Src/stm32l1xx_hal_rcc.o
 .debug_aranges
                0x00000000000006c8      0x1d0 ./Drivers/STM32L1xx_HAL_Driver/Src/stm32l1xx_hal_spi.o
 .debug_aranges
                0x0000000000000898       0xb0 ./Drivers/STM32L1xx_HAL_Driver/Src/stm32l1xx_ll_usb.o
 .debug_aranges
                0x0000000000000948       0x90 ./Middlewares/ST/STM32_USB_Device_Library/Class/CDC/Src/usbd_cdc.o
 .debug_aranges
                0x00000000000009d8       0xb8 ./Middlewares/ST/STM32_USB_Device_Library/Core/Src/usbd_core.o
 .debug_aranges
                0x0000000000000a90       0x88 ./Middlewares/ST/STM32_USB_Device_Library/Core/Src/usbd_ctlreq.o
 .debug_aranges
                0x0000000000000b18       0x50 ./Middlewares/ST/STM32_USB_Device_Library/Core/Src/usbd_ioreq.o
 .debug_aranges
                0x0000000000000b68       0x20 ./USB_DEVICE/App/usb_device.o
 .debug_aranges
                0x0000000000000b88       0x40 ./USB_DEVICE/App/usbd_cdc_if.o
 .debug_aranges
                0x0000000000000bc8       0x60 ./USB_DEVICE/App/usbd_desc.o
 .debug_aranges
                0x0000000000000c28      0x118 ./USB_DEVICE/Target/usbd_conf.o
 .debug_aranges
                0x0000000000000d40       0x30 ./User/Src/kernel.o
 .debug_aranges
                0x0000000000000d70       0x88 ./User/Src/usb_snd.o

.debug_ranges   0x0000000000000000      0xc50
 .debug_ranges  0x0000000000000000       0x20 ./Core/Src/adc.o
 .debug_ranges  0x0000000000000020       0x10 ./Core/Src/gpio.o
 .debug_ranges  0x0000000000000030       0x20 ./Core/Src/main.o
 .debug_ranges  0x0000000000000050       0x20 ./Core/Src/spi.o
 .debug_ranges  0x0000000000000070       0x10 ./Core/Src/stm32l1xx_hal_msp.o
 .debug_ranges  0x0000000000000080       0x58 ./Core/Src/stm32l1xx_it.o
 .debug_ranges  0x00000000000000d8       0x18 ./Core/Src/system_stm32l1xx.o
 .debug_ranges  0x00000000000000f0       0x20 ./Core/Startup/startup_stm32l151cbtx.o
 .debug_ranges  0x0000000000000110       0xd0 ./Drivers/STM32L1xx_HAL_Driver/Src/stm32l1xx_hal.o
 .debug_ranges  0x00000000000001e0       0xe0 ./Drivers/STM32L1xx_HAL_Driver/Src/stm32l1xx_hal_adc.o
 .debug_ranges  0x00000000000002c0      0x108 ./Drivers/STM32L1xx_HAL_Driver/Src/stm32l1xx_hal_cortex.o
 .debug_ranges  0x00000000000003c8       0x48 ./Drivers/STM32L1xx_HAL_Driver/Src/stm32l1xx_hal_gpio.o
 .debug_ranges  0x0000000000000410      0x128 ./Drivers/STM32L1xx_HAL_Driver/Src/stm32l1xx_hal_pcd.o
 .debug_ranges  0x0000000000000538       0x28 ./Drivers/STM32L1xx_HAL_Driver/Src/stm32l1xx_hal_pcd_ex.o
 .debug_ranges  0x0000000000000560       0x80 ./Drivers/STM32L1xx_HAL_Driver/Src/stm32l1xx_hal_rcc.o
 .debug_ranges  0x00000000000005e0      0x1c0 ./Drivers/STM32L1xx_HAL_Driver/Src/stm32l1xx_hal_spi.o
 .debug_ranges  0x00000000000007a0       0xa0 ./Drivers/STM32L1xx_HAL_Driver/Src/stm32l1xx_ll_usb.o
 .debug_ranges  0x0000000000000840       0x80 ./Middlewares/ST/STM32_USB_Device_Library/Class/CDC/Src/usbd_cdc.o
 .debug_ranges  0x00000000000008c0       0xa8 ./Middlewares/ST/STM32_USB_Device_Library/Core/Src/usbd_core.o
 .debug_ranges  0x0000000000000968       0x78 ./Middlewares/ST/STM32_USB_Device_Library/Core/Src/usbd_ctlreq.o
 .debug_ranges  0x00000000000009e0       0x40 ./Middlewares/ST/STM32_USB_Device_Library/Core/Src/usbd_ioreq.o
 .debug_ranges  0x0000000000000a20       0x10 ./USB_DEVICE/App/usb_device.o
 .debug_ranges  0x0000000000000a30       0x30 ./USB_DEVICE/App/usbd_cdc_if.o
 .debug_ranges  0x0000000000000a60       0x50 ./USB_DEVICE/App/usbd_desc.o
 .debug_ranges  0x0000000000000ab0      0x108 ./USB_DEVICE/Target/usbd_conf.o
 .debug_ranges  0x0000000000000bb8       0x20 ./User/Src/kernel.o
 .debug_ranges  0x0000000000000bd8       0x78 ./User/Src/usb_snd.o

.debug_macro    0x0000000000000000    0x17879
 .debug_macro   0x0000000000000000      0x1ec ./Core/Src/adc.o
 .debug_macro   0x00000000000001ec      0xa6c ./Core/Src/adc.o
 .debug_macro   0x0000000000000c58      0x115 ./Core/Src/adc.o
 .debug_macro   0x0000000000000d6d       0x2e ./Core/Src/adc.o
 .debug_macro   0x0000000000000d9b       0x22 ./Core/Src/adc.o
 .debug_macro   0x0000000000000dbd       0x22 ./Core/Src/adc.o
 .debug_macro   0x0000000000000ddf       0x8e ./Core/Src/adc.o
 .debug_macro   0x0000000000000e6d       0x51 ./Core/Src/adc.o
 .debug_macro   0x0000000000000ebe      0x103 ./Core/Src/adc.o
 .debug_macro   0x0000000000000fc1       0x6a ./Core/Src/adc.o
 .debug_macro   0x000000000000102b      0x1df ./Core/Src/adc.o
 .debug_macro   0x000000000000120a       0x1c ./Core/Src/adc.o
 .debug_macro   0x0000000000001226       0x22 ./Core/Src/adc.o
 .debug_macro   0x0000000000001248       0xbd ./Core/Src/adc.o
 .debug_macro   0x0000000000001305      0xe49 ./Core/Src/adc.o
 .debug_macro   0x000000000000214e      0x11f ./Core/Src/adc.o
 .debug_macro   0x000000000000226d     0x98e5 ./Core/Src/adc.o
 .debug_macro   0x000000000000bb52       0x6d ./Core/Src/adc.o
 .debug_macro   0x000000000000bbbf     0x34ca ./Core/Src/adc.o
 .debug_macro   0x000000000000f089      0x174 ./Core/Src/adc.o
 .debug_macro   0x000000000000f1fd       0x5b ./Core/Src/adc.o
 .debug_macro   0x000000000000f258      0xe38 ./Core/Src/adc.o
 .debug_macro   0x0000000000010090       0x5c ./Core/Src/adc.o
 .debug_macro   0x00000000000100ec      0x1b9 ./Core/Src/adc.o
 .debug_macro   0x00000000000102a5       0xa7 ./Core/Src/adc.o
 .debug_macro   0x000000000001034c      0x21e ./Core/Src/adc.o
 .debug_macro   0x000000000001056a      0x236 ./Core/Src/adc.o
 .debug_macro   0x00000000000107a0      0x631 ./Core/Src/adc.o
 .debug_macro   0x0000000000010dd1      0x15e ./Core/Src/adc.o
 .debug_macro   0x0000000000010f2f      0x108 ./Core/Src/adc.o
 .debug_macro   0x0000000000011037      0x281 ./Core/Src/adc.o
 .debug_macro   0x00000000000112b8      0x1e9 ./Core/Src/adc.o
 .debug_macro   0x00000000000114a1       0x22 ./Core/Src/adc.o
 .debug_macro   0x00000000000114c3      0x217 ./Core/Src/adc.o
 .debug_macro   0x00000000000116da       0x65 ./Core/Src/adc.o
 .debug_macro   0x000000000001173f      0x249 ./Core/Src/adc.o
 .debug_macro   0x0000000000011988      0x15c ./Core/Src/adc.o
 .debug_macro   0x0000000000011ae4      0x3ce ./Core/Src/adc.o
 .debug_macro   0x0000000000011eb2       0x28 ./Core/Src/adc.o
 .debug_macro   0x0000000000011eda      0x1ec ./Core/Src/gpio.o
 .debug_macro   0x00000000000120c6      0x469 ./Core/Src/main.o
 .debug_macro   0x000000000001252f       0x52 ./Core/Src/main.o
 .debug_macro   0x0000000000012581       0x18 ./Core/Src/main.o
 .debug_macro   0x0000000000012599       0x3c ./Core/Src/main.o
 .debug_macro   0x00000000000125d5       0x34 ./Core/Src/main.o
 .debug_macro   0x0000000000012609       0x16 ./Core/Src/main.o
 .debug_macro   0x000000000001261f       0x35 ./Core/Src/main.o
 .debug_macro   0x0000000000012654      0x341 ./Core/Src/main.o
 .debug_macro   0x0000000000012995       0x10 ./Core/Src/main.o
 .debug_macro   0x00000000000129a5       0x16 ./Core/Src/main.o
 .debug_macro   0x00000000000129bb       0x43 ./Core/Src/main.o
 .debug_macro   0x00000000000129fe       0x34 ./Core/Src/main.o
 .debug_macro   0x0000000000012a32       0x10 ./Core/Src/main.o
 .debug_macro   0x0000000000012a42       0x58 ./Core/Src/main.o
 .debug_macro   0x0000000000012a9a       0x71 ./Core/Src/main.o
 .debug_macro   0x0000000000012b0b       0x1c ./Core/Src/main.o
 .debug_macro   0x0000000000012b27      0x12a ./Core/Src/main.o
 .debug_macro   0x0000000000012c51       0x10 ./Core/Src/main.o
 .debug_macro   0x0000000000012c61       0x1c ./Core/Src/main.o
 .debug_macro   0x0000000000012c7d       0x52 ./Core/Src/main.o
 .debug_macro   0x0000000000012ccf       0x22 ./Core/Src/main.o
 .debug_macro   0x0000000000012cf1       0x10 ./Core/Src/main.o
 .debug_macro   0x0000000000012d01       0x52 ./Core/Src/main.o
 .debug_macro   0x0000000000012d53       0xd5 ./Core/Src/main.o
 .debug_macro   0x0000000000012e28       0x1c ./Core/Src/main.o
 .debug_macro   0x0000000000012e44       0x3d ./Core/Src/main.o
 .debug_macro   0x0000000000012e81       0x16 ./Core/Src/main.o
 .debug_macro   0x0000000000012e97      0x145 ./Core/Src/main.o
 .debug_macro   0x0000000000012fdc       0x16 ./Core/Src/main.o
 .debug_macro   0x0000000000012ff2       0x16 ./Core/Src/main.o
 .debug_macro   0x0000000000013008       0x29 ./Core/Src/main.o
 .debug_macro   0x0000000000013031       0x16 ./Core/Src/main.o
 .debug_macro   0x0000000000013047       0x20 ./Core/Src/main.o
 .debug_macro   0x0000000000013067       0x59 ./Core/Src/main.o
 .debug_macro   0x00000000000130c0      0x1d6 ./Core/Src/main.o
 .debug_macro   0x0000000000013296       0x8f ./Core/Src/main.o
 .debug_macro   0x0000000000013325       0x10 ./Core/Src/main.o
 .debug_macro   0x0000000000013335       0x16 ./Core/Src/main.o
 .debug_macro   0x000000000001334b       0x22 ./Core/Src/main.o
 .debug_macro   0x000000000001336d      0x1ec ./Core/Src/spi.o
 .debug_macro   0x0000000000013559      0x1e2 ./Core/Src/stm32l1xx_hal_msp.o
 .debug_macro   0x000000000001373b      0x1ec ./Core/Src/stm32l1xx_it.o
 .debug_macro   0x0000000000013927      0x1d3 ./Core/Src/system_stm32l1xx.o
 .debug_macro   0x0000000000013afa      0x1f7 ./Drivers/STM32L1xx_HAL_Driver/Src/stm32l1xx_hal.o
 .debug_macro   0x0000000000013cf1      0x1f0 ./Drivers/STM32L1xx_HAL_Driver/Src/stm32l1xx_hal_adc.o
 .debug_macro   0x0000000000013ee1      0x1d3 ./Drivers/STM32L1xx_HAL_Driver/Src/stm32l1xx_hal_cortex.o
 .debug_macro   0x00000000000140b4      0x1da ./Drivers/STM32L1xx_HAL_Driver/Src/stm32l1xx_hal_gpio.o
 .debug_macro   0x000000000001428e      0x1df ./Drivers/STM32L1xx_HAL_Driver/Src/stm32l1xx_hal_pcd.o
 .debug_macro   0x000000000001446d      0x1d3 ./Drivers/STM32L1xx_HAL_Driver/Src/stm32l1xx_hal_pcd_ex.o
 .debug_macro   0x0000000000014640      0x1e5 ./Drivers/STM32L1xx_HAL_Driver/Src/stm32l1xx_hal_rcc.o
 .debug_macro   0x0000000000014825      0x1e2 ./Drivers/STM32L1xx_HAL_Driver/Src/stm32l1xx_hal_spi.o
 .debug_macro   0x0000000000014a07      0x1d3 ./Drivers/STM32L1xx_HAL_Driver/Src/stm32l1xx_ll_usb.o
 .debug_macro   0x0000000000014bda      0x3f8 ./Middlewares/ST/STM32_USB_Device_Library/Class/CDC/Src/usbd_cdc.o
 .debug_macro   0x0000000000014fd2       0x97 ./Middlewares/ST/STM32_USB_Device_Library/Class/CDC/Src/usbd_cdc.o
 .debug_macro   0x0000000000015069       0xfd ./Middlewares/ST/STM32_USB_Device_Library/Class/CDC/Src/usbd_cdc.o
 .debug_macro   0x0000000000015166       0x55 ./Middlewares/ST/STM32_USB_Device_Library/Class/CDC/Src/usbd_cdc.o
 .debug_macro   0x00000000000151bb      0x3df ./Middlewares/ST/STM32_USB_Device_Library/Core/Src/usbd_core.o
 .debug_macro   0x000000000001559a      0x1dc ./Middlewares/ST/STM32_USB_Device_Library/Core/Src/usbd_core.o
 .debug_macro   0x0000000000015776      0x3e9 ./Middlewares/ST/STM32_USB_Device_Library/Core/Src/usbd_ctlreq.o
 .debug_macro   0x0000000000015b5f      0x3e5 ./Middlewares/ST/STM32_USB_Device_Library/Core/Src/usbd_ioreq.o
 .debug_macro   0x0000000000015f44      0x418 ./USB_DEVICE/App/usb_device.o
 .debug_macro   0x000000000001635c       0x2e ./USB_DEVICE/App/usb_device.o
 .debug_macro   0x000000000001638a       0x22 ./USB_DEVICE/App/usb_device.o
 .debug_macro   0x00000000000163ac       0x16 ./USB_DEVICE/App/usb_device.o
 .debug_macro   0x00000000000163c2      0x403 ./USB_DEVICE/App/usbd_cdc_if.o
 .debug_macro   0x00000000000167c5      0x41c ./USB_DEVICE/App/usbd_desc.o
 .debug_macro   0x0000000000016be1       0x1c ./USB_DEVICE/App/usbd_desc.o
 .debug_macro   0x0000000000016bfd      0x3fc ./USB_DEVICE/Target/usbd_conf.o
 .debug_macro   0x0000000000016ff9      0x45f ./User/Src/kernel.o
 .debug_macro   0x0000000000017458      0x421 ./User/Src/usb_snd.o

.debug_line     0x0000000000000000    0x138d8
 .debug_line    0x0000000000000000      0x75b ./Core/Src/adc.o
 .debug_line    0x000000000000075b      0x70a ./Core/Src/gpio.o
 .debug_line    0x0000000000000e65      0xaf4 ./Core/Src/main.o
 .debug_line    0x0000000000001959      0x752 ./Core/Src/spi.o
 .debug_line    0x00000000000020ab      0x6e4 ./Core/Src/stm32l1xx_hal_msp.o
 .debug_line    0x000000000000278f      0x7be ./Core/Src/stm32l1xx_it.o
 .debug_line    0x0000000000002f4d      0x784 ./Core/Src/system_stm32l1xx.o
 .debug_line    0x00000000000036d1       0x87 ./Core/Startup/startup_stm32l151cbtx.o
 .debug_line    0x0000000000003758      0x9a7 ./Drivers/STM32L1xx_HAL_Driver/Src/stm32l1xx_hal.o
 .debug_line    0x00000000000040ff      0xf90 ./Drivers/STM32L1xx_HAL_Driver/Src/stm32l1xx_hal_adc.o
 .debug_line    0x000000000000508f      0xc74 ./Drivers/STM32L1xx_HAL_Driver/Src/stm32l1xx_hal_cortex.o
 .debug_line    0x0000000000005d03      0x9f9 ./Drivers/STM32L1xx_HAL_Driver/Src/stm32l1xx_hal_gpio.o
 .debug_line    0x00000000000066fc     0x1295 ./Drivers/STM32L1xx_HAL_Driver/Src/stm32l1xx_hal_pcd.o
 .debug_line    0x0000000000007991      0x75d ./Drivers/STM32L1xx_HAL_Driver/Src/stm32l1xx_hal_pcd_ex.o
 .debug_line    0x00000000000080ee      0xeaf ./Drivers/STM32L1xx_HAL_Driver/Src/stm32l1xx_hal_rcc.o
 .debug_line    0x0000000000008f9d     0x1c39 ./Drivers/STM32L1xx_HAL_Driver/Src/stm32l1xx_hal_spi.o
 .debug_line    0x000000000000abd6     0x1003 ./Drivers/STM32L1xx_HAL_Driver/Src/stm32l1xx_ll_usb.o
 .debug_line    0x000000000000bbd9      0xd6b ./Middlewares/ST/STM32_USB_Device_Library/Class/CDC/Src/usbd_cdc.o
 .debug_line    0x000000000000c944      0xde5 ./Middlewares/ST/STM32_USB_Device_Library/Core/Src/usbd_core.o
 .debug_line    0x000000000000d729      0xf84 ./Middlewares/ST/STM32_USB_Device_Library/Core/Src/usbd_ctlreq.o
 .debug_line    0x000000000000e6ad      0xa83 ./Middlewares/ST/STM32_USB_Device_Library/Core/Src/usbd_ioreq.o
 .debug_line    0x000000000000f130      0xa43 ./USB_DEVICE/App/usb_device.o
 .debug_line    0x000000000000fb73      0xa8b ./USB_DEVICE/App/usbd_cdc_if.o
 .debug_line    0x00000000000105fe      0xb0c ./USB_DEVICE/App/usbd_desc.o
 .debug_line    0x000000000001110a      0xe33 ./USB_DEVICE/Target/usbd_conf.o
 .debug_line    0x0000000000011f3d      0xb6f ./User/Src/kernel.o
 .debug_line    0x0000000000012aac      0xe2c ./User/Src/usb_snd.o

.debug_str      0x0000000000000000    0x7f74c
 .debug_str     0x0000000000000000    0x7748d ./Core/Src/adc.o
                                      0x77790 (size before relaxing)
 .debug_str     0x000000000007748d       0xe3 ./Core/Src/gpio.o
                                      0x773d5 (size before relaxing)
 .debug_str     0x0000000000077570     0x4d7b ./Core/Src/main.o
                                      0x7c0c0 (size before relaxing)
 .debug_str     0x000000000007c2eb      0x212 ./Core/Src/spi.o
                                      0x777de (size before relaxing)
 .debug_str     0x000000000007c4fd       0x2c ./Core/Src/stm32l1xx_hal_msp.o
                                      0x7730a (size before relaxing)
 .debug_str     0x000000000007c529      0x3e9 ./Core/Src/stm32l1xx_it.o
                                      0x776dd (size before relaxing)
 .debug_str     0x000000000007c912       0x99 ./Core/Src/system_stm32l1xx.o
                                      0x772ed (size before relaxing)
 .debug_str     0x000000000007c9ab       0x36 ./Core/Startup/startup_stm32l151cbtx.o
                                         0x76 (size before relaxing)
 .debug_str     0x000000000007c9e1      0x5e3 ./Drivers/STM32L1xx_HAL_Driver/Src/stm32l1xx_hal.o
                                      0x77972 (size before relaxing)
 .debug_str     0x000000000007cfc4      0x355 ./Drivers/STM32L1xx_HAL_Driver/Src/stm32l1xx_hal_adc.o
                                      0x77a78 (size before relaxing)
 .debug_str     0x000000000007d319      0x3a1 ./Drivers/STM32L1xx_HAL_Driver/Src/stm32l1xx_hal_cortex.o
                                      0x77a4c (size before relaxing)
 .debug_str     0x000000000007d6ba      0x11b ./Drivers/STM32L1xx_HAL_Driver/Src/stm32l1xx_hal_gpio.o
                                      0x77480 (size before relaxing)
 .debug_str     0x000000000007d7d5      0x4f9 ./Drivers/STM32L1xx_HAL_Driver/Src/stm32l1xx_hal_pcd.o
                                      0x77b10 (size before relaxing)
 .debug_str     0x000000000007dcce      0x170 ./Drivers/STM32L1xx_HAL_Driver/Src/stm32l1xx_hal_pcd_ex.o
                                      0x77726 (size before relaxing)
 .debug_str     0x000000000007de3e      0x26f ./Drivers/STM32L1xx_HAL_Driver/Src/stm32l1xx_hal_rcc.o
                                      0x7778e (size before relaxing)
 .debug_str     0x000000000007e0ad      0x572 ./Drivers/STM32L1xx_HAL_Driver/Src/stm32l1xx_hal_spi.o
                                      0x77bfc (size before relaxing)
 .debug_str     0x000000000007e61f       0xd8 ./Drivers/STM32L1xx_HAL_Driver/Src/stm32l1xx_ll_usb.o
                                      0x77691 (size before relaxing)
 .debug_str     0x000000000007e6f7      0x63d ./Middlewares/ST/STM32_USB_Device_Library/Class/CDC/Src/usbd_cdc.o
                                      0x7c83b (size before relaxing)
 .debug_str     0x000000000007ed34      0x288 ./Middlewares/ST/STM32_USB_Device_Library/Core/Src/usbd_core.o
                                      0x7c176 (size before relaxing)
 .debug_str     0x000000000007efbc      0x120 ./Middlewares/ST/STM32_USB_Device_Library/Core/Src/usbd_ctlreq.o
                                      0x7c090 (size before relaxing)
 .debug_str     0x000000000007f0dc       0x51 ./Middlewares/ST/STM32_USB_Device_Library/Core/Src/usbd_ioreq.o
                                      0x7bfbd (size before relaxing)
 .debug_str     0x000000000007f12d       0xc6 ./USB_DEVICE/App/usb_device.o
                                      0x7c348 (size before relaxing)
 .debug_str     0x000000000007f1f3       0x86 ./USB_DEVICE/App/usbd_cdc_if.o
                                      0x7c36e (size before relaxing)
 .debug_str     0x000000000007f279      0x258 ./USB_DEVICE/App/usbd_desc.o
                                      0x7bef9 (size before relaxing)
 .debug_str     0x000000000007f4d1       0x6d ./USB_DEVICE/Target/usbd_conf.o
                                      0x7cdf3 (size before relaxing)
 .debug_str     0x000000000007f53e      0x105 ./User/Src/kernel.o
                                      0x7c467 (size before relaxing)
 .debug_str     0x000000000007f643      0x109 ./User/Src/usb_snd.o
                                      0x7bfef (size before relaxing)

.comment        0x0000000000000000       0x50
 .comment       0x0000000000000000       0x50 ./Core/Src/adc.o
                                         0x51 (size before relaxing)
 .comment       0x0000000000000050       0x51 ./Core/Src/gpio.o
 .comment       0x0000000000000050       0x51 ./Core/Src/main.o
 .comment       0x0000000000000050       0x51 ./Core/Src/spi.o
 .comment       0x0000000000000050       0x51 ./Core/Src/stm32l1xx_hal_msp.o
 .comment       0x0000000000000050       0x51 ./Core/Src/stm32l1xx_it.o
 .comment       0x0000000000000050       0x51 ./Core/Src/system_stm32l1xx.o
 .comment       0x0000000000000050       0x51 ./Drivers/STM32L1xx_HAL_Driver/Src/stm32l1xx_hal.o
 .comment       0x0000000000000050       0x51 ./Drivers/STM32L1xx_HAL_Driver/Src/stm32l1xx_hal_adc.o
 .comment       0x0000000000000050       0x51 ./Drivers/STM32L1xx_HAL_Driver/Src/stm32l1xx_hal_cortex.o
 .comment       0x0000000000000050       0x51 ./Drivers/STM32L1xx_HAL_Driver/Src/stm32l1xx_hal_gpio.o
 .comment       0x0000000000000050       0x51 ./Drivers/STM32L1xx_HAL_Driver/Src/stm32l1xx_hal_pcd.o
 .comment       0x0000000000000050       0x51 ./Drivers/STM32L1xx_HAL_Driver/Src/stm32l1xx_hal_pcd_ex.o
 .comment       0x0000000000000050       0x51 ./Drivers/STM32L1xx_HAL_Driver/Src/stm32l1xx_hal_rcc.o
 .comment       0x0000000000000050       0x51 ./Drivers/STM32L1xx_HAL_Driver/Src/stm32l1xx_hal_spi.o
 .comment       0x0000000000000050       0x51 ./Drivers/STM32L1xx_HAL_Driver/Src/stm32l1xx_ll_usb.o
 .comment       0x0000000000000050       0x51 ./Middlewares/ST/STM32_USB_Device_Library/Class/CDC/Src/usbd_cdc.o
 .comment       0x0000000000000050       0x51 ./Middlewares/ST/STM32_USB_Device_Library/Core/Src/usbd_core.o
 .comment       0x0000000000000050       0x51 ./Middlewares/ST/STM32_USB_Device_Library/Core/Src/usbd_ctlreq.o
 .comment       0x0000000000000050       0x51 ./Middlewares/ST/STM32_USB_Device_Library/Core/Src/usbd_ioreq.o
 .comment       0x0000000000000050       0x51 ./USB_DEVICE/App/usb_device.o
 .comment       0x0000000000000050       0x51 ./USB_DEVICE/App/usbd_cdc_if.o
 .comment       0x0000000000000050       0x51 ./USB_DEVICE/App/usbd_desc.o
 .comment       0x0000000000000050       0x51 ./USB_DEVICE/Target/usbd_conf.o
 .comment       0x0000000000000050       0x51 ./User/Src/kernel.o
 .comment       0x0000000000000050       0x51 ./User/Src/usb_snd.o

.debug_frame    0x0000000000000000     0x368c
 .debug_frame   0x0000000000000000       0x84 ./Core/Src/adc.o
 .debug_frame   0x0000000000000084       0x34 ./Core/Src/gpio.o
 .debug_frame   0x00000000000000b8       0x68 ./Core/Src/main.o
 .debug_frame   0x0000000000000120       0x74 ./Core/Src/spi.o
 .debug_frame   0x0000000000000194       0x38 ./Core/Src/stm32l1xx_hal_msp.o
 .debug_frame   0x00000000000001cc      0x120 ./Core/Src/stm32l1xx_it.o
 .debug_frame   0x00000000000002ec       0x58 ./Core/Src/system_stm32l1xx.o
 .debug_frame   0x0000000000000344      0x33c ./Drivers/STM32L1xx_HAL_Driver/Src/stm32l1xx_hal.o
 .debug_frame   0x0000000000000680      0x40c ./Drivers/STM32L1xx_HAL_Driver/Src/stm32l1xx_hal_adc.o
 .debug_frame   0x0000000000000a8c      0x498 ./Drivers/STM32L1xx_HAL_Driver/Src/stm32l1xx_hal_cortex.o
 .debug_frame   0x0000000000000f24      0x14c ./Drivers/STM32L1xx_HAL_Driver/Src/stm32l1xx_hal_gpio.o
 .debug_frame   0x0000000000001070      0x578 ./Drivers/STM32L1xx_HAL_Driver/Src/stm32l1xx_hal_pcd.o
 .debug_frame   0x00000000000015e8       0xb0 ./Drivers/STM32L1xx_HAL_Driver/Src/stm32l1xx_hal_pcd_ex.o
 .debug_frame   0x0000000000001698      0x224 ./Drivers/STM32L1xx_HAL_Driver/Src/stm32l1xx_hal_rcc.o
 .debug_frame   0x00000000000018bc      0x824 ./Drivers/STM32L1xx_HAL_Driver/Src/stm32l1xx_hal_spi.o
 .debug_frame   0x00000000000020e0      0x310 ./Drivers/STM32L1xx_HAL_Driver/Src/stm32l1xx_ll_usb.o
 .debug_frame   0x00000000000023f0      0x248 ./Middlewares/ST/STM32_USB_Device_Library/Class/CDC/Src/usbd_cdc.o
 .debug_frame   0x0000000000002638      0x300 ./Middlewares/ST/STM32_USB_Device_Library/Core/Src/usbd_core.o
 .debug_frame   0x0000000000002938      0x214 ./Middlewares/ST/STM32_USB_Device_Library/Core/Src/usbd_ctlreq.o
 .debug_frame   0x0000000000002b4c      0x10c ./Middlewares/ST/STM32_USB_Device_Library/Core/Src/usbd_ioreq.o
 .debug_frame   0x0000000000002c58       0x2c ./USB_DEVICE/App/usb_device.o
 .debug_frame   0x0000000000002c84       0xbc ./USB_DEVICE/App/usbd_cdc_if.o
 .debug_frame   0x0000000000002d40      0x160 ./USB_DEVICE/App/usbd_desc.o
 .debug_frame   0x0000000000002ea0      0x4a4 ./USB_DEVICE/Target/usbd_conf.o
 .debug_frame   0x0000000000003344       0x70 ./User/Src/kernel.o
 .debug_frame   0x00000000000033b4      0x22c ./User/Src/usb_snd.o
 .debug_frame   0x00000000000035e0       0x2c c:/st/stm32cubeide_1.9.0/stm32cubeide/plugins/com.st.stm32cube.ide.mcu.externaltools.gnu-tools-for-stm32.10.3-2021.10.win32_1.0.0.202111181127/tools/bin/../lib/gcc/arm-none-eabi/10.3.1/../../../../arm-none-eabi/lib/thumb/v7-m/nofp\libc_nano.a(lib_a-init.o)
 .debug_frame   0x000000000000360c       0x20 c:/st/stm32cubeide_1.9.0/stm32cubeide/plugins/com.st.stm32cube.ide.mcu.externaltools.gnu-tools-for-stm32.10.3-2021.10.win32_1.0.0.202111181127/tools/bin/../lib/gcc/arm-none-eabi/10.3.1/../../../../arm-none-eabi/lib/thumb/v7-m/nofp\libc_nano.a(lib_a-memset.o)
 .debug_frame   0x000000000000362c       0x2c c:/st/stm32cubeide_1.9.0/stm32cubeide/plugins/com.st.stm32cube.ide.mcu.externaltools.gnu-tools-for-stm32.10.3-2021.10.win32_1.0.0.202111181127/tools/bin/../lib/gcc/arm-none-eabi/10.3.1/thumb/v7-m/nofp\libgcc.a(_aeabi_uldivmod.o)
 .debug_frame   0x0000000000003658       0x34 c:/st/stm32cubeide_1.9.0/stm32cubeide/plugins/com.st.stm32cube.ide.mcu.externaltools.gnu-tools-for-stm32.10.3-2021.10.win32_1.0.0.202111181127/tools/bin/../lib/gcc/arm-none-eabi/10.3.1/thumb/v7-m/nofp\libgcc.a(_udivmoddi4.o)
